prisma/seeds/lms-devops-course.ts(70,4): error TS1127: Invalid character.
prisma/seeds/lms-devops-course.ts(70,5): error TS1127: Invalid character.
prisma/seeds/lms-devops-course.ts(70,6): error TS1136: Property assignment expected.
prisma/seeds/lms-devops-course.ts(71,1): error TS1005: ',' expected.
prisma/seeds/lms-devops-course.ts(71,6): error TS1127: Invalid character.
prisma/seeds/lms-devops-course.ts(71,13): error TS1127: Invalid character.
prisma/seeds/lms-devops-course.ts(71,21): error TS1127: Invalid character.
prisma/seeds/lms-devops-course.ts(71,28): error TS1127: Invalid character.
prisma/seeds/lms-devops-course.ts(71,38): error TS1127: Invalid character.
prisma/seeds/lms-devops-course.ts(71,47): error TS1127: Invalid character.
prisma/seeds/lms-devops-course.ts(71,57): error TS1127: Invalid character.
prisma/seeds/lms-devops-course.ts(71,67): error TS1127: Invalid character.
prisma/seeds/lms-devops-course.ts(72,1): error TS1127: Invalid character.
prisma/seeds/lms-devops-course.ts(72,2): error TS1127: Invalid character.
prisma/seeds/lms-devops-course.ts(72,7): error TS1127: Invalid character.
prisma/seeds/lms-devops-course.ts(72,8): error TS1127: Invalid character.
prisma/seeds/lms-devops-course.ts(165,20): error TS1005: ';' expected.
prisma/seeds/lms-devops-course.ts(187,9): error TS1109: Expression expected.
prisma/seeds/lms-devops-course.ts(187,10): error TS1128: Declaration or statement expected.
prisma/seeds/lms-devops-course.ts(190,16): error TS1005: ';' expected.
prisma/seeds/lms-devops-course.ts(191,16): error TS1005: ';' expected.
prisma/seeds/lms-devops-course.ts(192,19): error TS1005: ';' expected.
prisma/seeds/lms-devops-course.ts(193,18): error TS1005: ';' expected.
prisma/seeds/lms-devops-course.ts(336,4): error TS1127: Invalid character.
prisma/seeds/lms-devops-course.ts(336,5): error TS1127: Invalid character.
prisma/seeds/lms-devops-course.ts(337,8): error TS1127: Invalid character.
prisma/seeds/lms-devops-course.ts(337,10): error TS1434: Unexpected keyword or identifier.
prisma/seeds/lms-devops-course.ts(337,25): error TS1127: Invalid character.
prisma/seeds/lms-devops-course.ts(337,34): error TS1127: Invalid character.
prisma/seeds/lms-devops-course.ts(337,53): error TS1127: Invalid character.
prisma/seeds/lms-devops-course.ts(338,1): error TS1127: Invalid character.
prisma/seeds/lms-devops-course.ts(338,2): error TS1127: Invalid character.
prisma/seeds/lms-devops-course.ts(338,7): error TS1127: Invalid character.
prisma/seeds/lms-devops-course.ts(338,8): error TS1127: Invalid character.
prisma/seeds/lms-devops-course.ts(341,4): error TS1127: Invalid character.
prisma/seeds/lms-devops-course.ts(341,5): error TS1127: Invalid character.
prisma/seeds/lms-devops-course.ts(342,8): error TS1127: Invalid character.
prisma/seeds/lms-devops-course.ts(342,18): error TS1127: Invalid character.
prisma/seeds/lms-devops-course.ts(342,28): error TS1127: Invalid character.
prisma/seeds/lms-devops-course.ts(342,40): error TS1127: Invalid character.
prisma/seeds/lms-devops-course.ts(342,53): error TS1127: Invalid character.
prisma/seeds/lms-devops-course.ts(342,59): error TS1127: Invalid character.
prisma/seeds/lms-devops-course.ts(343,1): error TS1127: Invalid character.
prisma/seeds/lms-devops-course.ts(343,2): error TS1127: Invalid character.
prisma/seeds/lms-devops-course.ts(343,7): error TS1127: Invalid character.
prisma/seeds/lms-devops-course.ts(343,8): error TS1127: Invalid character.
prisma/seeds/lms-devops-course.ts(346,4): error TS1127: Invalid character.
prisma/seeds/lms-devops-course.ts(346,5): error TS1127: Invalid character.
prisma/seeds/lms-devops-course.ts(347,12): error TS1127: Invalid character.
prisma/seeds/lms-devops-course.ts(347,24): error TS1127: Invalid character.
prisma/seeds/lms-devops-course.ts(347,37): error TS1127: Invalid character.
prisma/seeds/lms-devops-course.ts(347,54): error TS1127: Invalid character.
prisma/seeds/lms-devops-course.ts(347,64): error TS1127: Invalid character.
prisma/seeds/lms-devops-course.ts(348,1): error TS1127: Invalid character.
prisma/seeds/lms-devops-course.ts(348,2): error TS1127: Invalid character.
prisma/seeds/lms-devops-course.ts(348,7): error TS1127: Invalid character.
prisma/seeds/lms-devops-course.ts(348,8): error TS1127: Invalid character.
prisma/seeds/lms-devops-course.ts(368,20): error TS1005: ';' expected.
prisma/seeds/lms-devops-course.ts(385,9): error TS1109: Expression expected.
prisma/seeds/lms-devops-course.ts(385,10): error TS1128: Declaration or statement expected.
prisma/seeds/lms-devops-course.ts(386,7): error TS1128: Declaration or statement expected.
prisma/seeds/lms-devops-course.ts(386,8): error TS1128: Declaration or statement expected.
prisma/seeds/lms-devops-course.ts(387,5): error TS1128: Declaration or statement expected.
prisma/seeds/lms-devops-course.ts(387,6): error TS1128: Declaration or statement expected.
prisma/seeds/lms-devops-course.ts(390,12): error TS1005: ';' expected.
prisma/seeds/lms-devops-course.ts(391,18): error TS1005: ';' expected.
prisma/seeds/lms-devops-course.ts(392,12): error TS1005: ';' expected.
prisma/seeds/lms-devops-course.ts(393,15): error TS1005: ';' expected.
prisma/seeds/lms-devops-course.ts(394,13): error TS1005: ';' expected.
prisma/seeds/lms-devops-course.ts(416,4): error TS1127: Invalid character.
prisma/seeds/lms-devops-course.ts(416,5): error TS1127: Invalid character.
prisma/seeds/lms-devops-course.ts(416,6): error TS1136: Property assignment expected.
prisma/seeds/lms-devops-course.ts(417,1): error TS1127: Invalid character.
prisma/seeds/lms-devops-course.ts(417,2): error TS1127: Invalid character.
prisma/seeds/lms-devops-course.ts(417,3): error TS1127: Invalid character.
prisma/seeds/lms-devops-course.ts(417,4): error TS1127: Invalid character.
prisma/seeds/lms-devops-course.ts(417,5): error TS1127: Invalid character.
prisma/seeds/lms-devops-course.ts(417,6): error TS1127: Invalid character.
prisma/seeds/lms-devops-course.ts(417,7): error TS1127: Invalid character.
prisma/seeds/lms-devops-course.ts(417,8): error TS1127: Invalid character.
prisma/seeds/lms-devops-course.ts(417,9): error TS1127: Invalid character.
prisma/seeds/lms-devops-course.ts(417,10): error TS1127: Invalid character.
prisma/seeds/lms-devops-course.ts(417,11): error TS1127: Invalid character.
prisma/seeds/lms-devops-course.ts(417,12): error TS1127: Invalid character.
prisma/seeds/lms-devops-course.ts(417,13): error TS1127: Invalid character.
prisma/seeds/lms-devops-course.ts(417,14): error TS1127: Invalid character.
prisma/seeds/lms-devops-course.ts(417,15): error TS1127: Invalid character.
prisma/seeds/lms-devops-course.ts(417,16): error TS1127: Invalid character.
prisma/seeds/lms-devops-course.ts(417,17): error TS1127: Invalid character.
prisma/seeds/lms-devops-course.ts(417,18): error TS1127: Invalid character.
prisma/seeds/lms-devops-course.ts(417,19): error TS1127: Invalid character.
prisma/seeds/lms-devops-course.ts(417,20): error TS1127: Invalid character.
prisma/seeds/lms-devops-course.ts(417,21): error TS1127: Invalid character.
prisma/seeds/lms-devops-course.ts(417,22): error TS1127: Invalid character.
prisma/seeds/lms-devops-course.ts(417,23): error TS1127: Invalid character.
prisma/seeds/lms-devops-course.ts(417,24): error TS1127: Invalid character.
prisma/seeds/lms-devops-course.ts(417,25): error TS1127: Invalid character.
prisma/seeds/lms-devops-course.ts(417,26): error TS1127: Invalid character.
prisma/seeds/lms-devops-course.ts(417,27): error TS1127: Invalid character.
prisma/seeds/lms-devops-course.ts(417,28): error TS1127: Invalid character.
prisma/seeds/lms-devops-course.ts(417,29): error TS1127: Invalid character.
prisma/seeds/lms-devops-course.ts(417,30): error TS1127: Invalid character.
prisma/seeds/lms-devops-course.ts(417,31): error TS1127: Invalid character.
prisma/seeds/lms-devops-course.ts(417,32): error TS1127: Invalid character.
prisma/seeds/lms-devops-course.ts(417,33): error TS1127: Invalid character.
prisma/seeds/lms-devops-course.ts(417,34): error TS1127: Invalid character.
prisma/seeds/lms-devops-course.ts(417,35): error TS1127: Invalid character.
prisma/seeds/lms-devops-course.ts(418,1): error TS1127: Invalid character.
prisma/seeds/lms-devops-course.ts(418,35): error TS1127: Invalid character.
prisma/seeds/lms-devops-course.ts(419,1): error TS1127: Invalid character.
prisma/seeds/lms-devops-course.ts(419,2): error TS1127: Invalid character.
prisma/seeds/lms-devops-course.ts(419,3): error TS1127: Invalid character.
prisma/seeds/lms-devops-course.ts(419,4): error TS1127: Invalid character.
prisma/seeds/lms-devops-course.ts(419,5): error TS1127: Invalid character.
prisma/seeds/lms-devops-course.ts(419,6): error TS1127: Invalid character.
prisma/seeds/lms-devops-course.ts(419,7): error TS1127: Invalid character.
prisma/seeds/lms-devops-course.ts(419,8): error TS1127: Invalid character.
prisma/seeds/lms-devops-course.ts(419,9): error TS1127: Invalid character.
prisma/seeds/lms-devops-course.ts(419,10): error TS1127: Invalid character.
prisma/seeds/lms-devops-course.ts(419,11): error TS1127: Invalid character.
prisma/seeds/lms-devops-course.ts(419,12): error TS1127: Invalid character.
prisma/seeds/lms-devops-course.ts(419,13): error TS1127: Invalid character.
prisma/seeds/lms-devops-course.ts(419,14): error TS1127: Invalid character.
prisma/seeds/lms-devops-course.ts(419,15): error TS1127: Invalid character.
prisma/seeds/lms-devops-course.ts(419,16): error TS1127: Invalid character.
prisma/seeds/lms-devops-course.ts(419,17): error TS1127: Invalid character.
prisma/seeds/lms-devops-course.ts(419,18): error TS1127: Invalid character.
prisma/seeds/lms-devops-course.ts(419,19): error TS1127: Invalid character.
prisma/seeds/lms-devops-course.ts(419,20): error TS1127: Invalid character.
prisma/seeds/lms-devops-course.ts(419,21): error TS1127: Invalid character.
prisma/seeds/lms-devops-course.ts(419,22): error TS1127: Invalid character.
prisma/seeds/lms-devops-course.ts(419,23): error TS1127: Invalid character.
prisma/seeds/lms-devops-course.ts(419,24): error TS1127: Invalid character.
prisma/seeds/lms-devops-course.ts(419,25): error TS1127: Invalid character.
prisma/seeds/lms-devops-course.ts(419,26): error TS1127: Invalid character.
prisma/seeds/lms-devops-course.ts(419,27): error TS1127: Invalid character.
prisma/seeds/lms-devops-course.ts(419,28): error TS1127: Invalid character.
prisma/seeds/lms-devops-course.ts(419,29): error TS1127: Invalid character.
prisma/seeds/lms-devops-course.ts(419,30): error TS1127: Invalid character.
prisma/seeds/lms-devops-course.ts(419,31): error TS1127: Invalid character.
prisma/seeds/lms-devops-course.ts(419,32): error TS1127: Invalid character.
prisma/seeds/lms-devops-course.ts(419,33): error TS1127: Invalid character.
prisma/seeds/lms-devops-course.ts(419,34): error TS1127: Invalid character.
prisma/seeds/lms-devops-course.ts(419,35): error TS1127: Invalid character.
prisma/seeds/lms-devops-course.ts(420,1): error TS1127: Invalid character.
prisma/seeds/lms-devops-course.ts(420,17): error TS1005: ',' expected.
prisma/seeds/lms-devops-course.ts(420,35): error TS1127: Invalid character.
prisma/seeds/lms-devops-course.ts(421,1): error TS1127: Invalid character.
prisma/seeds/lms-devops-course.ts(421,23): error TS1003: Identifier expected.
prisma/seeds/lms-devops-course.ts(421,34): error TS1127: Invalid character.
prisma/seeds/lms-devops-course.ts(422,1): error TS1127: Invalid character.
prisma/seeds/lms-devops-course.ts(422,2): error TS1127: Invalid character.
prisma/seeds/lms-devops-course.ts(422,3): error TS1127: Invalid character.
prisma/seeds/lms-devops-course.ts(422,4): error TS1127: Invalid character.
prisma/seeds/lms-devops-course.ts(422,5): error TS1127: Invalid character.
prisma/seeds/lms-devops-course.ts(422,6): error TS1127: Invalid character.
prisma/seeds/lms-devops-course.ts(422,7): error TS1127: Invalid character.
prisma/seeds/lms-devops-course.ts(422,8): error TS1127: Invalid character.
prisma/seeds/lms-devops-course.ts(422,9): error TS1127: Invalid character.
prisma/seeds/lms-devops-course.ts(422,10): error TS1127: Invalid character.
prisma/seeds/lms-devops-course.ts(422,11): error TS1127: Invalid character.
prisma/seeds/lms-devops-course.ts(422,12): error TS1127: Invalid character.
prisma/seeds/lms-devops-course.ts(422,13): error TS1127: Invalid character.
prisma/seeds/lms-devops-course.ts(422,14): error TS1127: Invalid character.
prisma/seeds/lms-devops-course.ts(422,15): error TS1127: Invalid character.
prisma/seeds/lms-devops-course.ts(422,16): error TS1127: Invalid character.
prisma/seeds/lms-devops-course.ts(422,17): error TS1127: Invalid character.
prisma/seeds/lms-devops-course.ts(422,18): error TS1127: Invalid character.
prisma/seeds/lms-devops-course.ts(422,19): error TS1127: Invalid character.
prisma/seeds/lms-devops-course.ts(422,20): error TS1127: Invalid character.
prisma/seeds/lms-devops-course.ts(422,21): error TS1127: Invalid character.
prisma/seeds/lms-devops-course.ts(422,22): error TS1127: Invalid character.
prisma/seeds/lms-devops-course.ts(422,23): error TS1127: Invalid character.
prisma/seeds/lms-devops-course.ts(422,24): error TS1127: Invalid character.
prisma/seeds/lms-devops-course.ts(422,25): error TS1127: Invalid character.
prisma/seeds/lms-devops-course.ts(422,26): error TS1127: Invalid character.
prisma/seeds/lms-devops-course.ts(422,27): error TS1127: Invalid character.
prisma/seeds/lms-devops-course.ts(422,28): error TS1127: Invalid character.
prisma/seeds/lms-devops-course.ts(422,29): error TS1127: Invalid character.
prisma/seeds/lms-devops-course.ts(422,30): error TS1127: Invalid character.
prisma/seeds/lms-devops-course.ts(422,31): error TS1127: Invalid character.
prisma/seeds/lms-devops-course.ts(422,32): error TS1127: Invalid character.
prisma/seeds/lms-devops-course.ts(422,33): error TS1127: Invalid character.
prisma/seeds/lms-devops-course.ts(422,34): error TS1127: Invalid character.
prisma/seeds/lms-devops-course.ts(422,35): error TS1127: Invalid character.
prisma/seeds/lms-devops-course.ts(423,1): error TS1127: Invalid character.
prisma/seeds/lms-devops-course.ts(423,18): error TS1005: ',' expected.
prisma/seeds/lms-devops-course.ts(423,35): error TS1127: Invalid character.
prisma/seeds/lms-devops-course.ts(424,1): error TS1127: Invalid character.
prisma/seeds/lms-devops-course.ts(424,2): error TS1127: Invalid character.
prisma/seeds/lms-devops-course.ts(424,3): error TS1127: Invalid character.
prisma/seeds/lms-devops-course.ts(424,4): error TS1127: Invalid character.
prisma/seeds/lms-devops-course.ts(424,5): error TS1127: Invalid character.
prisma/seeds/lms-devops-course.ts(424,6): error TS1127: Invalid character.
prisma/seeds/lms-devops-course.ts(424,7): error TS1127: Invalid character.
prisma/seeds/lms-devops-course.ts(424,8): error TS1127: Invalid character.
prisma/seeds/lms-devops-course.ts(424,9): error TS1127: Invalid character.
prisma/seeds/lms-devops-course.ts(424,10): error TS1127: Invalid character.
prisma/seeds/lms-devops-course.ts(424,11): error TS1127: Invalid character.
prisma/seeds/lms-devops-course.ts(424,12): error TS1127: Invalid character.
prisma/seeds/lms-devops-course.ts(424,13): error TS1127: Invalid character.
prisma/seeds/lms-devops-course.ts(424,14): error TS1127: Invalid character.
prisma/seeds/lms-devops-course.ts(424,15): error TS1127: Invalid character.
prisma/seeds/lms-devops-course.ts(424,16): error TS1127: Invalid character.
prisma/seeds/lms-devops-course.ts(424,17): error TS1127: Invalid character.
prisma/seeds/lms-devops-course.ts(424,18): error TS1127: Invalid character.
prisma/seeds/lms-devops-course.ts(424,19): error TS1127: Invalid character.
prisma/seeds/lms-devops-course.ts(424,20): error TS1127: Invalid character.
prisma/seeds/lms-devops-course.ts(424,21): error TS1127: Invalid character.
prisma/seeds/lms-devops-course.ts(424,22): error TS1127: Invalid character.
prisma/seeds/lms-devops-course.ts(424,23): error TS1127: Invalid character.
prisma/seeds/lms-devops-course.ts(424,24): error TS1127: Invalid character.
prisma/seeds/lms-devops-course.ts(424,25): error TS1127: Invalid character.
prisma/seeds/lms-devops-course.ts(424,26): error TS1127: Invalid character.
prisma/seeds/lms-devops-course.ts(424,27): error TS1127: Invalid character.
prisma/seeds/lms-devops-course.ts(424,28): error TS1127: Invalid character.
prisma/seeds/lms-devops-course.ts(424,29): error TS1127: Invalid character.
prisma/seeds/lms-devops-course.ts(424,30): error TS1127: Invalid character.
prisma/seeds/lms-devops-course.ts(424,31): error TS1127: Invalid character.
prisma/seeds/lms-devops-course.ts(424,32): error TS1127: Invalid character.
prisma/seeds/lms-devops-course.ts(424,33): error TS1127: Invalid character.
prisma/seeds/lms-devops-course.ts(424,34): error TS1127: Invalid character.
prisma/seeds/lms-devops-course.ts(424,35): error TS1127: Invalid character.
prisma/seeds/lms-devops-course.ts(425,1): error TS1127: Invalid character.
prisma/seeds/lms-devops-course.ts(425,14): error TS1005: ',' expected.
prisma/seeds/lms-devops-course.ts(425,35): error TS1127: Invalid character.
prisma/seeds/lms-devops-course.ts(426,1): error TS1127: Invalid character.
prisma/seeds/lms-devops-course.ts(426,14): error TS1005: ',' expected.
prisma/seeds/lms-devops-course.ts(426,35): error TS1127: Invalid character.
prisma/seeds/lms-devops-course.ts(427,1): error TS1127: Invalid character.
prisma/seeds/lms-devops-course.ts(427,13): error TS1005: ',' expected.
prisma/seeds/lms-devops-course.ts(427,35): error TS1127: Invalid character.
prisma/seeds/lms-devops-course.ts(428,1): error TS1127: Invalid character.
prisma/seeds/lms-devops-course.ts(428,11): error TS1005: ',' expected.
prisma/seeds/lms-devops-course.ts(428,35): error TS1127: Invalid character.
prisma/seeds/lms-devops-course.ts(429,1): error TS1127: Invalid character.
prisma/seeds/lms-devops-course.ts(429,13): error TS1005: ',' expected.
prisma/seeds/lms-devops-course.ts(429,35): error TS1127: Invalid character.
prisma/seeds/lms-devops-course.ts(430,1): error TS1127: Invalid character.
prisma/seeds/lms-devops-course.ts(430,14): error TS1005: ',' expected.
prisma/seeds/lms-devops-course.ts(430,35): error TS1127: Invalid character.
prisma/seeds/lms-devops-course.ts(431,1): error TS1127: Invalid character.
prisma/seeds/lms-devops-course.ts(431,2): error TS1127: Invalid character.
prisma/seeds/lms-devops-course.ts(431,3): error TS1127: Invalid character.
prisma/seeds/lms-devops-course.ts(431,4): error TS1127: Invalid character.
prisma/seeds/lms-devops-course.ts(431,5): error TS1127: Invalid character.
prisma/seeds/lms-devops-course.ts(431,6): error TS1127: Invalid character.
prisma/seeds/lms-devops-course.ts(431,7): error TS1127: Invalid character.
prisma/seeds/lms-devops-course.ts(431,8): error TS1127: Invalid character.
prisma/seeds/lms-devops-course.ts(431,9): error TS1127: Invalid character.
prisma/seeds/lms-devops-course.ts(431,10): error TS1127: Invalid character.
prisma/seeds/lms-devops-course.ts(431,11): error TS1127: Invalid character.
prisma/seeds/lms-devops-course.ts(431,12): error TS1127: Invalid character.
prisma/seeds/lms-devops-course.ts(431,13): error TS1127: Invalid character.
prisma/seeds/lms-devops-course.ts(431,14): error TS1127: Invalid character.
prisma/seeds/lms-devops-course.ts(431,15): error TS1127: Invalid character.
prisma/seeds/lms-devops-course.ts(431,16): error TS1127: Invalid character.
prisma/seeds/lms-devops-course.ts(431,17): error TS1127: Invalid character.
prisma/seeds/lms-devops-course.ts(431,18): error TS1127: Invalid character.
prisma/seeds/lms-devops-course.ts(431,19): error TS1127: Invalid character.
prisma/seeds/lms-devops-course.ts(431,20): error TS1127: Invalid character.
prisma/seeds/lms-devops-course.ts(431,21): error TS1127: Invalid character.
prisma/seeds/lms-devops-course.ts(431,22): error TS1127: Invalid character.
prisma/seeds/lms-devops-course.ts(431,23): error TS1127: Invalid character.
prisma/seeds/lms-devops-course.ts(431,24): error TS1127: Invalid character.
prisma/seeds/lms-devops-course.ts(431,25): error TS1127: Invalid character.
prisma/seeds/lms-devops-course.ts(431,26): error TS1127: Invalid character.
prisma/seeds/lms-devops-course.ts(431,27): error TS1127: Invalid character.
prisma/seeds/lms-devops-course.ts(431,28): error TS1127: Invalid character.
prisma/seeds/lms-devops-course.ts(431,29): error TS1127: Invalid character.
prisma/seeds/lms-devops-course.ts(431,30): error TS1127: Invalid character.
prisma/seeds/lms-devops-course.ts(431,31): error TS1127: Invalid character.
prisma/seeds/lms-devops-course.ts(431,32): error TS1127: Invalid character.
prisma/seeds/lms-devops-course.ts(431,33): error TS1127: Invalid character.
prisma/seeds/lms-devops-course.ts(431,34): error TS1127: Invalid character.
prisma/seeds/lms-devops-course.ts(431,35): error TS1127: Invalid character.
prisma/seeds/lms-devops-course.ts(432,1): error TS1127: Invalid character.
prisma/seeds/lms-devops-course.ts(432,35): error TS1127: Invalid character.
prisma/seeds/lms-devops-course.ts(433,1): error TS1127: Invalid character.
prisma/seeds/lms-devops-course.ts(433,2): error TS1127: Invalid character.
prisma/seeds/lms-devops-course.ts(433,3): error TS1127: Invalid character.
prisma/seeds/lms-devops-course.ts(433,4): error TS1127: Invalid character.
prisma/seeds/lms-devops-course.ts(433,5): error TS1127: Invalid character.
prisma/seeds/lms-devops-course.ts(433,6): error TS1127: Invalid character.
prisma/seeds/lms-devops-course.ts(433,7): error TS1127: Invalid character.
prisma/seeds/lms-devops-course.ts(433,8): error TS1127: Invalid character.
prisma/seeds/lms-devops-course.ts(433,9): error TS1127: Invalid character.
prisma/seeds/lms-devops-course.ts(433,10): error TS1127: Invalid character.
prisma/seeds/lms-devops-course.ts(433,11): error TS1127: Invalid character.
prisma/seeds/lms-devops-course.ts(433,12): error TS1127: Invalid character.
prisma/seeds/lms-devops-course.ts(433,13): error TS1127: Invalid character.
prisma/seeds/lms-devops-course.ts(433,14): error TS1127: Invalid character.
prisma/seeds/lms-devops-course.ts(433,15): error TS1127: Invalid character.
prisma/seeds/lms-devops-course.ts(433,16): error TS1127: Invalid character.
prisma/seeds/lms-devops-course.ts(433,17): error TS1127: Invalid character.
prisma/seeds/lms-devops-course.ts(433,18): error TS1127: Invalid character.
prisma/seeds/lms-devops-course.ts(433,19): error TS1127: Invalid character.
prisma/seeds/lms-devops-course.ts(433,20): error TS1127: Invalid character.
prisma/seeds/lms-devops-course.ts(433,21): error TS1127: Invalid character.
prisma/seeds/lms-devops-course.ts(433,22): error TS1127: Invalid character.
prisma/seeds/lms-devops-course.ts(433,23): error TS1127: Invalid character.
prisma/seeds/lms-devops-course.ts(433,24): error TS1127: Invalid character.
prisma/seeds/lms-devops-course.ts(433,25): error TS1127: Invalid character.
prisma/seeds/lms-devops-course.ts(433,26): error TS1127: Invalid character.
prisma/seeds/lms-devops-course.ts(433,27): error TS1127: Invalid character.
prisma/seeds/lms-devops-course.ts(433,28): error TS1127: Invalid character.
prisma/seeds/lms-devops-course.ts(433,29): error TS1127: Invalid character.
prisma/seeds/lms-devops-course.ts(433,30): error TS1127: Invalid character.
prisma/seeds/lms-devops-course.ts(433,31): error TS1127: Invalid character.
prisma/seeds/lms-devops-course.ts(433,32): error TS1127: Invalid character.
prisma/seeds/lms-devops-course.ts(433,33): error TS1127: Invalid character.
prisma/seeds/lms-devops-course.ts(433,34): error TS1127: Invalid character.
prisma/seeds/lms-devops-course.ts(433,35): error TS1127: Invalid character.
prisma/seeds/lms-devops-course.ts(434,1): error TS1127: Invalid character.
prisma/seeds/lms-devops-course.ts(434,2): error TS1127: Invalid character.
prisma/seeds/lms-devops-course.ts(434,7): error TS1127: Invalid character.
prisma/seeds/lms-devops-course.ts(434,8): error TS1127: Invalid character.
prisma/seeds/lms-devops-course.ts(462,4): error TS1127: Invalid character.
prisma/seeds/lms-devops-course.ts(462,5): error TS1127: Invalid character.
prisma/seeds/lms-devops-course.ts(463,22): error TS1127: Invalid character.
prisma/seeds/lms-devops-course.ts(463,24): error TS1005: ',' expected.
prisma/seeds/lms-devops-course.ts(463,29): error TS1005: ',' expected.
prisma/seeds/lms-devops-course.ts(464,1): error TS1127: Invalid character.
prisma/seeds/lms-devops-course.ts(464,2): error TS1127: Invalid character.
prisma/seeds/lms-devops-course.ts(464,3): error TS1127: Invalid character.
prisma/seeds/lms-devops-course.ts(464,21): error TS1127: Invalid character.
prisma/seeds/lms-devops-course.ts(464,23): error TS1005: ',' expected.
prisma/seeds/lms-devops-course.ts(464,33): error TS1005: ',' expected.
prisma/seeds/lms-devops-course.ts(464,38): error TS1005: ',' expected.
prisma/seeds/lms-devops-course.ts(465,1): error TS1127: Invalid character.
prisma/seeds/lms-devops-course.ts(465,2): error TS1127: Invalid character.
prisma/seeds/lms-devops-course.ts(465,3): error TS1127: Invalid character.
prisma/seeds/lms-devops-course.ts(465,21): error TS1127: Invalid character.
prisma/seeds/lms-devops-course.ts(465,23): error TS1005: ',' expected.
prisma/seeds/lms-devops-course.ts(465,28): error TS1005: ',' expected.
prisma/seeds/lms-devops-course.ts(465,35): error TS1005: ',' expected.
prisma/seeds/lms-devops-course.ts(466,1): error TS1127: Invalid character.
prisma/seeds/lms-devops-course.ts(466,2): error TS1127: Invalid character.
prisma/seeds/lms-devops-course.ts(466,3): error TS1127: Invalid character.
prisma/seeds/lms-devops-course.ts(466,21): error TS1127: Invalid character.
prisma/seeds/lms-devops-course.ts(466,23): error TS1005: ',' expected.
prisma/seeds/lms-devops-course.ts(466,30): error TS1005: ',' expected.
prisma/seeds/lms-devops-course.ts(467,1): error TS1127: Invalid character.
prisma/seeds/lms-devops-course.ts(467,2): error TS1127: Invalid character.
prisma/seeds/lms-devops-course.ts(467,3): error TS1127: Invalid character.
prisma/seeds/lms-devops-course.ts(467,21): error TS1127: Invalid character.
prisma/seeds/lms-devops-course.ts(467,23): error TS1005: ',' expected.
prisma/seeds/lms-devops-course.ts(467,37): error TS1005: ',' expected.
prisma/seeds/lms-devops-course.ts(468,1): error TS1127: Invalid character.
prisma/seeds/lms-devops-course.ts(468,2): error TS1127: Invalid character.
prisma/seeds/lms-devops-course.ts(468,3): error TS1127: Invalid character.
prisma/seeds/lms-devops-course.ts(468,21): error TS1127: Invalid character.
prisma/seeds/lms-devops-course.ts(468,23): error TS1005: ',' expected.
prisma/seeds/lms-devops-course.ts(468,28): error TS1005: ',' expected.
prisma/seeds/lms-devops-course.ts(468,33): error TS1005: ',' expected.
prisma/seeds/lms-devops-course.ts(469,1): error TS1127: Invalid character.
prisma/seeds/lms-devops-course.ts(469,2): error TS1127: Invalid character.
prisma/seeds/lms-devops-course.ts(469,3): error TS1127: Invalid character.
prisma/seeds/lms-devops-course.ts(469,21): error TS1127: Invalid character.
prisma/seeds/lms-devops-course.ts(469,23): error TS1005: ',' expected.
prisma/seeds/lms-devops-course.ts(469,30): error TS1005: ',' expected.
prisma/seeds/lms-devops-course.ts(470,1): error TS1127: Invalid character.
prisma/seeds/lms-devops-course.ts(470,2): error TS1127: Invalid character.
prisma/seeds/lms-devops-course.ts(470,3): error TS1127: Invalid character.
prisma/seeds/lms-devops-course.ts(470,21): error TS1127: Invalid character.
prisma/seeds/lms-devops-course.ts(470,23): error TS1005: ',' expected.
prisma/seeds/lms-devops-course.ts(470,33): error TS1005: ',' expected.
prisma/seeds/lms-devops-course.ts(470,39): error TS1005: ',' expected.
prisma/seeds/lms-devops-course.ts(470,45): error TS1005: ',' expected.
prisma/seeds/lms-devops-course.ts(471,1): error TS1127: Invalid character.
prisma/seeds/lms-devops-course.ts(471,2): error TS1127: Invalid character.
prisma/seeds/lms-devops-course.ts(471,3): error TS1127: Invalid character.
prisma/seeds/lms-devops-course.ts(471,21): error TS1127: Invalid character.
prisma/seeds/lms-devops-course.ts(471,23): error TS1005: ',' expected.
prisma/seeds/lms-devops-course.ts(471,33): error TS1005: ',' expected.
prisma/seeds/lms-devops-course.ts(471,39): error TS1005: ',' expected.
prisma/seeds/lms-devops-course.ts(472,1): error TS1127: Invalid character.
prisma/seeds/lms-devops-course.ts(472,2): error TS1127: Invalid character.
prisma/seeds/lms-devops-course.ts(472,3): error TS1127: Invalid character.
prisma/seeds/lms-devops-course.ts(472,21): error TS1127: Invalid character.
prisma/seeds/lms-devops-course.ts(472,23): error TS1005: ',' expected.
prisma/seeds/lms-devops-course.ts(472,32): error TS1005: ',' expected.
prisma/seeds/lms-devops-course.ts(473,1): error TS1127: Invalid character.
prisma/seeds/lms-devops-course.ts(473,2): error TS1127: Invalid character.
prisma/seeds/lms-devops-course.ts(473,3): error TS1127: Invalid character.
prisma/seeds/lms-devops-course.ts(473,21): error TS1127: Invalid character.
prisma/seeds/lms-devops-course.ts(473,23): error TS1005: ',' expected.
prisma/seeds/lms-devops-course.ts(473,31): error TS1005: ',' expected.
prisma/seeds/lms-devops-course.ts(474,1): error TS1127: Invalid character.
prisma/seeds/lms-devops-course.ts(474,2): error TS1127: Invalid character.
prisma/seeds/lms-devops-course.ts(474,3): error TS1127: Invalid character.
prisma/seeds/lms-devops-course.ts(474,21): error TS1127: Invalid character.
prisma/seeds/lms-devops-course.ts(474,23): error TS1005: ',' expected.
prisma/seeds/lms-devops-course.ts(474,28): error TS1005: ',' expected.
prisma/seeds/lms-devops-course.ts(474,33): error TS1005: ',' expected.
prisma/seeds/lms-devops-course.ts(474,38): error TS1005: ',' expected.
prisma/seeds/lms-devops-course.ts(475,1): error TS1127: Invalid character.
prisma/seeds/lms-devops-course.ts(475,2): error TS1127: Invalid character.
prisma/seeds/lms-devops-course.ts(475,3): error TS1127: Invalid character.
prisma/seeds/lms-devops-course.ts(475,21): error TS1127: Invalid character.
prisma/seeds/lms-devops-course.ts(475,23): error TS1005: ',' expected.
prisma/seeds/lms-devops-course.ts(475,30): error TS1005: ',' expected.
prisma/seeds/lms-devops-course.ts(476,1): error TS1127: Invalid character.
prisma/seeds/lms-devops-course.ts(476,2): error TS1127: Invalid character.
prisma/seeds/lms-devops-course.ts(476,3): error TS1127: Invalid character.
prisma/seeds/lms-devops-course.ts(476,21): error TS1127: Invalid character.
prisma/seeds/lms-devops-course.ts(476,23): error TS1005: ',' expected.
prisma/seeds/lms-devops-course.ts(476,33): error TS1005: ',' expected.
prisma/seeds/lms-devops-course.ts(477,1): error TS1127: Invalid character.
prisma/seeds/lms-devops-course.ts(477,2): error TS1127: Invalid character.
prisma/seeds/lms-devops-course.ts(477,3): error TS1127: Invalid character.
prisma/seeds/lms-devops-course.ts(477,21): error TS1127: Invalid character.
prisma/seeds/lms-devops-course.ts(477,23): error TS1005: ',' expected.
prisma/seeds/lms-devops-course.ts(477,28): error TS1005: ',' expected.
prisma/seeds/lms-devops-course.ts(478,1): error TS1127: Invalid character.
prisma/seeds/lms-devops-course.ts(478,5): error TS1127: Invalid character.
prisma/seeds/lms-devops-course.ts(478,6): error TS1127: Invalid character.
prisma/seeds/lms-devops-course.ts(478,7): error TS1127: Invalid character.
prisma/seeds/lms-devops-course.ts(478,21): error TS1127: Invalid character.
prisma/seeds/lms-devops-course.ts(478,23): error TS1005: ',' expected.
prisma/seeds/lms-devops-course.ts(478,28): error TS1005: ',' expected.
prisma/seeds/lms-devops-course.ts(479,1): error TS1127: Invalid character.
prisma/seeds/lms-devops-course.ts(479,5): error TS1127: Invalid character.
prisma/seeds/lms-devops-course.ts(479,6): error TS1127: Invalid character.
prisma/seeds/lms-devops-course.ts(479,7): error TS1127: Invalid character.
prisma/seeds/lms-devops-course.ts(479,21): error TS1127: Invalid character.
prisma/seeds/lms-devops-course.ts(479,23): error TS1005: ',' expected.
prisma/seeds/lms-devops-course.ts(479,28): error TS1005: ',' expected.
prisma/seeds/lms-devops-course.ts(480,1): error TS1127: Invalid character.
prisma/seeds/lms-devops-course.ts(480,5): error TS1127: Invalid character.
prisma/seeds/lms-devops-course.ts(480,6): error TS1127: Invalid character.
prisma/seeds/lms-devops-course.ts(480,7): error TS1127: Invalid character.
prisma/seeds/lms-devops-course.ts(480,21): error TS1127: Invalid character.
prisma/seeds/lms-devops-course.ts(480,23): error TS1005: ',' expected.
prisma/seeds/lms-devops-course.ts(480,31): error TS1005: ',' expected.
prisma/seeds/lms-devops-course.ts(480,41): error TS1005: ',' expected.
prisma/seeds/lms-devops-course.ts(481,1): error TS1127: Invalid character.
prisma/seeds/lms-devops-course.ts(481,2): error TS1127: Invalid character.
prisma/seeds/lms-devops-course.ts(481,3): error TS1127: Invalid character.
prisma/seeds/lms-devops-course.ts(481,5): error TS1137: Expression or comma expected.
prisma/seeds/lms-devops-course.ts(481,21): error TS1127: Invalid character.
prisma/seeds/lms-devops-course.ts(481,23): error TS1005: ',' expected.
prisma/seeds/lms-devops-course.ts(481,32): error TS1005: ',' expected.
prisma/seeds/lms-devops-course.ts(481,37): error TS1005: ',' expected.
prisma/seeds/lms-devops-course.ts(482,5): error TS1127: Invalid character.
prisma/seeds/lms-devops-course.ts(482,6): error TS1127: Invalid character.
prisma/seeds/lms-devops-course.ts(482,7): error TS1127: Invalid character.
prisma/seeds/lms-devops-course.ts(482,9): error TS1434: Unexpected keyword or identifier.
prisma/seeds/lms-devops-course.ts(482,21): error TS1127: Invalid character.
prisma/seeds/lms-devops-course.ts(482,23): error TS1005: ';' expected.
prisma/seeds/lms-devops-course.ts(483,5): error TS1127: Invalid character.
prisma/seeds/lms-devops-course.ts(483,6): error TS1127: Invalid character.
prisma/seeds/lms-devops-course.ts(483,7): error TS1127: Invalid character.
prisma/seeds/lms-devops-course.ts(483,9): error TS1434: Unexpected keyword or identifier.
prisma/seeds/lms-devops-course.ts(483,21): error TS1127: Invalid character.
prisma/seeds/lms-devops-course.ts(483,23): error TS1005: ';' expected.
prisma/seeds/lms-devops-course.ts(483,27): error TS1434: Unexpected keyword or identifier.
prisma/seeds/lms-devops-course.ts(484,1): error TS1127: Invalid character.
prisma/seeds/lms-devops-course.ts(484,2): error TS1127: Invalid character.
prisma/seeds/lms-devops-course.ts(484,7): error TS1127: Invalid character.
prisma/seeds/lms-devops-course.ts(484,8): error TS1127: Invalid character.
prisma/seeds/lms-devops-course.ts(516,4): error TS1127: Invalid character.
prisma/seeds/lms-devops-course.ts(516,5): error TS1127: Invalid character.
prisma/seeds/lms-devops-course.ts(516,10): error TS1005: ';' expected.
prisma/seeds/lms-devops-course.ts(517,1): error TS1127: Invalid character.
prisma/seeds/lms-devops-course.ts(517,3): error TS1005: ';' expected.
prisma/seeds/lms-devops-course.ts(517,8): error TS1434: Unexpected keyword or identifier.
prisma/seeds/lms-devops-course.ts(518,1): error TS1127: Invalid character.
prisma/seeds/lms-devops-course.ts(518,5): error TS1109: Expression expected.
prisma/seeds/lms-devops-course.ts(518,7): error TS1434: Unexpected keyword or identifier.
prisma/seeds/lms-devops-course.ts(519,1): error TS1127: Invalid character.
prisma/seeds/lms-devops-course.ts(519,3): error TS1005: ';' expected.
prisma/seeds/lms-devops-course.ts(519,15): error TS1005: ';' expected.
prisma/seeds/lms-devops-course.ts(520,1): error TS1127: Invalid character.
prisma/seeds/lms-devops-course.ts(520,3): error TS1005: ';' expected.
prisma/seeds/lms-devops-course.ts(520,15): error TS1005: ';' expected.
prisma/seeds/lms-devops-course.ts(521,1): error TS1127: Invalid character.
prisma/seeds/lms-devops-course.ts(521,3): error TS1005: ';' expected.
prisma/seeds/lms-devops-course.ts(521,16): error TS1005: ';' expected.
prisma/seeds/lms-devops-course.ts(523,1): error TS1127: Invalid character.
prisma/seeds/lms-devops-course.ts(523,3): error TS1005: ';' expected.
prisma/seeds/lms-devops-course.ts(524,8): error TS1005: ';' expected.
prisma/seeds/lms-devops-course.ts(524,13): error TS1005: ';' expected.
prisma/seeds/lms-devops-course.ts(524,15): error TS1005: ';' expected.
prisma/seeds/lms-devops-course.ts(524,20): error TS1434: Unexpected keyword or identifier.
prisma/seeds/lms-devops-course.ts(524,31): error TS1005: ';' expected.
prisma/seeds/lms-devops-course.ts(524,38): error TS1005: ';' expected.
prisma/seeds/lms-devops-course.ts(524,40): error TS1005: ';' expected.
prisma/seeds/lms-devops-course.ts(524,41): error TS1121: Octal literals are not allowed. Use the syntax '0o0'.
prisma/seeds/lms-devops-course.ts(524,44): error TS1005: ';' expected.
prisma/seeds/lms-devops-course.ts(525,1): error TS1127: Invalid character.
prisma/seeds/lms-devops-course.ts(525,2): error TS1127: Invalid character.
prisma/seeds/lms-devops-course.ts(525,3): error TS1127: Invalid character.
prisma/seeds/lms-devops-course.ts(525,4): error TS1127: Invalid character.
prisma/seeds/lms-devops-course.ts(525,5): error TS1127: Invalid character.
prisma/seeds/lms-devops-course.ts(525,6): error TS1127: Invalid character.
prisma/seeds/lms-devops-course.ts(525,7): error TS1127: Invalid character.
prisma/seeds/lms-devops-course.ts(525,8): error TS1127: Invalid character.
prisma/seeds/lms-devops-course.ts(525,9): error TS1127: Invalid character.
prisma/seeds/lms-devops-course.ts(526,1): error TS1127: Invalid character.
prisma/seeds/lms-devops-course.ts(526,2): error TS1127: Invalid character.
prisma/seeds/lms-devops-course.ts(526,3): error TS1127: Invalid character.
prisma/seeds/lms-devops-course.ts(526,4): error TS1127: Invalid character.
prisma/seeds/lms-devops-course.ts(526,5): error TS1127: Invalid character.
prisma/seeds/lms-devops-course.ts(526,6): error TS1127: Invalid character.
prisma/seeds/lms-devops-course.ts(526,7): error TS1127: Invalid character.
prisma/seeds/lms-devops-course.ts(526,8): error TS1127: Invalid character.
prisma/seeds/lms-devops-course.ts(526,9): error TS1127: Invalid character.
prisma/seeds/lms-devops-course.ts(526,10): error TS1127: Invalid character.
prisma/seeds/lms-devops-course.ts(526,20): error TS1434: Unexpected keyword or identifier.
prisma/seeds/lms-devops-course.ts(527,1): error TS1127: Invalid character.
prisma/seeds/lms-devops-course.ts(527,2): error TS1127: Invalid character.
prisma/seeds/lms-devops-course.ts(527,3): error TS1127: Invalid character.
prisma/seeds/lms-devops-course.ts(527,4): error TS1127: Invalid character.
prisma/seeds/lms-devops-course.ts(527,5): error TS1127: Invalid character.
prisma/seeds/lms-devops-course.ts(527,6): error TS1127: Invalid character.
prisma/seeds/lms-devops-course.ts(527,7): error TS1127: Invalid character.
prisma/seeds/lms-devops-course.ts(527,8): error TS1127: Invalid character.
prisma/seeds/lms-devops-course.ts(527,9): error TS1127: Invalid character.
prisma/seeds/lms-devops-course.ts(527,10): error TS1127: Invalid character.
prisma/seeds/lms-devops-course.ts(527,11): error TS1127: Invalid character.
prisma/seeds/lms-devops-course.ts(527,20): error TS1434: Unexpected keyword or identifier.
prisma/seeds/lms-devops-course.ts(528,1): error TS1127: Invalid character.
prisma/seeds/lms-devops-course.ts(528,2): error TS1127: Invalid character.
prisma/seeds/lms-devops-course.ts(528,3): error TS1127: Invalid character.
prisma/seeds/lms-devops-course.ts(528,4): error TS1127: Invalid character.
prisma/seeds/lms-devops-course.ts(528,5): error TS1127: Invalid character.
prisma/seeds/lms-devops-course.ts(528,6): error TS1127: Invalid character.
prisma/seeds/lms-devops-course.ts(528,7): error TS1127: Invalid character.
prisma/seeds/lms-devops-course.ts(528,8): error TS1127: Invalid character.
prisma/seeds/lms-devops-course.ts(528,9): error TS1127: Invalid character.
prisma/seeds/lms-devops-course.ts(528,10): error TS1127: Invalid character.
prisma/seeds/lms-devops-course.ts(528,11): error TS1127: Invalid character.
prisma/seeds/lms-devops-course.ts(529,1): error TS1127: Invalid character.
prisma/seeds/lms-devops-course.ts(529,2): error TS1127: Invalid character.
prisma/seeds/lms-devops-course.ts(529,3): error TS1127: Invalid character.
prisma/seeds/lms-devops-course.ts(529,4): error TS1127: Invalid character.
prisma/seeds/lms-devops-course.ts(529,5): error TS1127: Invalid character.
prisma/seeds/lms-devops-course.ts(529,6): error TS1127: Invalid character.
prisma/seeds/lms-devops-course.ts(529,7): error TS1127: Invalid character.
prisma/seeds/lms-devops-course.ts(529,8): error TS1127: Invalid character.
prisma/seeds/lms-devops-course.ts(529,9): error TS1127: Invalid character.
prisma/seeds/lms-devops-course.ts(529,10): error TS1127: Invalid character.
prisma/seeds/lms-devops-course.ts(529,11): error TS1127: Invalid character.
prisma/seeds/lms-devops-course.ts(529,12): error TS1127: Invalid character.
prisma/seeds/lms-devops-course.ts(529,13): error TS1127: Invalid character.
prisma/seeds/lms-devops-course.ts(529,15): error TS1435: Unknown keyword or identifier. Did you mean 'number'?
prisma/seeds/lms-devops-course.ts(529,22): error TS1434: Unexpected keyword or identifier.
prisma/seeds/lms-devops-course.ts(529,25): error TS1434: Unexpected keyword or identifier.
prisma/seeds/lms-devops-course.ts(530,1): error TS1127: Invalid character.
prisma/seeds/lms-devops-course.ts(530,2): error TS1127: Invalid character.
prisma/seeds/lms-devops-course.ts(530,3): error TS1127: Invalid character.
prisma/seeds/lms-devops-course.ts(530,4): error TS1127: Invalid character.
prisma/seeds/lms-devops-course.ts(530,5): error TS1127: Invalid character.
prisma/seeds/lms-devops-course.ts(530,6): error TS1127: Invalid character.
prisma/seeds/lms-devops-course.ts(530,7): error TS1127: Invalid character.
prisma/seeds/lms-devops-course.ts(530,8): error TS1127: Invalid character.
prisma/seeds/lms-devops-course.ts(530,9): error TS1127: Invalid character.
prisma/seeds/lms-devops-course.ts(530,10): error TS1127: Invalid character.
prisma/seeds/lms-devops-course.ts(530,11): error TS1127: Invalid character.
prisma/seeds/lms-devops-course.ts(530,12): error TS1127: Invalid character.
prisma/seeds/lms-devops-course.ts(530,13): error TS1127: Invalid character.
prisma/seeds/lms-devops-course.ts(531,1): error TS1127: Invalid character.
prisma/seeds/lms-devops-course.ts(531,2): error TS1127: Invalid character.
prisma/seeds/lms-devops-course.ts(531,3): error TS1127: Invalid character.
prisma/seeds/lms-devops-course.ts(531,4): error TS1127: Invalid character.
prisma/seeds/lms-devops-course.ts(531,5): error TS1127: Invalid character.
prisma/seeds/lms-devops-course.ts(531,6): error TS1127: Invalid character.
prisma/seeds/lms-devops-course.ts(531,7): error TS1127: Invalid character.
prisma/seeds/lms-devops-course.ts(531,8): error TS1127: Invalid character.
prisma/seeds/lms-devops-course.ts(531,9): error TS1127: Invalid character.
prisma/seeds/lms-devops-course.ts(531,10): error TS1127: Invalid character.
prisma/seeds/lms-devops-course.ts(531,11): error TS1127: Invalid character.
prisma/seeds/lms-devops-course.ts(531,12): error TS1127: Invalid character.
prisma/seeds/lms-devops-course.ts(531,13): error TS1127: Invalid character.
prisma/seeds/lms-devops-course.ts(531,15): error TS1434: Unexpected keyword or identifier.
prisma/seeds/lms-devops-course.ts(531,28): error TS1109: Expression expected.
prisma/seeds/lms-devops-course.ts(531,38): error TS1005: ',' expected.
prisma/seeds/lms-devops-course.ts(532,1): error TS1127: Invalid character.
prisma/seeds/lms-devops-course.ts(532,2): error TS1127: Invalid character.
prisma/seeds/lms-devops-course.ts(532,7): error TS1127: Invalid character.
prisma/seeds/lms-devops-course.ts(532,8): error TS1127: Invalid character.
prisma/seeds/lms-devops-course.ts(548,4): error TS1127: Invalid character.
prisma/seeds/lms-devops-course.ts(548,5): error TS1127: Invalid character.
prisma/seeds/lms-devops-course.ts(548,10): error TS1005: ';' expected.
prisma/seeds/lms-devops-course.ts(549,1): error TS1127: Invalid character.
prisma/seeds/lms-devops-course.ts(549,3): error TS1005: ';' expected.
prisma/seeds/lms-devops-course.ts(550,23): error TS1127: Invalid character.
prisma/seeds/lms-devops-course.ts(550,25): error TS1005: ';' expected.
prisma/seeds/lms-devops-course.ts(551,1): error TS1434: Unexpected keyword or identifier.
prisma/seeds/lms-devops-course.ts(551,23): error TS1127: Invalid character.
prisma/seeds/lms-devops-course.ts(551,25): error TS1005: ';' expected.
prisma/seeds/lms-devops-course.ts(551,34): error TS1434: Unexpected keyword or identifier.
prisma/seeds/lms-devops-course.ts(551,38): error TS1434: Unexpected keyword or identifier.
prisma/seeds/lms-devops-course.ts(552,1): error TS1434: Unexpected keyword or identifier.
prisma/seeds/lms-devops-course.ts(552,23): error TS1127: Invalid character.
prisma/seeds/lms-devops-course.ts(552,25): error TS1005: ';' expected.
prisma/seeds/lms-devops-course.ts(553,23): error TS1127: Invalid character.
prisma/seeds/lms-devops-course.ts(553,25): error TS1005: ';' expected.
prisma/seeds/lms-devops-course.ts(554,23): error TS1127: Invalid character.
prisma/seeds/lms-devops-course.ts(554,25): error TS1005: ';' expected.
prisma/seeds/lms-devops-course.ts(556,1): error TS1127: Invalid character.
prisma/seeds/lms-devops-course.ts(556,3): error TS1005: ';' expected.
prisma/seeds/lms-devops-course.ts(557,23): error TS1127: Invalid character.
prisma/seeds/lms-devops-course.ts(557,25): error TS1005: ';' expected.
prisma/seeds/lms-devops-course.ts(558,1): error TS1434: Unexpected keyword or identifier.
prisma/seeds/lms-devops-course.ts(558,23): error TS1127: Invalid character.
prisma/seeds/lms-devops-course.ts(558,25): error TS1005: ';' expected.
prisma/seeds/lms-devops-course.ts(558,31): error TS1434: Unexpected keyword or identifier.
prisma/seeds/lms-devops-course.ts(559,23): error TS1127: Invalid character.
prisma/seeds/lms-devops-course.ts(559,25): error TS1005: ';' expected.
prisma/seeds/lms-devops-course.ts(560,1): error TS1434: Unexpected keyword or identifier.
prisma/seeds/lms-devops-course.ts(560,7): error TS1434: Unexpected keyword or identifier.
prisma/seeds/lms-devops-course.ts(560,23): error TS1127: Invalid character.
prisma/seeds/lms-devops-course.ts(560,25): error TS1005: ';' expected.
prisma/seeds/lms-devops-course.ts(561,1): error TS1434: Unexpected keyword or identifier.
prisma/seeds/lms-devops-course.ts(561,4): error TS1434: Unexpected keyword or identifier.
prisma/seeds/lms-devops-course.ts(561,11): error TS1434: Unexpected keyword or identifier.
prisma/seeds/lms-devops-course.ts(561,23): error TS1127: Invalid character.
prisma/seeds/lms-devops-course.ts(561,25): error TS1005: ';' expected.
prisma/seeds/lms-devops-course.ts(562,1): error TS1434: Unexpected keyword or identifier.
prisma/seeds/lms-devops-course.ts(562,4): error TS1434: Unexpected keyword or identifier.
prisma/seeds/lms-devops-course.ts(562,11): error TS1434: Unexpected keyword or identifier.
prisma/seeds/lms-devops-course.ts(562,23): error TS1127: Invalid character.
prisma/seeds/lms-devops-course.ts(562,25): error TS1005: ';' expected.
prisma/seeds/lms-devops-course.ts(562,37): error TS1005: ';' expected.
prisma/seeds/lms-devops-course.ts(563,1): error TS1434: Unexpected keyword or identifier.
prisma/seeds/lms-devops-course.ts(563,4): error TS1434: Unexpected keyword or identifier.
prisma/seeds/lms-devops-course.ts(563,23): error TS1127: Invalid character.
prisma/seeds/lms-devops-course.ts(563,25): error TS1005: ';' expected.
prisma/seeds/lms-devops-course.ts(565,1): error TS1127: Invalid character.
prisma/seeds/lms-devops-course.ts(565,3): error TS1005: ';' expected.
prisma/seeds/lms-devops-course.ts(566,1): error TS1434: Unexpected keyword or identifier.
prisma/seeds/lms-devops-course.ts(566,23): error TS1127: Invalid character.
prisma/seeds/lms-devops-course.ts(566,25): error TS1005: ';' expected.
prisma/seeds/lms-devops-course.ts(567,1): error TS1434: Unexpected keyword or identifier.
prisma/seeds/lms-devops-course.ts(567,23): error TS1127: Invalid character.
prisma/seeds/lms-devops-course.ts(567,25): error TS1005: ';' expected.
prisma/seeds/lms-devops-course.ts(567,30): error TS1434: Unexpected keyword or identifier.
prisma/seeds/lms-devops-course.ts(567,33): error TS1434: Unexpected keyword or identifier.
prisma/seeds/lms-devops-course.ts(568,1): error TS1434: Unexpected keyword or identifier.
prisma/seeds/lms-devops-course.ts(568,6): error TS1434: Unexpected keyword or identifier.
prisma/seeds/lms-devops-course.ts(568,23): error TS1127: Invalid character.
prisma/seeds/lms-devops-course.ts(568,25): error TS1005: ';' expected.
prisma/seeds/lms-devops-course.ts(569,23): error TS1127: Invalid character.
prisma/seeds/lms-devops-course.ts(569,25): error TS1005: ';' expected.
prisma/seeds/lms-devops-course.ts(571,1): error TS1127: Invalid character.
prisma/seeds/lms-devops-course.ts(571,3): error TS1005: ';' expected.
prisma/seeds/lms-devops-course.ts(572,1): error TS1434: Unexpected keyword or identifier.
prisma/seeds/lms-devops-course.ts(572,4): error TS1434: Unexpected keyword or identifier.
prisma/seeds/lms-devops-course.ts(572,23): error TS1127: Invalid character.
prisma/seeds/lms-devops-course.ts(572,25): error TS1005: ';' expected.
prisma/seeds/lms-devops-course.ts(572,30): error TS1434: Unexpected keyword or identifier.
prisma/seeds/lms-devops-course.ts(573,1): error TS1434: Unexpected keyword or identifier.
prisma/seeds/lms-devops-course.ts(573,23): error TS1127: Invalid character.
prisma/seeds/lms-devops-course.ts(573,25): error TS1005: ';' expected.
prisma/seeds/lms-devops-course.ts(573,35): error TS1005: ';' expected.
prisma/seeds/lms-devops-course.ts(574,1): error TS1434: Unexpected keyword or identifier.
prisma/seeds/lms-devops-course.ts(574,23): error TS1127: Invalid character.
prisma/seeds/lms-devops-course.ts(574,25): error TS1005: ';' expected.
prisma/seeds/lms-devops-course.ts(574,37): error TS1434: Unexpected keyword or identifier.
prisma/seeds/lms-devops-course.ts(575,1): error TS1434: Unexpected keyword or identifier.
prisma/seeds/lms-devops-course.ts(575,6): error TS1434: Unexpected keyword or identifier.
prisma/seeds/lms-devops-course.ts(575,23): error TS1127: Invalid character.
prisma/seeds/lms-devops-course.ts(575,25): error TS1005: ';' expected.
prisma/seeds/lms-devops-course.ts(576,1): error TS1127: Invalid character.
prisma/seeds/lms-devops-course.ts(576,2): error TS1127: Invalid character.
prisma/seeds/lms-devops-course.ts(576,7): error TS1127: Invalid character.
prisma/seeds/lms-devops-course.ts(576,8): error TS1127: Invalid character.
prisma/seeds/lms-devops-course.ts(606,20): error TS1005: ';' expected.
prisma/seeds/lms-devops-course.ts(623,9): error TS1109: Expression expected.
prisma/seeds/lms-devops-course.ts(623,10): error TS1128: Declaration or statement expected.
prisma/seeds/lms-devops-course.ts(626,16): error TS1005: ';' expected.
prisma/seeds/lms-devops-course.ts(627,16): error TS1005: ';' expected.
prisma/seeds/lms-devops-course.ts(628,19): error TS1005: ';' expected.
prisma/seeds/lms-devops-course.ts(629,18): error TS1005: ';' expected.
prisma/seeds/lms-devops-course.ts(635,4): error TS1127: Invalid character.
prisma/seeds/lms-devops-course.ts(635,5): error TS1127: Invalid character.
prisma/seeds/lms-devops-course.ts(635,10): error TS1005: ';' expected.
prisma/seeds/lms-devops-course.ts(636,1): error TS1434: Unexpected keyword or identifier.
prisma/seeds/lms-devops-course.ts(636,31): error TS1127: Invalid character.
prisma/seeds/lms-devops-course.ts(636,33): error TS1005: ';' expected.
prisma/seeds/lms-devops-course.ts(636,39): error TS1434: Unexpected keyword or identifier.
prisma/seeds/lms-devops-course.ts(637,30): error TS1127: Invalid character.
prisma/seeds/lms-devops-course.ts(637,32): error TS1005: ';' expected.
prisma/seeds/lms-devops-course.ts(638,1): error TS1434: Unexpected keyword or identifier.
prisma/seeds/lms-devops-course.ts(638,31): error TS1127: Invalid character.
prisma/seeds/lms-devops-course.ts(638,33): error TS1005: ';' expected.
prisma/seeds/lms-devops-course.ts(638,36): error TS1434: Unexpected keyword or identifier.
prisma/seeds/lms-devops-course.ts(638,39): error TS1434: Unexpected keyword or identifier.
prisma/seeds/lms-devops-course.ts(639,5): error TS1003: Identifier expected.
prisma/seeds/lms-devops-course.ts(639,31): error TS1127: Invalid character.
prisma/seeds/lms-devops-course.ts(639,33): error TS1005: ';' expected.
prisma/seeds/lms-devops-course.ts(639,36): error TS1434: Unexpected keyword or identifier.
prisma/seeds/lms-devops-course.ts(639,39): error TS1434: Unexpected keyword or identifier.
prisma/seeds/lms-devops-course.ts(640,31): error TS1127: Invalid character.
prisma/seeds/lms-devops-course.ts(640,33): error TS1005: ';' expected.
prisma/seeds/lms-devops-course.ts(640,36): error TS1434: Unexpected keyword or identifier.
prisma/seeds/lms-devops-course.ts(640,39): error TS1434: Unexpected keyword or identifier.
prisma/seeds/lms-devops-course.ts(641,1): error TS1434: Unexpected keyword or identifier.
prisma/seeds/lms-devops-course.ts(641,31): error TS1127: Invalid character.
prisma/seeds/lms-devops-course.ts(641,33): error TS1005: ';' expected.
prisma/seeds/lms-devops-course.ts(642,31): error TS1127: Invalid character.
prisma/seeds/lms-devops-course.ts(642,33): error TS1005: ';' expected.
prisma/seeds/lms-devops-course.ts(642,38): error TS1434: Unexpected keyword or identifier.
prisma/seeds/lms-devops-course.ts(642,69): error TS1005: ',' expected.
prisma/seeds/lms-devops-course.ts(643,31): error TS1127: Invalid character.
prisma/seeds/lms-devops-course.ts(643,33): error TS1005: ';' expected.
prisma/seeds/lms-devops-course.ts(643,48): error TS1005: ';' expected.
prisma/seeds/lms-devops-course.ts(644,31): error TS1127: Invalid character.
prisma/seeds/lms-devops-course.ts(644,33): error TS1005: ';' expected.
prisma/seeds/lms-devops-course.ts(644,38): error TS1434: Unexpected keyword or identifier.
prisma/seeds/lms-devops-course.ts(644,41): error TS1434: Unexpected keyword or identifier.
prisma/seeds/lms-devops-course.ts(645,1): error TS1434: Unexpected keyword or identifier.
prisma/seeds/lms-devops-course.ts(645,31): error TS1127: Invalid character.
prisma/seeds/lms-devops-course.ts(645,33): error TS1005: ';' expected.
prisma/seeds/lms-devops-course.ts(645,41): error TS1434: Unexpected keyword or identifier.
prisma/seeds/lms-devops-course.ts(646,1): error TS1127: Invalid character.
prisma/seeds/lms-devops-course.ts(646,2): error TS1127: Invalid character.
prisma/seeds/lms-devops-course.ts(646,7): error TS1127: Invalid character.
prisma/seeds/lms-devops-course.ts(646,8): error TS1127: Invalid character.
prisma/seeds/lms-devops-course.ts(649,4): error TS1127: Invalid character.
prisma/seeds/lms-devops-course.ts(649,5): error TS1127: Invalid character.
prisma/seeds/lms-devops-course.ts(649,10): error TS1005: ';' expected.
prisma/seeds/lms-devops-course.ts(650,1): error TS1127: Invalid character.
prisma/seeds/lms-devops-course.ts(650,3): error TS1005: ';' expected.
prisma/seeds/lms-devops-course.ts(650,12): error TS1434: Unexpected keyword or identifier.
prisma/seeds/lms-devops-course.ts(650,18): error TS1434: Unexpected keyword or identifier.
prisma/seeds/lms-devops-course.ts(651,1): error TS1434: Unexpected keyword or identifier.
prisma/seeds/lms-devops-course.ts(651,31): error TS1127: Invalid character.
prisma/seeds/lms-devops-course.ts(651,33): error TS1005: ';' expected.
prisma/seeds/lms-devops-course.ts(651,40): error TS1434: Unexpected keyword or identifier.
prisma/seeds/lms-devops-course.ts(652,1): error TS1434: Unexpected keyword or identifier.
prisma/seeds/lms-devops-course.ts(652,7): error TS1434: Unexpected keyword or identifier.
prisma/seeds/lms-devops-course.ts(652,31): error TS1127: Invalid character.
prisma/seeds/lms-devops-course.ts(652,33): error TS1005: ';' expected.
prisma/seeds/lms-devops-course.ts(653,10): error TS1005: ';' expected.
prisma/seeds/lms-devops-course.ts(653,30): error TS1127: Invalid character.
prisma/seeds/lms-devops-course.ts(653,32): error TS1005: ';' expected.
prisma/seeds/lms-devops-course.ts(653,39): error TS1434: Unexpected keyword or identifier.
prisma/seeds/lms-devops-course.ts(655,1): error TS1127: Invalid character.
prisma/seeds/lms-devops-course.ts(655,3): error TS1005: ';' expected.
prisma/seeds/lms-devops-course.ts(656,1): error TS1434: Unexpected keyword or identifier.
prisma/seeds/lms-devops-course.ts(656,15): error TS1005: ';' expected.
prisma/seeds/lms-devops-course.ts(656,31): error TS1127: Invalid character.
prisma/seeds/lms-devops-course.ts(656,33): error TS1005: ';' expected.
prisma/seeds/lms-devops-course.ts(657,7): error TS1005: ';' expected.
prisma/seeds/lms-devops-course.ts(657,18): error TS1434: Unexpected keyword or identifier.
prisma/seeds/lms-devops-course.ts(657,31): error TS1127: Invalid character.
prisma/seeds/lms-devops-course.ts(657,33): error TS1005: ';' expected.
prisma/seeds/lms-devops-course.ts(657,38): error TS1434: Unexpected keyword or identifier.
prisma/seeds/lms-devops-course.ts(658,7): error TS1005: ';' expected.
prisma/seeds/lms-devops-course.ts(658,14): error TS1434: Unexpected keyword or identifier.
prisma/seeds/lms-devops-course.ts(658,31): error TS1127: Invalid character.
prisma/seeds/lms-devops-course.ts(658,33): error TS1005: ';' expected.
prisma/seeds/lms-devops-course.ts(660,1): error TS1127: Invalid character.
prisma/seeds/lms-devops-course.ts(660,3): error TS1005: ';' expected.
prisma/seeds/lms-devops-course.ts(661,1): error TS1434: Unexpected keyword or identifier.
prisma/seeds/lms-devops-course.ts(661,17): error TS1005: ';' expected.
prisma/seeds/lms-devops-course.ts(661,31): error TS1127: Invalid character.
prisma/seeds/lms-devops-course.ts(661,33): error TS1005: ';' expected.
prisma/seeds/lms-devops-course.ts(662,1): error TS1434: Unexpected keyword or identifier.
prisma/seeds/lms-devops-course.ts(662,31): error TS1127: Invalid character.
prisma/seeds/lms-devops-course.ts(662,33): error TS1005: ';' expected.
prisma/seeds/lms-devops-course.ts(663,7): error TS1005: ';' expected.
prisma/seeds/lms-devops-course.ts(663,14): error TS1434: Unexpected keyword or identifier.
prisma/seeds/lms-devops-course.ts(663,31): error TS1127: Invalid character.
prisma/seeds/lms-devops-course.ts(663,33): error TS1005: ';' expected.
prisma/seeds/lms-devops-course.ts(663,53): error TS1005: ',' expected.
prisma/seeds/lms-devops-course.ts(663,60): error TS1005: ',' expected.
prisma/seeds/lms-devops-course.ts(665,1): error TS1127: Invalid character.
prisma/seeds/lms-devops-course.ts(665,3): error TS1005: ';' expected.
prisma/seeds/lms-devops-course.ts(666,1): error TS1434: Unexpected keyword or identifier.
prisma/seeds/lms-devops-course.ts(666,31): error TS1127: Invalid character.
prisma/seeds/lms-devops-course.ts(666,33): error TS1005: ';' expected.
prisma/seeds/lms-devops-course.ts(667,7): error TS1005: ';' expected.
prisma/seeds/lms-devops-course.ts(667,7): error TS1434: Unexpected keyword or identifier.
prisma/seeds/lms-devops-course.ts(667,31): error TS1127: Invalid character.
prisma/seeds/lms-devops-course.ts(667,33): error TS1005: ';' expected.
prisma/seeds/lms-devops-course.ts(667,40): error TS1434: Unexpected keyword or identifier.
prisma/seeds/lms-devops-course.ts(668,7): error TS1005: ';' expected.
prisma/seeds/lms-devops-course.ts(668,31): error TS1127: Invalid character.
prisma/seeds/lms-devops-course.ts(668,33): error TS1005: ';' expected.
prisma/seeds/lms-devops-course.ts(668,50): error TS1005: ',' expected.
prisma/seeds/lms-devops-course.ts(669,8): error TS1005: ';' expected.
prisma/seeds/lms-devops-course.ts(669,8): error TS1434: Unexpected keyword or identifier.
prisma/seeds/lms-devops-course.ts(669,31): error TS1127: Invalid character.
prisma/seeds/lms-devops-course.ts(669,33): error TS1005: ';' expected.
prisma/seeds/lms-devops-course.ts(669,39): error TS1434: Unexpected keyword or identifier.
prisma/seeds/lms-devops-course.ts(669,57): error TS1127: Invalid character.
prisma/seeds/lms-devops-course.ts(669,58): error TS1127: Invalid character.
prisma/seeds/lms-devops-course.ts(670,1): error TS1434: Unexpected keyword or identifier.
prisma/seeds/lms-devops-course.ts(670,7): error TS1434: Unexpected keyword or identifier.
prisma/seeds/lms-devops-course.ts(670,31): error TS1127: Invalid character.
prisma/seeds/lms-devops-course.ts(670,33): error TS1005: ';' expected.
prisma/seeds/lms-devops-course.ts(670,40): error TS1434: Unexpected keyword or identifier.
prisma/seeds/lms-devops-course.ts(672,1): error TS1127: Invalid character.
prisma/seeds/lms-devops-course.ts(672,3): error TS1005: ';' expected.
prisma/seeds/lms-devops-course.ts(673,1): error TS1434: Unexpected keyword or identifier.
prisma/seeds/lms-devops-course.ts(673,15): error TS1005: ';' expected.
prisma/seeds/lms-devops-course.ts(673,31): error TS1127: Invalid character.
prisma/seeds/lms-devops-course.ts(673,33): error TS1005: ';' expected.
prisma/seeds/lms-devops-course.ts(673,40): error TS1434: Unexpected keyword or identifier.
prisma/seeds/lms-devops-course.ts(674,7): error TS1005: ';' expected.
prisma/seeds/lms-devops-course.ts(674,18): error TS1005: ';' expected.
prisma/seeds/lms-devops-course.ts(674,31): error TS1127: Invalid character.
prisma/seeds/lms-devops-course.ts(674,33): error TS1005: ';' expected.
prisma/seeds/lms-devops-course.ts(674,40): error TS1435: Unknown keyword or identifier. Did you mean 'symbol'?
prisma/seeds/lms-devops-course.ts(675,1): error TS1127: Invalid character.
prisma/seeds/lms-devops-course.ts(675,2): error TS1127: Invalid character.
prisma/seeds/lms-devops-course.ts(675,7): error TS1127: Invalid character.
prisma/seeds/lms-devops-course.ts(675,8): error TS1127: Invalid character.
prisma/seeds/lms-devops-course.ts(684,4): error TS1127: Invalid character.
prisma/seeds/lms-devops-course.ts(684,5): error TS1127: Invalid character.
prisma/seeds/lms-devops-course.ts(684,10): error TS1005: ';' expected.
prisma/seeds/lms-devops-course.ts(685,1): error TS1127: Invalid character.
prisma/seeds/lms-devops-course.ts(685,3): error TS1005: ';' expected.
prisma/seeds/lms-devops-course.ts(685,11): error TS1434: Unexpected keyword or identifier.
prisma/seeds/lms-devops-course.ts(686,1): error TS1434: Unexpected keyword or identifier.
prisma/seeds/lms-devops-course.ts(686,31): error TS1127: Invalid character.
prisma/seeds/lms-devops-course.ts(686,33): error TS1005: ';' expected.
prisma/seeds/lms-devops-course.ts(686,41): error TS1434: Unexpected keyword or identifier.
prisma/seeds/lms-devops-course.ts(687,1): error TS1434: Unexpected keyword or identifier.
prisma/seeds/lms-devops-course.ts(687,31): error TS1127: Invalid character.
prisma/seeds/lms-devops-course.ts(687,33): error TS1005: ';' expected.
prisma/seeds/lms-devops-course.ts(687,38): error TS1434: Unexpected keyword or identifier.
prisma/seeds/lms-devops-course.ts(687,48): error TS1005: '(' expected.
prisma/seeds/lms-devops-course.ts(687,62): error TS1005: ',' expected.
prisma/seeds/lms-devops-course.ts(687,65): error TS1005: ',' expected.
prisma/seeds/lms-devops-course.ts(688,1): error TS1005: ')' expected.
prisma/seeds/lms-devops-course.ts(688,31): error TS1127: Invalid character.
prisma/seeds/lms-devops-course.ts(688,33): error TS1005: ';' expected.
prisma/seeds/lms-devops-course.ts(688,41): error TS1434: Unexpected keyword or identifier.
prisma/seeds/lms-devops-course.ts(689,1): error TS1434: Unexpected keyword or identifier.
prisma/seeds/lms-devops-course.ts(689,31): error TS1127: Invalid character.
prisma/seeds/lms-devops-course.ts(689,33): error TS1005: ';' expected.
prisma/seeds/lms-devops-course.ts(689,42): error TS1005: ';' expected.
prisma/seeds/lms-devops-course.ts(690,9): error TS1005: ';' expected.
prisma/seeds/lms-devops-course.ts(690,12): error TS1005: ';' expected.
prisma/seeds/lms-devops-course.ts(690,30): error TS1127: Invalid character.
prisma/seeds/lms-devops-course.ts(690,32): error TS1005: ';' expected.
prisma/seeds/lms-devops-course.ts(690,41): error TS1005: ';' expected.
prisma/seeds/lms-devops-course.ts(691,1): error TS1434: Unexpected keyword or identifier.
prisma/seeds/lms-devops-course.ts(691,31): error TS1127: Invalid character.
prisma/seeds/lms-devops-course.ts(691,33): error TS1005: ';' expected.
prisma/seeds/lms-devops-course.ts(691,41): error TS1005: ';' expected.
prisma/seeds/lms-devops-course.ts(692,10): error TS1109: Expression expected.
prisma/seeds/lms-devops-course.ts(692,13): error TS1134: Variable declaration expected.
prisma/seeds/lms-devops-course.ts(692,30): error TS1127: Invalid character.
prisma/seeds/lms-devops-course.ts(692,32): error TS1005: ';' expected.
prisma/seeds/lms-devops-course.ts(692,55): error TS1005: ',' expected.
prisma/seeds/lms-devops-course.ts(693,9): error TS1005: ';' expected.
prisma/seeds/lms-devops-course.ts(693,12): error TS1005: ';' expected.
prisma/seeds/lms-devops-course.ts(693,30): error TS1127: Invalid character.
prisma/seeds/lms-devops-course.ts(693,32): error TS1005: ';' expected.
prisma/seeds/lms-devops-course.ts(693,40): error TS1005: ';' expected.
prisma/seeds/lms-devops-course.ts(695,1): error TS1127: Invalid character.
prisma/seeds/lms-devops-course.ts(695,3): error TS1005: ';' expected.
prisma/seeds/lms-devops-course.ts(696,1): error TS1434: Unexpected keyword or identifier.
prisma/seeds/lms-devops-course.ts(696,31): error TS1127: Invalid character.
prisma/seeds/lms-devops-course.ts(696,33): error TS1005: ';' expected.
prisma/seeds/lms-devops-course.ts(696,40): error TS1434: Unexpected keyword or identifier.
prisma/seeds/lms-devops-course.ts(697,1): error TS1434: Unexpected keyword or identifier.
prisma/seeds/lms-devops-course.ts(697,31): error TS1127: Invalid character.
prisma/seeds/lms-devops-course.ts(697,33): error TS1005: ';' expected.
prisma/seeds/lms-devops-course.ts(698,1): error TS1434: Unexpected keyword or identifier.
prisma/seeds/lms-devops-course.ts(698,31): error TS1127: Invalid character.
prisma/seeds/lms-devops-course.ts(698,33): error TS1005: ';' expected.
prisma/seeds/lms-devops-course.ts(698,33): error TS1434: Unexpected keyword or identifier.
prisma/seeds/lms-devops-course.ts(698,50): error TS1002: Unterminated string literal.
prisma/seeds/lms-devops-course.ts(699,1): error TS1127: Invalid character.
prisma/seeds/lms-devops-course.ts(699,2): error TS1127: Invalid character.
prisma/seeds/lms-devops-course.ts(699,7): error TS1127: Invalid character.
prisma/seeds/lms-devops-course.ts(699,8): error TS1127: Invalid character.
prisma/seeds/lms-devops-course.ts(702,4): error TS1127: Invalid character.
prisma/seeds/lms-devops-course.ts(702,5): error TS1127: Invalid character.
prisma/seeds/lms-devops-course.ts(703,12): error TS1127: Invalid character.
prisma/seeds/lms-devops-course.ts(703,14): error TS1434: Unexpected keyword or identifier.
prisma/seeds/lms-devops-course.ts(704,12): error TS1127: Invalid character.
prisma/seeds/lms-devops-course.ts(704,14): error TS1434: Unexpected keyword or identifier.
prisma/seeds/lms-devops-course.ts(705,12): error TS1127: Invalid character.
prisma/seeds/lms-devops-course.ts(706,12): error TS1127: Invalid character.
prisma/seeds/lms-devops-course.ts(707,2): error TS1434: Unexpected keyword or identifier.
prisma/seeds/lms-devops-course.ts(707,12): error TS1127: Invalid character.
prisma/seeds/lms-devops-course.ts(707,14): error TS1434: Unexpected keyword or identifier.
prisma/seeds/lms-devops-course.ts(707,19): error TS1434: Unexpected keyword or identifier.
prisma/seeds/lms-devops-course.ts(708,12): error TS1127: Invalid character.
prisma/seeds/lms-devops-course.ts(708,14): error TS1434: Unexpected keyword or identifier.
prisma/seeds/lms-devops-course.ts(708,19): error TS1435: Unknown keyword or identifier. Did you mean 'with out'?
prisma/seeds/lms-devops-course.ts(709,12): error TS1127: Invalid character.
prisma/seeds/lms-devops-course.ts(709,14): error TS1435: Unknown keyword or identifier. Did you mean 'delete'?
prisma/seeds/lms-devops-course.ts(710,12): error TS1127: Invalid character.
prisma/seeds/lms-devops-course.ts(710,14): error TS1434: Unexpected keyword or identifier.
prisma/seeds/lms-devops-course.ts(711,12): error TS1127: Invalid character.
prisma/seeds/lms-devops-course.ts(712,12): error TS1127: Invalid character.
prisma/seeds/lms-devops-course.ts(713,1): error TS1127: Invalid character.
prisma/seeds/lms-devops-course.ts(713,2): error TS1127: Invalid character.
prisma/seeds/lms-devops-course.ts(713,7): error TS1127: Invalid character.
prisma/seeds/lms-devops-course.ts(713,8): error TS1127: Invalid character.
prisma/seeds/lms-devops-course.ts(718,4): error TS1127: Invalid character.
prisma/seeds/lms-devops-course.ts(718,5): error TS1127: Invalid character.
prisma/seeds/lms-devops-course.ts(718,10): error TS1005: ';' expected.
prisma/seeds/lms-devops-course.ts(719,1): error TS1434: Unexpected keyword or identifier.
prisma/seeds/lms-devops-course.ts(719,16): error TS1005: ';' expected.
prisma/seeds/lms-devops-course.ts(719,38): error TS1127: Invalid character.
prisma/seeds/lms-devops-course.ts(719,40): error TS1005: ';' expected.
prisma/seeds/lms-devops-course.ts(719,51): error TS1005: '(' expected.
prisma/seeds/lms-devops-course.ts(720,1): error TS1005: ';' expected.
prisma/seeds/lms-devops-course.ts(720,9): error TS1005: ';' expected.
prisma/seeds/lms-devops-course.ts(720,19): error TS1005: ')' expected.
prisma/seeds/lms-devops-course.ts(720,38): error TS1127: Invalid character.
prisma/seeds/lms-devops-course.ts(720,40): error TS1005: ';' expected.
prisma/seeds/lms-devops-course.ts(721,9): error TS1005: ';' expected.
prisma/seeds/lms-devops-course.ts(721,19): error TS1005: ';' expected.
prisma/seeds/lms-devops-course.ts(721,38): error TS1127: Invalid character.
prisma/seeds/lms-devops-course.ts(721,40): error TS1005: ';' expected.
prisma/seeds/lms-devops-course.ts(722,9): error TS1005: ';' expected.
prisma/seeds/lms-devops-course.ts(722,19): error TS1005: ';' expected.
prisma/seeds/lms-devops-course.ts(722,38): error TS1127: Invalid character.
prisma/seeds/lms-devops-course.ts(722,40): error TS1005: ';' expected.
prisma/seeds/lms-devops-course.ts(723,9): error TS1005: ';' expected.
prisma/seeds/lms-devops-course.ts(723,19): error TS1005: ';' expected.
prisma/seeds/lms-devops-course.ts(723,38): error TS1127: Invalid character.
prisma/seeds/lms-devops-course.ts(723,40): error TS1005: ';' expected.
prisma/seeds/lms-devops-course.ts(723,45): error TS1434: Unexpected keyword or identifier.
prisma/seeds/lms-devops-course.ts(724,9): error TS1005: ';' expected.
prisma/seeds/lms-devops-course.ts(724,19): error TS1005: ';' expected.
prisma/seeds/lms-devops-course.ts(724,38): error TS1127: Invalid character.
prisma/seeds/lms-devops-course.ts(724,40): error TS1005: ';' expected.
prisma/seeds/lms-devops-course.ts(725,9): error TS1005: ';' expected.
prisma/seeds/lms-devops-course.ts(725,11): error TS1005: ';' expected.
prisma/seeds/lms-devops-course.ts(725,21): error TS1005: ';' expected.
prisma/seeds/lms-devops-course.ts(725,38): error TS1127: Invalid character.
prisma/seeds/lms-devops-course.ts(725,40): error TS1005: ';' expected.
prisma/seeds/lms-devops-course.ts(725,42): error TS1005: ';' expected.
prisma/seeds/lms-devops-course.ts(725,48): error TS1434: Unexpected keyword or identifier.
prisma/seeds/lms-devops-course.ts(726,9): error TS1005: ';' expected.
prisma/seeds/lms-devops-course.ts(726,11): error TS1005: ';' expected.
prisma/seeds/lms-devops-course.ts(726,21): error TS1005: ';' expected.
prisma/seeds/lms-devops-course.ts(726,38): error TS1127: Invalid character.
prisma/seeds/lms-devops-course.ts(726,40): error TS1005: ';' expected.
prisma/seeds/lms-devops-course.ts(726,42): error TS1005: ';' expected.
prisma/seeds/lms-devops-course.ts(726,48): error TS1434: Unexpected keyword or identifier.
prisma/seeds/lms-devops-course.ts(727,9): error TS1005: ';' expected.
prisma/seeds/lms-devops-course.ts(727,11): error TS1005: ';' expected.
prisma/seeds/lms-devops-course.ts(727,21): error TS1005: ';' expected.
prisma/seeds/lms-devops-course.ts(727,38): error TS1127: Invalid character.
prisma/seeds/lms-devops-course.ts(727,40): error TS1005: ';' expected.
prisma/seeds/lms-devops-course.ts(727,42): error TS1005: ';' expected.
prisma/seeds/lms-devops-course.ts(727,48): error TS1434: Unexpected keyword or identifier.
prisma/seeds/lms-devops-course.ts(727,55): error TS1434: Unexpected keyword or identifier.
prisma/seeds/lms-devops-course.ts(729,1): error TS1127: Invalid character.
prisma/seeds/lms-devops-course.ts(729,3): error TS1005: ';' expected.
prisma/seeds/lms-devops-course.ts(730,1): error TS1434: Unexpected keyword or identifier.
prisma/seeds/lms-devops-course.ts(730,15): error TS1109: Expression expected.
prisma/seeds/lms-devops-course.ts(730,18): error TS1134: Variable declaration expected.
prisma/seeds/lms-devops-course.ts(731,9): error TS1005: ';' expected.
prisma/seeds/lms-devops-course.ts(731,16): error TS1005: ';' expected.
prisma/seeds/lms-devops-course.ts(732,1): error TS1434: Unexpected keyword or identifier.
prisma/seeds/lms-devops-course.ts(732,15): error TS1005: ';' expected.
prisma/seeds/lms-devops-course.ts(733,1): error TS1127: Invalid character.
prisma/seeds/lms-devops-course.ts(733,2): error TS1127: Invalid character.
prisma/seeds/lms-devops-course.ts(733,7): error TS1127: Invalid character.
prisma/seeds/lms-devops-course.ts(733,8): error TS1127: Invalid character.
prisma/seeds/lms-devops-course.ts(736,4): error TS1127: Invalid character.
prisma/seeds/lms-devops-course.ts(736,5): error TS1127: Invalid character.
prisma/seeds/lms-devops-course.ts(736,10): error TS1005: ';' expected.
prisma/seeds/lms-devops-course.ts(737,18): error TS1005: ';' expected.
prisma/seeds/lms-devops-course.ts(737,39): error TS1127: Invalid character.
prisma/seeds/lms-devops-course.ts(737,41): error TS1005: ';' expected.
prisma/seeds/lms-devops-course.ts(737,46): error TS1434: Unexpected keyword or identifier.
prisma/seeds/lms-devops-course.ts(738,18): error TS1005: ';' expected.
prisma/seeds/lms-devops-course.ts(738,18): error TS1434: Unexpected keyword or identifier.
prisma/seeds/lms-devops-course.ts(738,39): error TS1127: Invalid character.
prisma/seeds/lms-devops-course.ts(738,41): error TS1005: ';' expected.
prisma/seeds/lms-devops-course.ts(738,46): error TS1434: Unexpected keyword or identifier.
prisma/seeds/lms-devops-course.ts(739,18): error TS1005: ';' expected.
prisma/seeds/lms-devops-course.ts(739,18): error TS1434: Unexpected keyword or identifier.
prisma/seeds/lms-devops-course.ts(739,39): error TS1127: Invalid character.
prisma/seeds/lms-devops-course.ts(739,41): error TS1005: ';' expected.
prisma/seeds/lms-devops-course.ts(739,46): error TS1434: Unexpected keyword or identifier.
prisma/seeds/lms-devops-course.ts(740,39): error TS1127: Invalid character.
prisma/seeds/lms-devops-course.ts(740,41): error TS1005: ';' expected.
prisma/seeds/lms-devops-course.ts(740,58): error TS1005: ';' expected.
prisma/seeds/lms-devops-course.ts(740,60): error TS1005: ';' expected.
prisma/seeds/lms-devops-course.ts(741,22): error TS1351: An identifier or keyword cannot immediately follow a numeric literal.
prisma/seeds/lms-devops-course.ts(741,22): error TS1434: Unexpected keyword or identifier.
prisma/seeds/lms-devops-course.ts(741,39): error TS1127: Invalid character.
prisma/seeds/lms-devops-course.ts(741,41): error TS1005: ';' expected.
prisma/seeds/lms-devops-course.ts(741,47): error TS1434: Unexpected keyword or identifier.
prisma/seeds/lms-devops-course.ts(741,54): error TS1434: Unexpected keyword or identifier.
prisma/seeds/lms-devops-course.ts(741,62): error TS1005: ';' expected.
prisma/seeds/lms-devops-course.ts(741,62): error TS1351: An identifier or keyword cannot immediately follow a numeric literal.
prisma/seeds/lms-devops-course.ts(742,18): error TS1005: ';' expected.
prisma/seeds/lms-devops-course.ts(742,39): error TS1127: Invalid character.
prisma/seeds/lms-devops-course.ts(742,41): error TS1005: ';' expected.
prisma/seeds/lms-devops-course.ts(742,46): error TS1434: Unexpected keyword or identifier.
prisma/seeds/lms-devops-course.ts(743,18): error TS1005: ';' expected.
prisma/seeds/lms-devops-course.ts(743,32): error TS1005: ';' expected.
prisma/seeds/lms-devops-course.ts(743,39): error TS1127: Invalid character.
prisma/seeds/lms-devops-course.ts(743,43): error TS1127: Invalid character.
prisma/seeds/lms-devops-course.ts(743,45): error TS1005: ';' expected.
prisma/seeds/lms-devops-course.ts(745,1): error TS1127: Invalid character.
prisma/seeds/lms-devops-course.ts(745,3): error TS1005: ';' expected.
prisma/seeds/lms-devops-course.ts(746,7): error TS1109: Expression expected.
prisma/seeds/lms-devops-course.ts(746,10): error TS1134: Variable declaration expected.
prisma/seeds/lms-devops-course.ts(747,1): error TS1434: Unexpected keyword or identifier.
prisma/seeds/lms-devops-course.ts(747,14): error TS1005: ';' expected.
prisma/seeds/lms-devops-course.ts(747,22): error TS1005: ';' expected.
prisma/seeds/lms-devops-course.ts(748,17): error TS1005: ';' expected.
prisma/seeds/lms-devops-course.ts(749,1): error TS1127: Invalid character.
prisma/seeds/lms-devops-course.ts(749,2): error TS1127: Invalid character.
prisma/seeds/lms-devops-course.ts(749,7): error TS1127: Invalid character.
prisma/seeds/lms-devops-course.ts(749,8): error TS1127: Invalid character.
prisma/seeds/lms-devops-course.ts(752,4): error TS1127: Invalid character.
prisma/seeds/lms-devops-course.ts(752,5): error TS1127: Invalid character.
prisma/seeds/lms-devops-course.ts(752,10): error TS1005: ';' expected.
prisma/seeds/lms-devops-course.ts(753,1): error TS1434: Unexpected keyword or identifier.
prisma/seeds/lms-devops-course.ts(753,18): error TS1005: ';' expected.
prisma/seeds/lms-devops-course.ts(753,39): error TS1127: Invalid character.
prisma/seeds/lms-devops-course.ts(753,41): error TS1005: ';' expected.
prisma/seeds/lms-devops-course.ts(753,49): error TS1434: Unexpected keyword or identifier.
prisma/seeds/lms-devops-course.ts(753,55): error TS1434: Unexpected keyword or identifier.
prisma/seeds/lms-devops-course.ts(753,66): error TS1434: Unexpected keyword or identifier.
prisma/seeds/lms-devops-course.ts(754,1): error TS1434: Unexpected keyword or identifier.
prisma/seeds/lms-devops-course.ts(754,19): error TS1005: ';' expected.
prisma/seeds/lms-devops-course.ts(754,39): error TS1127: Invalid character.
prisma/seeds/lms-devops-course.ts(754,41): error TS1005: ';' expected.
prisma/seeds/lms-devops-course.ts(754,49): error TS1434: Unexpected keyword or identifier.
prisma/seeds/lms-devops-course.ts(755,8): error TS1005: ';' expected.
prisma/seeds/lms-devops-course.ts(755,22): error TS1005: ';' expected.
prisma/seeds/lms-devops-course.ts(755,39): error TS1127: Invalid character.
prisma/seeds/lms-devops-course.ts(755,41): error TS1005: ';' expected.
prisma/seeds/lms-devops-course.ts(755,50): error TS1005: ';' expected.
prisma/seeds/lms-devops-course.ts(756,1): error TS1434: Unexpected keyword or identifier.
prisma/seeds/lms-devops-course.ts(756,13): error TS1005: ';' expected.
prisma/seeds/lms-devops-course.ts(756,39): error TS1127: Invalid character.
prisma/seeds/lms-devops-course.ts(756,41): error TS1005: ';' expected.
prisma/seeds/lms-devops-course.ts(756,48): error TS1434: Unexpected keyword or identifier.
prisma/seeds/lms-devops-course.ts(757,1): error TS1434: Unexpected keyword or identifier.
prisma/seeds/lms-devops-course.ts(757,18): error TS1005: ';' expected.
prisma/seeds/lms-devops-course.ts(757,39): error TS1127: Invalid character.
prisma/seeds/lms-devops-course.ts(757,41): error TS1005: ';' expected.
prisma/seeds/lms-devops-course.ts(757,48): error TS1434: Unexpected keyword or identifier.
prisma/seeds/lms-devops-course.ts(757,54): error TS1434: Unexpected keyword or identifier.
prisma/seeds/lms-devops-course.ts(758,1): error TS1434: Unexpected keyword or identifier.
prisma/seeds/lms-devops-course.ts(758,20): error TS1005: ';' expected.
prisma/seeds/lms-devops-course.ts(758,39): error TS1127: Invalid character.
prisma/seeds/lms-devops-course.ts(758,41): error TS1005: ';' expected.
prisma/seeds/lms-devops-course.ts(758,58): error TS1005: ';' expected.
prisma/seeds/lms-devops-course.ts(760,1): error TS1127: Invalid character.
prisma/seeds/lms-devops-course.ts(760,3): error TS1005: ';' expected.
prisma/seeds/lms-devops-course.ts(761,1): error TS1434: Unexpected keyword or identifier.
prisma/seeds/lms-devops-course.ts(761,23): error TS1005: ';' expected.
prisma/seeds/lms-devops-course.ts(762,8): error TS1005: ';' expected.
prisma/seeds/lms-devops-course.ts(762,34): error TS1005: ';' expected.
prisma/seeds/lms-devops-course.ts(763,1): error TS1127: Invalid character.
prisma/seeds/lms-devops-course.ts(763,2): error TS1127: Invalid character.
prisma/seeds/lms-devops-course.ts(763,7): error TS1127: Invalid character.
prisma/seeds/lms-devops-course.ts(763,8): error TS1127: Invalid character.
prisma/seeds/lms-devops-course.ts(766,4): error TS1127: Invalid character.
prisma/seeds/lms-devops-course.ts(766,5): error TS1127: Invalid character.
prisma/seeds/lms-devops-course.ts(766,10): error TS1005: ';' expected.
prisma/seeds/lms-devops-course.ts(767,1): error TS1434: Unexpected keyword or identifier.
prisma/seeds/lms-devops-course.ts(767,18): error TS1005: ';' expected.
prisma/seeds/lms-devops-course.ts(767,39): error TS1127: Invalid character.
prisma/seeds/lms-devops-course.ts(767,41): error TS1005: ';' expected.
prisma/seeds/lms-devops-course.ts(767,47): error TS1434: Unexpected keyword or identifier.
prisma/seeds/lms-devops-course.ts(768,1): error TS1434: Unexpected keyword or identifier.
prisma/seeds/lms-devops-course.ts(768,22): error TS1005: ';' expected.
prisma/seeds/lms-devops-course.ts(768,39): error TS1127: Invalid character.
prisma/seeds/lms-devops-course.ts(768,41): error TS1005: ';' expected.
prisma/seeds/lms-devops-course.ts(768,47): error TS1434: Unexpected keyword or identifier.
prisma/seeds/lms-devops-course.ts(768,57): error TS1005: ';' expected.
prisma/seeds/lms-devops-course.ts(769,1): error TS1434: Unexpected keyword or identifier.
prisma/seeds/lms-devops-course.ts(769,28): error TS1005: ';' expected.
prisma/seeds/lms-devops-course.ts(769,39): error TS1127: Invalid character.
prisma/seeds/lms-devops-course.ts(769,41): error TS1005: ';' expected.
prisma/seeds/lms-devops-course.ts(769,47): error TS1434: Unexpected keyword or identifier.
prisma/seeds/lms-devops-course.ts(769,53): error TS1434: Unexpected keyword or identifier.
prisma/seeds/lms-devops-course.ts(770,7): error TS1005: ';' expected.
prisma/seeds/lms-devops-course.ts(770,39): error TS1127: Invalid character.
prisma/seeds/lms-devops-course.ts(770,41): error TS1005: ';' expected.
prisma/seeds/lms-devops-course.ts(770,48): error TS1435: Unknown keyword or identifier. Did you mean 'yield'?
prisma/seeds/lms-devops-course.ts(772,1): error TS1127: Invalid character.
prisma/seeds/lms-devops-course.ts(772,3): error TS1005: ';' expected.
prisma/seeds/lms-devops-course.ts(773,1): error TS1434: Unexpected keyword or identifier.
prisma/seeds/lms-devops-course.ts(773,14): error TS1005: ';' expected.
prisma/seeds/lms-devops-course.ts(773,39): error TS1127: Invalid character.
prisma/seeds/lms-devops-course.ts(773,41): error TS1005: ';' expected.
prisma/seeds/lms-devops-course.ts(773,46): error TS1434: Unexpected keyword or identifier.
prisma/seeds/lms-devops-course.ts(774,13): error TS1005: ';' expected.
prisma/seeds/lms-devops-course.ts(774,39): error TS1127: Invalid character.
prisma/seeds/lms-devops-course.ts(774,41): error TS1005: ';' expected.
prisma/seeds/lms-devops-course.ts(774,52): error TS1434: Unexpected keyword or identifier.
prisma/seeds/lms-devops-course.ts(775,1): error TS1127: Invalid character.
prisma/seeds/lms-devops-course.ts(775,2): error TS1127: Invalid character.
prisma/seeds/lms-devops-course.ts(775,7): error TS1127: Invalid character.
prisma/seeds/lms-devops-course.ts(775,8): error TS1127: Invalid character.
prisma/seeds/lms-devops-course.ts(778,4): error TS1127: Invalid character.
prisma/seeds/lms-devops-course.ts(778,5): error TS1127: Invalid character.
prisma/seeds/lms-devops-course.ts(778,10): error TS1005: ';' expected.
prisma/seeds/lms-devops-course.ts(779,7): error TS1005: ';' expected.
prisma/seeds/lms-devops-course.ts(779,39): error TS1127: Invalid character.
prisma/seeds/lms-devops-course.ts(779,41): error TS1005: ';' expected.
prisma/seeds/lms-devops-course.ts(779,49): error TS1434: Unexpected keyword or identifier.
prisma/seeds/lms-devops-course.ts(780,12): error TS1005: ';' expected.
prisma/seeds/lms-devops-course.ts(780,39): error TS1127: Invalid character.
prisma/seeds/lms-devops-course.ts(780,41): error TS1005: ';' expected.
prisma/seeds/lms-devops-course.ts(780,49): error TS1434: Unexpected keyword or identifier.
prisma/seeds/lms-devops-course.ts(781,13): error TS1005: ';' expected.
prisma/seeds/lms-devops-course.ts(781,17): error TS1005: ';' expected.
prisma/seeds/lms-devops-course.ts(781,39): error TS1127: Invalid character.
prisma/seeds/lms-devops-course.ts(781,41): error TS1005: ';' expected.
prisma/seeds/lms-devops-course.ts(781,49): error TS1434: Unexpected keyword or identifier.
prisma/seeds/lms-devops-course.ts(782,1): error TS1127: Invalid character.
prisma/seeds/lms-devops-course.ts(782,2): error TS1127: Invalid character.
prisma/seeds/lms-devops-course.ts(782,7): error TS1127: Invalid character.
prisma/seeds/lms-devops-course.ts(782,8): error TS1127: Invalid character.
prisma/seeds/lms-devops-course.ts(785,4): error TS1127: Invalid character.
prisma/seeds/lms-devops-course.ts(785,5): error TS1127: Invalid character.
prisma/seeds/lms-devops-course.ts(785,10): error TS1005: ';' expected.
prisma/seeds/lms-devops-course.ts(786,1): error TS1434: Unexpected keyword or identifier.
prisma/seeds/lms-devops-course.ts(786,39): error TS1127: Invalid character.
prisma/seeds/lms-devops-course.ts(786,41): error TS1005: ';' expected.
prisma/seeds/lms-devops-course.ts(787,9): error TS1005: ';' expected.
prisma/seeds/lms-devops-course.ts(787,39): error TS1127: Invalid character.
prisma/seeds/lms-devops-course.ts(787,41): error TS1005: ';' expected.
prisma/seeds/lms-devops-course.ts(788,9): error TS1005: ';' expected.
prisma/seeds/lms-devops-course.ts(788,39): error TS1127: Invalid character.
prisma/seeds/lms-devops-course.ts(788,41): error TS1005: ';' expected.
prisma/seeds/lms-devops-course.ts(789,9): error TS1005: ';' expected.
prisma/seeds/lms-devops-course.ts(789,39): error TS1127: Invalid character.
prisma/seeds/lms-devops-course.ts(789,41): error TS1005: ';' expected.
prisma/seeds/lms-devops-course.ts(789,46): error TS1434: Unexpected keyword or identifier.
prisma/seeds/lms-devops-course.ts(789,50): error TS1434: Unexpected keyword or identifier.
prisma/seeds/lms-devops-course.ts(790,1): error TS1434: Unexpected keyword or identifier.
prisma/seeds/lms-devops-course.ts(790,39): error TS1127: Invalid character.
prisma/seeds/lms-devops-course.ts(790,41): error TS1005: ';' expected.
prisma/seeds/lms-devops-course.ts(790,48): error TS1434: Unexpected keyword or identifier.
prisma/seeds/lms-devops-course.ts(791,1): error TS1434: Unexpected keyword or identifier.
prisma/seeds/lms-devops-course.ts(791,39): error TS1127: Invalid character.
prisma/seeds/lms-devops-course.ts(791,41): error TS1005: ';' expected.
prisma/seeds/lms-devops-course.ts(792,1): error TS1127: Invalid character.
prisma/seeds/lms-devops-course.ts(792,2): error TS1127: Invalid character.
prisma/seeds/lms-devops-course.ts(792,7): error TS1127: Invalid character.
prisma/seeds/lms-devops-course.ts(792,8): error TS1127: Invalid character.
prisma/seeds/lms-devops-course.ts(795,4): error TS1127: Invalid character.
prisma/seeds/lms-devops-course.ts(795,5): error TS1127: Invalid character.
prisma/seeds/lms-devops-course.ts(795,10): error TS1005: ';' expected.
prisma/seeds/lms-devops-course.ts(796,1): error TS1434: Unexpected keyword or identifier.
prisma/seeds/lms-devops-course.ts(796,39): error TS1127: Invalid character.
prisma/seeds/lms-devops-course.ts(796,41): error TS1005: ';' expected.
prisma/seeds/lms-devops-course.ts(797,7): error TS1005: ';' expected.
prisma/seeds/lms-devops-course.ts(797,39): error TS1127: Invalid character.
prisma/seeds/lms-devops-course.ts(797,41): error TS1005: ';' expected.
prisma/seeds/lms-devops-course.ts(798,7): error TS1005: ';' expected.
prisma/seeds/lms-devops-course.ts(798,39): error TS1127: Invalid character.
prisma/seeds/lms-devops-course.ts(798,41): error TS1005: ';' expected.
prisma/seeds/lms-devops-course.ts(799,7): error TS1005: ';' expected.
prisma/seeds/lms-devops-course.ts(799,39): error TS1127: Invalid character.
prisma/seeds/lms-devops-course.ts(799,41): error TS1005: ';' expected.
prisma/seeds/lms-devops-course.ts(800,1): error TS1127: Invalid character.
prisma/seeds/lms-devops-course.ts(800,2): error TS1127: Invalid character.
prisma/seeds/lms-devops-course.ts(800,7): error TS1127: Invalid character.
prisma/seeds/lms-devops-course.ts(800,8): error TS1127: Invalid character.
prisma/seeds/lms-devops-course.ts(805,4): error TS1127: Invalid character.
prisma/seeds/lms-devops-course.ts(805,5): error TS1127: Invalid character.
prisma/seeds/lms-devops-course.ts(805,10): error TS1005: ';' expected.
prisma/seeds/lms-devops-course.ts(806,39): error TS1127: Invalid character.
prisma/seeds/lms-devops-course.ts(806,41): error TS1005: ';' expected.
prisma/seeds/lms-devops-course.ts(807,39): error TS1127: Invalid character.
prisma/seeds/lms-devops-course.ts(807,41): error TS1005: ';' expected.
prisma/seeds/lms-devops-course.ts(808,1): error TS1434: Unexpected keyword or identifier.
prisma/seeds/lms-devops-course.ts(808,39): error TS1127: Invalid character.
prisma/seeds/lms-devops-course.ts(808,41): error TS1005: ';' expected.
prisma/seeds/lms-devops-course.ts(809,10): error TS1109: Expression expected.
prisma/seeds/lms-devops-course.ts(809,39): error TS1127: Invalid character.
prisma/seeds/lms-devops-course.ts(809,41): error TS1005: ';' expected.
prisma/seeds/lms-devops-course.ts(809,50): error TS1434: Unexpected keyword or identifier.
prisma/seeds/lms-devops-course.ts(809,55): error TS1434: Unexpected keyword or identifier.
prisma/seeds/lms-devops-course.ts(809,62): error TS1434: Unexpected keyword or identifier.
prisma/seeds/lms-devops-course.ts(810,39): error TS1127: Invalid character.
prisma/seeds/lms-devops-course.ts(810,41): error TS1005: ';' expected.
prisma/seeds/lms-devops-course.ts(812,1): error TS1127: Invalid character.
prisma/seeds/lms-devops-course.ts(812,3): error TS1005: ';' expected.
prisma/seeds/lms-devops-course.ts(814,1): error TS1434: Unexpected keyword or identifier.
prisma/seeds/lms-devops-course.ts(815,14): error TS1005: ';' expected.
prisma/seeds/lms-devops-course.ts(815,23): error TS1005: ';' expected.
prisma/seeds/lms-devops-course.ts(815,38): error TS1127: Invalid character.
prisma/seeds/lms-devops-course.ts(815,40): error TS1005: ';' expected.
prisma/seeds/lms-devops-course.ts(816,1): error TS1127: Invalid character.
prisma/seeds/lms-devops-course.ts(816,2): error TS1127: Invalid character.
prisma/seeds/lms-devops-course.ts(816,7): error TS1127: Invalid character.
prisma/seeds/lms-devops-course.ts(816,8): error TS1127: Invalid character.
prisma/seeds/lms-devops-course.ts(819,4): error TS1127: Invalid character.
prisma/seeds/lms-devops-course.ts(819,5): error TS1127: Invalid character.
prisma/seeds/lms-devops-course.ts(819,10): error TS1005: ';' expected.
prisma/seeds/lms-devops-course.ts(820,39): error TS1127: Invalid character.
prisma/seeds/lms-devops-course.ts(820,41): error TS1005: ';' expected.
prisma/seeds/lms-devops-course.ts(820,46): error TS1435: Unknown keyword or identifier. Did you mean 'out put'?
prisma/seeds/lms-devops-course.ts(820,53): error TS1434: Unexpected keyword or identifier.
prisma/seeds/lms-devops-course.ts(820,56): error TS1434: Unexpected keyword or identifier.
prisma/seeds/lms-devops-course.ts(820,61): error TS1434: Unexpected keyword or identifier.
prisma/seeds/lms-devops-course.ts(822,1): error TS1127: Invalid character.
prisma/seeds/lms-devops-course.ts(822,3): error TS1005: ';' expected.
prisma/seeds/lms-devops-course.ts(823,1): error TS1434: Unexpected keyword or identifier.
prisma/seeds/lms-devops-course.ts(823,15): error TS1005: ';' expected.
prisma/seeds/lms-devops-course.ts(824,1): error TS1434: Unexpected keyword or identifier.
prisma/seeds/lms-devops-course.ts(824,23): error TS1005: ';' expected.
prisma/seeds/lms-devops-course.ts(825,32): error TS1005: ';' expected.
prisma/seeds/lms-devops-course.ts(826,21): error TS1005: ';' expected.
prisma/seeds/lms-devops-course.ts(827,1): error TS1127: Invalid character.
prisma/seeds/lms-devops-course.ts(827,2): error TS1127: Invalid character.
prisma/seeds/lms-devops-course.ts(827,7): error TS1127: Invalid character.
prisma/seeds/lms-devops-course.ts(827,8): error TS1127: Invalid character.
prisma/seeds/lms-devops-course.ts(830,4): error TS1127: Invalid character.
prisma/seeds/lms-devops-course.ts(830,5): error TS1127: Invalid character.
prisma/seeds/lms-devops-course.ts(830,10): error TS1005: ';' expected.
prisma/seeds/lms-devops-course.ts(831,1): error TS1127: Invalid character.
prisma/seeds/lms-devops-course.ts(831,3): error TS1005: ';' expected.
prisma/seeds/lms-devops-course.ts(831,8): error TS1434: Unexpected keyword or identifier.
prisma/seeds/lms-devops-course.ts(831,14): error TS1434: Unexpected keyword or identifier.
prisma/seeds/lms-devops-course.ts(831,20): error TS1434: Unexpected keyword or identifier.
prisma/seeds/lms-devops-course.ts(831,24): error TS1434: Unexpected keyword or identifier.
prisma/seeds/lms-devops-course.ts(831,29): error TS1434: Unexpected keyword or identifier.
prisma/seeds/lms-devops-course.ts(832,7): error TS1109: Expression expected.
prisma/seeds/lms-devops-course.ts(832,10): error TS1134: Variable declaration expected.
prisma/seeds/lms-devops-course.ts(834,1): error TS1127: Invalid character.
prisma/seeds/lms-devops-course.ts(834,3): error TS1005: ';' expected.
prisma/seeds/lms-devops-course.ts(834,9): error TS1434: Unexpected keyword or identifier.
prisma/seeds/lms-devops-course.ts(834,16): error TS1434: Unexpected keyword or identifier.
prisma/seeds/lms-devops-course.ts(835,1): error TS1434: Unexpected keyword or identifier.
prisma/seeds/lms-devops-course.ts(835,22): error TS1005: ';' expected.
prisma/seeds/lms-devops-course.ts(837,1): error TS1127: Invalid character.
prisma/seeds/lms-devops-course.ts(837,3): error TS1005: ';' expected.
prisma/seeds/lms-devops-course.ts(837,11): error TS1434: Unexpected keyword or identifier.
prisma/seeds/lms-devops-course.ts(838,20): error TS1005: ';' expected.
prisma/seeds/lms-devops-course.ts(840,1): error TS1127: Invalid character.
prisma/seeds/lms-devops-course.ts(840,3): error TS1005: ';' expected.
prisma/seeds/lms-devops-course.ts(840,8): error TS1434: Unexpected keyword or identifier.
prisma/seeds/lms-devops-course.ts(840,32): error TS1005: ';' expected.
prisma/seeds/lms-devops-course.ts(841,8): error TS1003: Identifier expected.
prisma/seeds/lms-devops-course.ts(841,14): error TS1005: ';' expected.
prisma/seeds/lms-devops-course.ts(841,28): error TS1005: ';' expected.
prisma/seeds/lms-devops-course.ts(841,35): error TS1005: ';' expected.
prisma/seeds/lms-devops-course.ts(841,67): error TS1005: ';' expected.
prisma/seeds/lms-devops-course.ts(841,70): error TS1127: Invalid character.
prisma/seeds/lms-devops-course.ts(842,1): error TS1127: Invalid character.
prisma/seeds/lms-devops-course.ts(842,2): error TS1127: Invalid character.
prisma/seeds/lms-devops-course.ts(842,7): error TS1127: Invalid character.
prisma/seeds/lms-devops-course.ts(842,8): error TS1127: Invalid character.
prisma/seeds/lms-devops-course.ts(847,4): error TS1127: Invalid character.
prisma/seeds/lms-devops-course.ts(847,5): error TS1127: Invalid character.
prisma/seeds/lms-devops-course.ts(847,10): error TS1005: ';' expected.
prisma/seeds/lms-devops-course.ts(848,1): error TS1127: Invalid character.
prisma/seeds/lms-devops-course.ts(848,3): error TS1005: ';' expected.
prisma/seeds/lms-devops-course.ts(849,1): error TS1127: Invalid character.
prisma/seeds/lms-devops-course.ts(849,3): error TS1005: ';' expected.
prisma/seeds/lms-devops-course.ts(850,1): error TS1127: Invalid character.
prisma/seeds/lms-devops-course.ts(850,3): error TS1005: ';' expected.
prisma/seeds/lms-devops-course.ts(851,1): error TS1127: Invalid character.
prisma/seeds/lms-devops-course.ts(851,3): error TS1005: ';' expected.
prisma/seeds/lms-devops-course.ts(853,1): error TS1127: Invalid character.
prisma/seeds/lms-devops-course.ts(853,3): error TS1005: ';' expected.
prisma/seeds/lms-devops-course.ts(854,1): error TS1127: Invalid character.
prisma/seeds/lms-devops-course.ts(854,3): error TS1005: ';' expected.
prisma/seeds/lms-devops-course.ts(855,1): error TS1127: Invalid character.
prisma/seeds/lms-devops-course.ts(855,3): error TS1005: ';' expected.
prisma/seeds/lms-devops-course.ts(856,1): error TS1127: Invalid character.
prisma/seeds/lms-devops-course.ts(856,3): error TS1005: ';' expected.
prisma/seeds/lms-devops-course.ts(857,1): error TS1127: Invalid character.
prisma/seeds/lms-devops-course.ts(857,3): error TS1005: ';' expected.
prisma/seeds/lms-devops-course.ts(858,1): error TS1127: Invalid character.
prisma/seeds/lms-devops-course.ts(858,3): error TS1005: ';' expected.
prisma/seeds/lms-devops-course.ts(858,11): error TS1005: ';' expected.
prisma/seeds/lms-devops-course.ts(859,1): error TS1127: Invalid character.
prisma/seeds/lms-devops-course.ts(859,2): error TS1127: Invalid character.
prisma/seeds/lms-devops-course.ts(859,7): error TS1127: Invalid character.
prisma/seeds/lms-devops-course.ts(859,8): error TS1127: Invalid character.
prisma/seeds/lms-devops-course.ts(862,4): error TS1127: Invalid character.
prisma/seeds/lms-devops-course.ts(862,5): error TS1127: Invalid character.
prisma/seeds/lms-devops-course.ts(862,10): error TS1005: ';' expected.
prisma/seeds/lms-devops-course.ts(863,1): error TS1434: Unexpected keyword or identifier.
prisma/seeds/lms-devops-course.ts(863,11): error TS1005: ';' expected.
prisma/seeds/lms-devops-course.ts(863,39): error TS1127: Invalid character.
prisma/seeds/lms-devops-course.ts(863,41): error TS1005: ';' expected.
prisma/seeds/lms-devops-course.ts(864,1): error TS1434: Unexpected keyword or identifier.
prisma/seeds/lms-devops-course.ts(864,11): error TS1005: ';' expected.
prisma/seeds/lms-devops-course.ts(864,39): error TS1127: Invalid character.
prisma/seeds/lms-devops-course.ts(864,41): error TS1005: ';' expected.
prisma/seeds/lms-devops-course.ts(864,47): error TS1005: ';' expected.
prisma/seeds/lms-devops-course.ts(865,10): error TS1005: ';' expected.
prisma/seeds/lms-devops-course.ts(865,39): error TS1127: Invalid character.
prisma/seeds/lms-devops-course.ts(865,41): error TS1005: ';' expected.
prisma/seeds/lms-devops-course.ts(865,45): error TS1434: Unexpected keyword or identifier.
prisma/seeds/lms-devops-course.ts(866,10): error TS1005: ';' expected.
prisma/seeds/lms-devops-course.ts(866,39): error TS1127: Invalid character.
prisma/seeds/lms-devops-course.ts(866,41): error TS1005: ';' expected.
prisma/seeds/lms-devops-course.ts(866,48): error TS1434: Unexpected keyword or identifier.
prisma/seeds/lms-devops-course.ts(867,1): error TS1434: Unexpected keyword or identifier.
prisma/seeds/lms-devops-course.ts(867,15): error TS1005: ';' expected.
prisma/seeds/lms-devops-course.ts(867,39): error TS1127: Invalid character.
prisma/seeds/lms-devops-course.ts(867,41): error TS1005: ';' expected.
prisma/seeds/lms-devops-course.ts(867,45): error TS1434: Unexpected keyword or identifier.
prisma/seeds/lms-devops-course.ts(867,57): error TS1005: '(' expected.
prisma/seeds/lms-devops-course.ts(867,62): error TS1005: ';' expected.
prisma/seeds/lms-devops-course.ts(867,66): error TS1005: ';' expected.
prisma/seeds/lms-devops-course.ts(868,1): error TS1005: ')' expected.
prisma/seeds/lms-devops-course.ts(868,10): error TS1005: ';' expected.
prisma/seeds/lms-devops-course.ts(868,14): error TS1005: ';' expected.
prisma/seeds/lms-devops-course.ts(868,39): error TS1127: Invalid character.
prisma/seeds/lms-devops-course.ts(868,41): error TS1005: ';' expected.
prisma/seeds/lms-devops-course.ts(869,1): error TS1127: Invalid character.
prisma/seeds/lms-devops-course.ts(869,2): error TS1127: Invalid character.
prisma/seeds/lms-devops-course.ts(869,7): error TS1127: Invalid character.
prisma/seeds/lms-devops-course.ts(869,8): error TS1127: Invalid character.
prisma/seeds/lms-devops-course.ts(872,4): error TS1127: Invalid character.
prisma/seeds/lms-devops-course.ts(872,5): error TS1127: Invalid character.
prisma/seeds/lms-devops-course.ts(872,10): error TS1005: ';' expected.
prisma/seeds/lms-devops-course.ts(873,1): error TS1434: Unexpected keyword or identifier.
prisma/seeds/lms-devops-course.ts(873,12): error TS1434: Unexpected keyword or identifier.
prisma/seeds/lms-devops-course.ts(873,39): error TS1127: Invalid character.
prisma/seeds/lms-devops-course.ts(873,41): error TS1005: ';' expected.
prisma/seeds/lms-devops-course.ts(873,48): error TS1434: Unexpected keyword or identifier.
prisma/seeds/lms-devops-course.ts(873,54): error TS1434: Unexpected keyword or identifier.
prisma/seeds/lms-devops-course.ts(874,1): error TS1434: Unexpected keyword or identifier.
prisma/seeds/lms-devops-course.ts(874,7): error TS1434: Unexpected keyword or identifier.
prisma/seeds/lms-devops-course.ts(874,39): error TS1127: Invalid character.
prisma/seeds/lms-devops-course.ts(874,41): error TS1005: ';' expected.
prisma/seeds/lms-devops-course.ts(874,48): error TS1434: Unexpected keyword or identifier.
prisma/seeds/lms-devops-course.ts(875,8): error TS1434: Unexpected keyword or identifier.
prisma/seeds/lms-devops-course.ts(875,39): error TS1127: Invalid character.
prisma/seeds/lms-devops-course.ts(875,41): error TS1005: ';' expected.
prisma/seeds/lms-devops-course.ts(875,48): error TS1434: Unexpected keyword or identifier.
prisma/seeds/lms-devops-course.ts(876,10): error TS1005: ';' expected.
prisma/seeds/lms-devops-course.ts(876,15): error TS1434: Unexpected keyword or identifier.
prisma/seeds/lms-devops-course.ts(876,39): error TS1127: Invalid character.
prisma/seeds/lms-devops-course.ts(876,41): error TS1005: ';' expected.
prisma/seeds/lms-devops-course.ts(877,1): error TS1127: Invalid character.
prisma/seeds/lms-devops-course.ts(877,2): error TS1127: Invalid character.
prisma/seeds/lms-devops-course.ts(877,7): error TS1127: Invalid character.
prisma/seeds/lms-devops-course.ts(877,8): error TS1127: Invalid character.
prisma/seeds/lms-devops-course.ts(882,4): error TS1127: Invalid character.
prisma/seeds/lms-devops-course.ts(882,5): error TS1127: Invalid character.
prisma/seeds/lms-devops-course.ts(882,10): error TS1005: ';' expected.
prisma/seeds/lms-devops-course.ts(883,1): error TS1127: Invalid character.
prisma/seeds/lms-devops-course.ts(883,3): error TS1005: ';' expected.
prisma/seeds/lms-devops-course.ts(884,10): error TS1005: ';' expected.
prisma/seeds/lms-devops-course.ts(884,22): error TS1005: ';' expected.
prisma/seeds/lms-devops-course.ts(884,39): error TS1127: Invalid character.
prisma/seeds/lms-devops-course.ts(884,41): error TS1005: ';' expected.
prisma/seeds/lms-devops-course.ts(885,11): error TS1005: ';' expected.
prisma/seeds/lms-devops-course.ts(885,26): error TS1005: ';' expected.
prisma/seeds/lms-devops-course.ts(885,39): error TS1127: Invalid character.
prisma/seeds/lms-devops-course.ts(885,41): error TS1005: ';' expected.
prisma/seeds/lms-devops-course.ts(886,11): error TS1005: ';' expected.
prisma/seeds/lms-devops-course.ts(886,27): error TS1005: ';' expected.
prisma/seeds/lms-devops-course.ts(886,39): error TS1127: Invalid character.
prisma/seeds/lms-devops-course.ts(886,41): error TS1005: ';' expected.
prisma/seeds/lms-devops-course.ts(886,64): error TS1005: ',' expected.
prisma/seeds/lms-devops-course.ts(888,1): error TS1127: Invalid character.
prisma/seeds/lms-devops-course.ts(888,3): error TS1005: ';' expected.
prisma/seeds/lms-devops-course.ts(889,10): error TS1005: ';' expected.
prisma/seeds/lms-devops-course.ts(889,39): error TS1127: Invalid character.
prisma/seeds/lms-devops-course.ts(889,41): error TS1005: ';' expected.
prisma/seeds/lms-devops-course.ts(890,11): error TS1005: ';' expected.
prisma/seeds/lms-devops-course.ts(890,39): error TS1127: Invalid character.
prisma/seeds/lms-devops-course.ts(890,41): error TS1005: ';' expected.
prisma/seeds/lms-devops-course.ts(891,11): error TS1005: ';' expected.
prisma/seeds/lms-devops-course.ts(891,39): error TS1127: Invalid character.
prisma/seeds/lms-devops-course.ts(891,41): error TS1005: ';' expected.
prisma/seeds/lms-devops-course.ts(892,11): error TS1005: ';' expected.
prisma/seeds/lms-devops-course.ts(892,39): error TS1127: Invalid character.
prisma/seeds/lms-devops-course.ts(892,41): error TS1005: ';' expected.
prisma/seeds/lms-devops-course.ts(892,49): error TS1434: Unexpected keyword or identifier.
prisma/seeds/lms-devops-course.ts(892,52): error TS1434: Unexpected keyword or identifier.
prisma/seeds/lms-devops-course.ts(894,1): error TS1127: Invalid character.
prisma/seeds/lms-devops-course.ts(894,3): error TS1005: ';' expected.
prisma/seeds/lms-devops-course.ts(895,10): error TS1005: ';' expected.
prisma/seeds/lms-devops-course.ts(895,39): error TS1127: Invalid character.
prisma/seeds/lms-devops-course.ts(895,41): error TS1005: ';' expected.
prisma/seeds/lms-devops-course.ts(895,46): error TS1435: Unknown keyword or identifier. Did you mean 'with out'?
prisma/seeds/lms-devops-course.ts(897,1): error TS1127: Invalid character.
prisma/seeds/lms-devops-course.ts(897,3): error TS1005: ';' expected.
prisma/seeds/lms-devops-course.ts(898,1): error TS1127: Invalid character.
prisma/seeds/lms-devops-course.ts(898,2): error TS1127: Invalid character.
prisma/seeds/lms-devops-course.ts(898,7): error TS1127: Invalid character.
prisma/seeds/lms-devops-course.ts(898,8): error TS1127: Invalid character.
prisma/seeds/lms-devops-course.ts(901,4): error TS1127: Invalid character.
prisma/seeds/lms-devops-course.ts(901,5): error TS1127: Invalid character.
prisma/seeds/lms-devops-course.ts(901,10): error TS1005: ';' expected.
prisma/seeds/lms-devops-course.ts(902,1): error TS1434: Unexpected keyword or identifier.
prisma/seeds/lms-devops-course.ts(902,39): error TS1127: Invalid character.
prisma/seeds/lms-devops-course.ts(902,41): error TS1005: ';' expected.
prisma/seeds/lms-devops-course.ts(902,59): error TS1005: ',' expected.
prisma/seeds/lms-devops-course.ts(903,1): error TS1434: Unexpected keyword or identifier.
prisma/seeds/lms-devops-course.ts(903,39): error TS1127: Invalid character.
prisma/seeds/lms-devops-course.ts(903,41): error TS1005: ';' expected.
prisma/seeds/lms-devops-course.ts(904,9): error TS1005: ';' expected.
prisma/seeds/lms-devops-course.ts(904,39): error TS1127: Invalid character.
prisma/seeds/lms-devops-course.ts(904,41): error TS1005: ';' expected.
prisma/seeds/lms-devops-course.ts(904,46): error TS1434: Unexpected keyword or identifier.
prisma/seeds/lms-devops-course.ts(905,9): error TS1005: ';' expected.
prisma/seeds/lms-devops-course.ts(905,39): error TS1127: Invalid character.
prisma/seeds/lms-devops-course.ts(905,41): error TS1005: ';' expected.
prisma/seeds/lms-devops-course.ts(905,50): error TS1434: Unexpected keyword or identifier.
prisma/seeds/lms-devops-course.ts(906,1): error TS1127: Invalid character.
prisma/seeds/lms-devops-course.ts(906,2): error TS1127: Invalid character.
prisma/seeds/lms-devops-course.ts(906,7): error TS1127: Invalid character.
prisma/seeds/lms-devops-course.ts(906,8): error TS1127: Invalid character.
prisma/seeds/lms-devops-course.ts(909,4): error TS1127: Invalid character.
prisma/seeds/lms-devops-course.ts(909,5): error TS1127: Invalid character.
prisma/seeds/lms-devops-course.ts(909,10): error TS1005: ';' expected.
prisma/seeds/lms-devops-course.ts(910,1): error TS1434: Unexpected keyword or identifier.
prisma/seeds/lms-devops-course.ts(910,17): error TS1005: ';' expected.
prisma/seeds/lms-devops-course.ts(910,27): error TS1005: ';' expected.
prisma/seeds/lms-devops-course.ts(910,39): error TS1127: Invalid character.
prisma/seeds/lms-devops-course.ts(910,41): error TS1005: ';' expected.
prisma/seeds/lms-devops-course.ts(911,8): error TS1005: ';' expected.
prisma/seeds/lms-devops-course.ts(911,20): error TS1005: ';' expected.
prisma/seeds/lms-devops-course.ts(911,39): error TS1127: Invalid character.
prisma/seeds/lms-devops-course.ts(911,41): error TS1005: ';' expected.
prisma/seeds/lms-devops-course.ts(912,1): error TS1434: Unexpected keyword or identifier.
prisma/seeds/lms-devops-course.ts(912,39): error TS1127: Invalid character.
prisma/seeds/lms-devops-course.ts(912,41): error TS1005: ';' expected.
prisma/seeds/lms-devops-course.ts(913,10): error TS1005: ';' expected.
prisma/seeds/lms-devops-course.ts(913,39): error TS1127: Invalid character.
prisma/seeds/lms-devops-course.ts(913,41): error TS1005: ';' expected.
prisma/seeds/lms-devops-course.ts(914,1): error TS1127: Invalid character.
prisma/seeds/lms-devops-course.ts(914,2): error TS1127: Invalid character.
prisma/seeds/lms-devops-course.ts(914,7): error TS1127: Invalid character.
prisma/seeds/lms-devops-course.ts(914,8): error TS1127: Invalid character.
prisma/seeds/lms-devops-course.ts(919,4): error TS1127: Invalid character.
prisma/seeds/lms-devops-course.ts(919,5): error TS1127: Invalid character.
prisma/seeds/lms-devops-course.ts(919,10): error TS1005: ';' expected.
prisma/seeds/lms-devops-course.ts(920,1): error TS1434: Unexpected keyword or identifier.
prisma/seeds/lms-devops-course.ts(920,39): error TS1127: Invalid character.
prisma/seeds/lms-devops-course.ts(920,41): error TS1005: ';' expected.
prisma/seeds/lms-devops-course.ts(920,49): error TS1434: Unexpected keyword or identifier.
prisma/seeds/lms-devops-course.ts(921,1): error TS1434: Unexpected keyword or identifier.
prisma/seeds/lms-devops-course.ts(921,4): error TS1434: Unexpected keyword or identifier.
prisma/seeds/lms-devops-course.ts(921,39): error TS1127: Invalid character.
prisma/seeds/lms-devops-course.ts(921,41): error TS1005: ';' expected.
prisma/seeds/lms-devops-course.ts(922,1): error TS1434: Unexpected keyword or identifier.
prisma/seeds/lms-devops-course.ts(922,15): error TS1005: ';' expected.
prisma/seeds/lms-devops-course.ts(922,15): error TS1434: Unexpected keyword or identifier.
prisma/seeds/lms-devops-course.ts(922,39): error TS1127: Invalid character.
prisma/seeds/lms-devops-course.ts(922,41): error TS1005: ';' expected.
prisma/seeds/lms-devops-course.ts(922,46): error TS1434: Unexpected keyword or identifier.
prisma/seeds/lms-devops-course.ts(923,1): error TS1434: Unexpected keyword or identifier.
prisma/seeds/lms-devops-course.ts(923,39): error TS1127: Invalid character.
prisma/seeds/lms-devops-course.ts(923,41): error TS1005: ';' expected.
prisma/seeds/lms-devops-course.ts(923,51): error TS1005: ';' expected.
prisma/seeds/lms-devops-course.ts(924,1): error TS1434: Unexpected keyword or identifier.
prisma/seeds/lms-devops-course.ts(924,39): error TS1127: Invalid character.
prisma/seeds/lms-devops-course.ts(924,41): error TS1005: ';' expected.
prisma/seeds/lms-devops-course.ts(924,53): error TS1434: Unexpected keyword or identifier.
prisma/seeds/lms-devops-course.ts(925,1): error TS1434: Unexpected keyword or identifier.
prisma/seeds/lms-devops-course.ts(925,39): error TS1127: Invalid character.
prisma/seeds/lms-devops-course.ts(925,41): error TS1005: ';' expected.
prisma/seeds/lms-devops-course.ts(926,1): error TS1127: Invalid character.
prisma/seeds/lms-devops-course.ts(926,2): error TS1127: Invalid character.
prisma/seeds/lms-devops-course.ts(926,7): error TS1127: Invalid character.
prisma/seeds/lms-devops-course.ts(926,8): error TS1127: Invalid character.
prisma/seeds/lms-devops-course.ts(929,4): error TS1127: Invalid character.
prisma/seeds/lms-devops-course.ts(929,5): error TS1127: Invalid character.
prisma/seeds/lms-devops-course.ts(929,10): error TS1005: ';' expected.
prisma/seeds/lms-devops-course.ts(930,1): error TS1434: Unexpected keyword or identifier.
prisma/seeds/lms-devops-course.ts(930,6): error TS1434: Unexpected keyword or identifier.
prisma/seeds/lms-devops-course.ts(930,39): error TS1127: Invalid character.
prisma/seeds/lms-devops-course.ts(930,41): error TS1005: ';' expected.
prisma/seeds/lms-devops-course.ts(931,9): error TS1005: ';' expected.
prisma/seeds/lms-devops-course.ts(931,9): error TS1434: Unexpected keyword or identifier.
prisma/seeds/lms-devops-course.ts(931,39): error TS1127: Invalid character.
prisma/seeds/lms-devops-course.ts(931,41): error TS1005: ';' expected.
prisma/seeds/lms-devops-course.ts(932,1): error TS1434: Unexpected keyword or identifier.
prisma/seeds/lms-devops-course.ts(932,9): error TS1434: Unexpected keyword or identifier.
prisma/seeds/lms-devops-course.ts(932,39): error TS1127: Invalid character.
prisma/seeds/lms-devops-course.ts(932,41): error TS1005: ';' expected.
prisma/seeds/lms-devops-course.ts(932,46): error TS1434: Unexpected keyword or identifier.
prisma/seeds/lms-devops-course.ts(933,1): error TS1434: Unexpected keyword or identifier.
prisma/seeds/lms-devops-course.ts(933,7): error TS1434: Unexpected keyword or identifier.
prisma/seeds/lms-devops-course.ts(933,39): error TS1127: Invalid character.
prisma/seeds/lms-devops-course.ts(933,41): error TS1005: ';' expected.
prisma/seeds/lms-devops-course.ts(933,46): error TS1434: Unexpected keyword or identifier.
prisma/seeds/lms-devops-course.ts(935,1): error TS1127: Invalid character.
prisma/seeds/lms-devops-course.ts(935,3): error TS1005: ';' expected.
prisma/seeds/lms-devops-course.ts(935,14): error TS1434: Unexpected keyword or identifier.
prisma/seeds/lms-devops-course.ts(936,39): error TS1127: Invalid character.
prisma/seeds/lms-devops-course.ts(936,41): error TS1005: ';' expected.
prisma/seeds/lms-devops-course.ts(937,1): error TS1434: Unexpected keyword or identifier.
prisma/seeds/lms-devops-course.ts(937,39): error TS1127: Invalid character.
prisma/seeds/lms-devops-course.ts(937,41): error TS1005: ';' expected.
prisma/seeds/lms-devops-course.ts(937,46): error TS1434: Unexpected keyword or identifier.
prisma/seeds/lms-devops-course.ts(938,39): error TS1127: Invalid character.
prisma/seeds/lms-devops-course.ts(938,41): error TS1005: ';' expected.
prisma/seeds/lms-devops-course.ts(938,47): error TS1434: Unexpected keyword or identifier.
prisma/seeds/lms-devops-course.ts(938,53): error TS1005: ';' expected.
prisma/seeds/lms-devops-course.ts(939,39): error TS1127: Invalid character.
prisma/seeds/lms-devops-course.ts(939,41): error TS1005: ';' expected.
prisma/seeds/lms-devops-course.ts(939,48): error TS1434: Unexpected keyword or identifier.
prisma/seeds/lms-devops-course.ts(940,39): error TS1127: Invalid character.
prisma/seeds/lms-devops-course.ts(940,41): error TS1005: ';' expected.
prisma/seeds/lms-devops-course.ts(940,49): error TS1434: Unexpected keyword or identifier.
prisma/seeds/lms-devops-course.ts(941,1): error TS1127: Invalid character.
prisma/seeds/lms-devops-course.ts(941,2): error TS1127: Invalid character.
prisma/seeds/lms-devops-course.ts(941,7): error TS1127: Invalid character.
prisma/seeds/lms-devops-course.ts(941,8): error TS1127: Invalid character.
prisma/seeds/lms-devops-course.ts(945,4): error TS1127: Invalid character.
prisma/seeds/lms-devops-course.ts(945,5): error TS1127: Invalid character.
prisma/seeds/lms-devops-course.ts(945,10): error TS1005: ';' expected.
prisma/seeds/lms-devops-course.ts(946,1): error TS1127: Invalid character.
prisma/seeds/lms-devops-course.ts(946,3): error TS1005: ';' expected.
prisma/seeds/lms-devops-course.ts(947,1): error TS1434: Unexpected keyword or identifier.
prisma/seeds/lms-devops-course.ts(947,39): error TS1127: Invalid character.
prisma/seeds/lms-devops-course.ts(947,41): error TS1005: ';' expected.
prisma/seeds/lms-devops-course.ts(947,45): error TS1434: Unexpected keyword or identifier.
prisma/seeds/lms-devops-course.ts(947,49): error TS1434: Unexpected keyword or identifier.
prisma/seeds/lms-devops-course.ts(948,1): error TS1434: Unexpected keyword or identifier.
prisma/seeds/lms-devops-course.ts(948,39): error TS1127: Invalid character.
prisma/seeds/lms-devops-course.ts(948,41): error TS1005: ';' expected.
prisma/seeds/lms-devops-course.ts(949,39): error TS1127: Invalid character.
prisma/seeds/lms-devops-course.ts(949,41): error TS1005: ';' expected.
prisma/seeds/lms-devops-course.ts(950,39): error TS1127: Invalid character.
prisma/seeds/lms-devops-course.ts(950,41): error TS1005: ';' expected.
prisma/seeds/lms-devops-course.ts(951,8): error TS1005: ';' expected.
prisma/seeds/lms-devops-course.ts(951,39): error TS1127: Invalid character.
prisma/seeds/lms-devops-course.ts(951,41): error TS1005: ';' expected.
prisma/seeds/lms-devops-course.ts(952,9): error TS1005: ';' expected.
prisma/seeds/lms-devops-course.ts(952,18): error TS1005: ';' expected.
prisma/seeds/lms-devops-course.ts(952,39): error TS1127: Invalid character.
prisma/seeds/lms-devops-course.ts(952,41): error TS1005: ';' expected.
prisma/seeds/lms-devops-course.ts(954,1): error TS1127: Invalid character.
prisma/seeds/lms-devops-course.ts(954,3): error TS1005: ';' expected.
prisma/seeds/lms-devops-course.ts(955,39): error TS1127: Invalid character.
prisma/seeds/lms-devops-course.ts(955,41): error TS1005: ';' expected.
prisma/seeds/lms-devops-course.ts(956,1): error TS1434: Unexpected keyword or identifier.
prisma/seeds/lms-devops-course.ts(956,39): error TS1127: Invalid character.
prisma/seeds/lms-devops-course.ts(956,41): error TS1005: ';' expected.
prisma/seeds/lms-devops-course.ts(956,50): error TS1434: Unexpected keyword or identifier.
prisma/seeds/lms-devops-course.ts(957,1): error TS1434: Unexpected keyword or identifier.
prisma/seeds/lms-devops-course.ts(957,39): error TS1127: Invalid character.
prisma/seeds/lms-devops-course.ts(957,41): error TS1005: ';' expected.
prisma/seeds/lms-devops-course.ts(957,48): error TS1434: Unexpected keyword or identifier.
prisma/seeds/lms-devops-course.ts(957,55): error TS1434: Unexpected keyword or identifier.
prisma/seeds/lms-devops-course.ts(958,39): error TS1127: Invalid character.
prisma/seeds/lms-devops-course.ts(958,41): error TS1005: ';' expected.
prisma/seeds/lms-devops-course.ts(959,39): error TS1127: Invalid character.
prisma/seeds/lms-devops-course.ts(959,41): error TS1005: ';' expected.
prisma/seeds/lms-devops-course.ts(960,1): error TS1434: Unexpected keyword or identifier.
prisma/seeds/lms-devops-course.ts(960,39): error TS1127: Invalid character.
prisma/seeds/lms-devops-course.ts(960,41): error TS1005: ';' expected.
prisma/seeds/lms-devops-course.ts(960,45): error TS1434: Unexpected keyword or identifier.
prisma/seeds/lms-devops-course.ts(961,1): error TS1434: Unexpected keyword or identifier.
prisma/seeds/lms-devops-course.ts(961,39): error TS1127: Invalid character.
prisma/seeds/lms-devops-course.ts(961,41): error TS1005: ';' expected.
prisma/seeds/lms-devops-course.ts(962,1): error TS1127: Invalid character.
prisma/seeds/lms-devops-course.ts(962,2): error TS1127: Invalid character.
prisma/seeds/lms-devops-course.ts(962,7): error TS1127: Invalid character.
prisma/seeds/lms-devops-course.ts(962,8): error TS1127: Invalid character.
prisma/seeds/lms-devops-course.ts(966,4): error TS1127: Invalid character.
prisma/seeds/lms-devops-course.ts(966,5): error TS1127: Invalid character.
prisma/seeds/lms-devops-course.ts(966,10): error TS1005: ';' expected.
prisma/seeds/lms-devops-course.ts(967,1): error TS1434: Unexpected keyword or identifier.
prisma/seeds/lms-devops-course.ts(967,4): error TS1434: Unexpected keyword or identifier.
prisma/seeds/lms-devops-course.ts(967,9): error TS1434: Unexpected keyword or identifier.
prisma/seeds/lms-devops-course.ts(967,39): error TS1127: Invalid character.
prisma/seeds/lms-devops-course.ts(967,41): error TS1005: ';' expected.
prisma/seeds/lms-devops-course.ts(968,1): error TS1434: Unexpected keyword or identifier.
prisma/seeds/lms-devops-course.ts(968,4): error TS1435: Unknown keyword or identifier. Did you mean 'out'?
prisma/seeds/lms-devops-course.ts(968,10): error TS1434: Unexpected keyword or identifier.
prisma/seeds/lms-devops-course.ts(968,39): error TS1127: Invalid character.
prisma/seeds/lms-devops-course.ts(968,41): error TS1005: ';' expected.
prisma/seeds/lms-devops-course.ts(969,1): error TS1434: Unexpected keyword or identifier.
prisma/seeds/lms-devops-course.ts(969,39): error TS1127: Invalid character.
prisma/seeds/lms-devops-course.ts(969,41): error TS1005: ';' expected.
prisma/seeds/lms-devops-course.ts(970,1): error TS1434: Unexpected keyword or identifier.
prisma/seeds/lms-devops-course.ts(970,39): error TS1127: Invalid character.
prisma/seeds/lms-devops-course.ts(970,41): error TS1005: ';' expected.
prisma/seeds/lms-devops-course.ts(971,39): error TS1127: Invalid character.
prisma/seeds/lms-devops-course.ts(971,41): error TS1005: ';' expected.
prisma/seeds/lms-devops-course.ts(972,39): error TS1127: Invalid character.
prisma/seeds/lms-devops-course.ts(972,41): error TS1005: ';' expected.
prisma/seeds/lms-devops-course.ts(972,67): error TS1005: ',' expected.
prisma/seeds/lms-devops-course.ts(972,72): error TS1005: ',' expected.
prisma/seeds/lms-devops-course.ts(973,1): error TS1434: Unexpected keyword or identifier.
prisma/seeds/lms-devops-course.ts(974,1): error TS1435: Unknown keyword or identifier. Did you mean 'get'?
prisma/seeds/lms-devops-course.ts(975,1): error TS1127: Invalid character.
prisma/seeds/lms-devops-course.ts(975,2): error TS1127: Invalid character.
prisma/seeds/lms-devops-course.ts(975,7): error TS1127: Invalid character.
prisma/seeds/lms-devops-course.ts(975,8): error TS1127: Invalid character.
prisma/seeds/lms-devops-course.ts(989,20): error TS1005: ';' expected.
prisma/seeds/lms-devops-course.ts(1006,9): error TS1109: Expression expected.
prisma/seeds/lms-devops-course.ts(1006,10): error TS1128: Declaration or statement expected.
prisma/seeds/lms-devops-course.ts(1009,16): error TS1005: ';' expected.
prisma/seeds/lms-devops-course.ts(1010,16): error TS1005: ';' expected.
prisma/seeds/lms-devops-course.ts(1011,19): error TS1005: ';' expected.
prisma/seeds/lms-devops-course.ts(1012,18): error TS1005: ';' expected.
prisma/seeds/lms-devops-course.ts(1028,4): error TS1127: Invalid character.
prisma/seeds/lms-devops-course.ts(1028,5): error TS1127: Invalid character.
prisma/seeds/lms-devops-course.ts(1028,10): error TS1005: ';' expected.
prisma/seeds/lms-devops-course.ts(1029,1): error TS18026: '#!' can only be used at the start of a file.
prisma/seeds/lms-devops-course.ts(1030,1): error TS1127: Invalid character.
prisma/seeds/lms-devops-course.ts(1030,3): error TS1005: ';' expected.
prisma/seeds/lms-devops-course.ts(1030,8): error TS1228: A type predicate is only allowed in return type position for functions and methods.
prisma/seeds/lms-devops-course.ts(1030,11): error TS1434: Unexpected keyword or identifier.
prisma/seeds/lms-devops-course.ts(1031,1): error TS1127: Invalid character.
prisma/seeds/lms-devops-course.ts(1031,3): error TS1005: ';' expected.
prisma/seeds/lms-devops-course.ts(1031,7): error TS1434: Unexpected keyword or identifier.
prisma/seeds/lms-devops-course.ts(1031,13): error TS1434: Unexpected keyword or identifier.
prisma/seeds/lms-devops-course.ts(1031,18): error TS1228: A type predicate is only allowed in return type position for functions and methods.
prisma/seeds/lms-devops-course.ts(1031,21): error TS1434: Unexpected keyword or identifier.
prisma/seeds/lms-devops-course.ts(1031,48): error TS1005: ';' expected.
prisma/seeds/lms-devops-course.ts(1033,1): error TS1434: Unexpected keyword or identifier.
prisma/seeds/lms-devops-course.ts(1034,1): error TS1434: Unexpected keyword or identifier.
prisma/seeds/lms-devops-course.ts(1035,1): error TS1434: Unexpected keyword or identifier.
prisma/seeds/lms-devops-course.ts(1036,1): error TS1127: Invalid character.
prisma/seeds/lms-devops-course.ts(1036,2): error TS1127: Invalid character.
prisma/seeds/lms-devops-course.ts(1036,7): error TS1127: Invalid character.
prisma/seeds/lms-devops-course.ts(1036,8): error TS1127: Invalid character.
prisma/seeds/lms-devops-course.ts(1039,4): error TS1127: Invalid character.
prisma/seeds/lms-devops-course.ts(1039,5): error TS1127: Invalid character.
prisma/seeds/lms-devops-course.ts(1039,10): error TS1005: ';' expected.
prisma/seeds/lms-devops-course.ts(1040,10): error TS1005: ';' expected.
prisma/seeds/lms-devops-course.ts(1040,27): error TS1127: Invalid character.
prisma/seeds/lms-devops-course.ts(1040,29): error TS1005: ';' expected.
prisma/seeds/lms-devops-course.ts(1041,2): error TS1003: Identifier expected.
prisma/seeds/lms-devops-course.ts(1041,27): error TS1127: Invalid character.
prisma/seeds/lms-devops-course.ts(1041,29): error TS1005: ';' expected.
prisma/seeds/lms-devops-course.ts(1042,1): error TS1434: Unexpected keyword or identifier.
prisma/seeds/lms-devops-course.ts(1042,27): error TS1127: Invalid character.
prisma/seeds/lms-devops-course.ts(1042,29): error TS1005: ';' expected.
prisma/seeds/lms-devops-course.ts(1042,41): error TS1434: Unexpected keyword or identifier.
prisma/seeds/lms-devops-course.ts(1042,45): error TS1434: Unexpected keyword or identifier.
prisma/seeds/lms-devops-course.ts(1043,1): error TS1127: Invalid character.
prisma/seeds/lms-devops-course.ts(1043,2): error TS1127: Invalid character.
prisma/seeds/lms-devops-course.ts(1043,7): error TS1127: Invalid character.
prisma/seeds/lms-devops-course.ts(1043,8): error TS1127: Invalid character.
prisma/seeds/lms-devops-course.ts(1048,4): error TS1127: Invalid character.
prisma/seeds/lms-devops-course.ts(1048,5): error TS1127: Invalid character.
prisma/seeds/lms-devops-course.ts(1048,10): error TS1005: ';' expected.
prisma/seeds/lms-devops-course.ts(1049,1): error TS18026: '#!' can only be used at the start of a file.
prisma/seeds/lms-devops-course.ts(1051,1): error TS1127: Invalid character.
prisma/seeds/lms-devops-course.ts(1051,3): error TS1005: ';' expected.
prisma/seeds/lms-devops-course.ts(1051,27): error TS1005: ',' expected.
prisma/seeds/lms-devops-course.ts(1051,34): error TS1005: ',' expected.
prisma/seeds/lms-devops-course.ts(1051,42): error TS1109: Expression expected.
prisma/seeds/lms-devops-course.ts(1056,1): error TS1127: Invalid character.
prisma/seeds/lms-devops-course.ts(1056,3): error TS1005: ';' expected.
prisma/seeds/lms-devops-course.ts(1057,1): error TS1434: Unexpected keyword or identifier.
prisma/seeds/lms-devops-course.ts(1058,1): error TS1434: Unexpected keyword or identifier.
prisma/seeds/lms-devops-course.ts(1059,1): error TS1434: Unexpected keyword or identifier.
prisma/seeds/lms-devops-course.ts(1061,1): error TS1127: Invalid character.
prisma/seeds/lms-devops-course.ts(1061,3): error TS1005: ';' expected.
prisma/seeds/lms-devops-course.ts(1062,22): error TS1109: Expression expected.
prisma/seeds/lms-devops-course.ts(1062,25): error TS1109: Expression expected.
prisma/seeds/lms-devops-course.ts(1062,28): error TS1109: Expression expected.
prisma/seeds/lms-devops-course.ts(1064,1): error TS1434: Unexpected keyword or identifier.
prisma/seeds/lms-devops-course.ts(1065,1): error TS1434: Unexpected keyword or identifier.
prisma/seeds/lms-devops-course.ts(1066,1): error TS1127: Invalid character.
prisma/seeds/lms-devops-course.ts(1066,2): error TS1127: Invalid character.
prisma/seeds/lms-devops-course.ts(1066,7): error TS1127: Invalid character.
prisma/seeds/lms-devops-course.ts(1066,8): error TS1127: Invalid character.
prisma/seeds/lms-devops-course.ts(1069,4): error TS1127: Invalid character.
prisma/seeds/lms-devops-course.ts(1069,5): error TS1127: Invalid character.
prisma/seeds/lms-devops-course.ts(1069,10): error TS1005: ';' expected.
prisma/seeds/lms-devops-course.ts(1070,1): error TS18026: '#!' can only be used at the start of a file.
prisma/seeds/lms-devops-course.ts(1072,1): error TS1434: Unexpected keyword or identifier.
prisma/seeds/lms-devops-course.ts(1073,1): error TS1434: Unexpected keyword or identifier.
prisma/seeds/lms-devops-course.ts(1074,1): error TS1434: Unexpected keyword or identifier.
prisma/seeds/lms-devops-course.ts(1075,1): error TS1434: Unexpected keyword or identifier.
prisma/seeds/lms-devops-course.ts(1076,1): error TS1434: Unexpected keyword or identifier.
prisma/seeds/lms-devops-course.ts(1077,1): error TS1434: Unexpected keyword or identifier.
prisma/seeds/lms-devops-course.ts(1078,1): error TS1434: Unexpected keyword or identifier.
prisma/seeds/lms-devops-course.ts(1080,1): error TS1127: Invalid character.
prisma/seeds/lms-devops-course.ts(1080,3): error TS1005: ';' expected.
prisma/seeds/lms-devops-course.ts(1080,18): error TS1109: Expression expected.
prisma/seeds/lms-devops-course.ts(1080,19): error TS1003: Identifier expected.
prisma/seeds/lms-devops-course.ts(1080,30): error TS1005: ';' expected.
prisma/seeds/lms-devops-course.ts(1080,35): error TS1434: Unexpected keyword or identifier.
prisma/seeds/lms-devops-course.ts(1081,1): error TS1127: Invalid character.
prisma/seeds/lms-devops-course.ts(1081,2): error TS1127: Invalid character.
prisma/seeds/lms-devops-course.ts(1081,7): error TS1127: Invalid character.
prisma/seeds/lms-devops-course.ts(1081,8): error TS1127: Invalid character.
prisma/seeds/lms-devops-course.ts(1084,4): error TS1127: Invalid character.
prisma/seeds/lms-devops-course.ts(1084,5): error TS1127: Invalid character.
prisma/seeds/lms-devops-course.ts(1084,10): error TS1005: ';' expected.
prisma/seeds/lms-devops-course.ts(1085,1): error TS18026: '#!' can only be used at the start of a file.
prisma/seeds/lms-devops-course.ts(1087,1): error TS1434: Unexpected keyword or identifier.
prisma/seeds/lms-devops-course.ts(1088,1): error TS1434: Unexpected keyword or identifier.
prisma/seeds/lms-devops-course.ts(1089,1): error TS1434: Unexpected keyword or identifier.
prisma/seeds/lms-devops-course.ts(1090,1): error TS1434: Unexpected keyword or identifier.
prisma/seeds/lms-devops-course.ts(1092,1): error TS1127: Invalid character.
prisma/seeds/lms-devops-course.ts(1092,3): error TS1005: ';' expected.
prisma/seeds/lms-devops-course.ts(1092,10): error TS1435: Unknown keyword or identifier. Did you mean 'var iable'?
prisma/seeds/lms-devops-course.ts(1092,23): error TS1005: '(' expected.
prisma/seeds/lms-devops-course.ts(1092,29): error TS1005: ';' expected.
prisma/seeds/lms-devops-course.ts(1093,1): error TS1005: ';' expected.
prisma/seeds/lms-devops-course.ts(1095,1): error TS1127: Invalid character.
prisma/seeds/lms-devops-course.ts(1095,3): error TS1005: ';' expected.
prisma/seeds/lms-devops-course.ts(1095,8): error TS1434: Unexpected keyword or identifier.
prisma/seeds/lms-devops-course.ts(1096,1): error TS1434: Unexpected keyword or identifier.
prisma/seeds/lms-devops-course.ts(1097,1): error TS1127: Invalid character.
prisma/seeds/lms-devops-course.ts(1097,2): error TS1127: Invalid character.
prisma/seeds/lms-devops-course.ts(1097,7): error TS1127: Invalid character.
prisma/seeds/lms-devops-course.ts(1097,8): error TS1127: Invalid character.
prisma/seeds/lms-devops-course.ts(1101,4): error TS1127: Invalid character.
prisma/seeds/lms-devops-course.ts(1101,5): error TS1127: Invalid character.
prisma/seeds/lms-devops-course.ts(1101,10): error TS1005: ';' expected.
prisma/seeds/lms-devops-course.ts(1102,1): error TS18026: '#!' can only be used at the start of a file.
prisma/seeds/lms-devops-course.ts(1104,1): error TS1127: Invalid character.
prisma/seeds/lms-devops-course.ts(1104,3): error TS1005: ';' expected.
prisma/seeds/lms-devops-course.ts(1105,1): error TS1434: Unexpected keyword or identifier.
prisma/seeds/lms-devops-course.ts(1106,1): error TS1434: Unexpected keyword or identifier.
prisma/seeds/lms-devops-course.ts(1107,1): error TS1434: Unexpected keyword or identifier.
prisma/seeds/lms-devops-course.ts(1109,1): error TS1127: Invalid character.
prisma/seeds/lms-devops-course.ts(1109,3): error TS1005: ';' expected.
prisma/seeds/lms-devops-course.ts(1109,14): error TS1005: '(' expected.
prisma/seeds/lms-devops-course.ts(1110,1): error TS1005: ')' expected.
prisma/seeds/lms-devops-course.ts(1110,9): error TS1005: ';' expected.
prisma/seeds/lms-devops-course.ts(1110,28): error TS1005: ';' expected.
prisma/seeds/lms-devops-course.ts(1111,1): error TS1434: Unexpected keyword or identifier.
prisma/seeds/lms-devops-course.ts(1113,1): error TS1127: Invalid character.
prisma/seeds/lms-devops-course.ts(1113,3): error TS1005: ';' expected.
prisma/seeds/lms-devops-course.ts(1113,17): error TS1135: Argument expression expected.
prisma/seeds/lms-devops-course.ts(1113,21): error TS1005: '(' expected.
prisma/seeds/lms-devops-course.ts(1113,30): error TS1005: ';' expected.
prisma/seeds/lms-devops-course.ts(1114,10): error TS1005: ';' expected.
prisma/seeds/lms-devops-course.ts(1114,29): error TS1005: ';' expected.
prisma/seeds/lms-devops-course.ts(1116,1): error TS1434: Unexpected keyword or identifier.
prisma/seeds/lms-devops-course.ts(1118,1): error TS1127: Invalid character.
prisma/seeds/lms-devops-course.ts(1118,3): error TS1005: ';' expected.
prisma/seeds/lms-devops-course.ts(1119,9): error TS1005: ';' expected.
prisma/seeds/lms-devops-course.ts(1119,38): error TS1005: ';' expected.
prisma/seeds/lms-devops-course.ts(1120,1): error TS1434: Unexpected keyword or identifier.
prisma/seeds/lms-devops-course.ts(1122,1): error TS1127: Invalid character.
prisma/seeds/lms-devops-course.ts(1122,3): error TS1005: ';' expected.
prisma/seeds/lms-devops-course.ts(1123,9): error TS1005: ';' expected.
prisma/seeds/lms-devops-course.ts(1123,14): error TS1005: ';' expected.
prisma/seeds/lms-devops-course.ts(1123,49): error TS1005: ';' expected.
prisma/seeds/lms-devops-course.ts(1124,1): error TS1127: Invalid character.
prisma/seeds/lms-devops-course.ts(1124,2): error TS1127: Invalid character.
prisma/seeds/lms-devops-course.ts(1124,7): error TS1127: Invalid character.
prisma/seeds/lms-devops-course.ts(1124,8): error TS1127: Invalid character.
prisma/seeds/lms-devops-course.ts(1129,4): error TS1127: Invalid character.
prisma/seeds/lms-devops-course.ts(1129,5): error TS1127: Invalid character.
prisma/seeds/lms-devops-course.ts(1129,10): error TS1005: ';' expected.
prisma/seeds/lms-devops-course.ts(1130,1): error TS18026: '#!' can only be used at the start of a file.
prisma/seeds/lms-devops-course.ts(1132,9): error TS1005: ';' expected.
prisma/seeds/lms-devops-course.ts(1132,28): error TS1005: ';' expected.
prisma/seeds/lms-devops-course.ts(1134,4): error TS1005: '(' expected.
prisma/seeds/lms-devops-course.ts(1134,15): error TS1005: ',' expected.
prisma/seeds/lms-devops-course.ts(1134,19): error TS1005: ')' expected.
prisma/seeds/lms-devops-course.ts(1135,5): error TS1434: Unexpected keyword or identifier.
prisma/seeds/lms-devops-course.ts(1136,17): error TS1005: ']' expected.
prisma/seeds/lms-devops-course.ts(1136,20): error TS1005: ';' expected.
prisma/seeds/lms-devops-course.ts(1137,5): error TS1434: Unexpected keyword or identifier.
prisma/seeds/lms-devops-course.ts(1138,1): error TS1128: Declaration or statement expected.
prisma/seeds/lms-devops-course.ts(1139,5): error TS1434: Unexpected keyword or identifier.
prisma/seeds/lms-devops-course.ts(1141,1): error TS1127: Invalid character.
prisma/seeds/lms-devops-course.ts(1141,2): error TS1127: Invalid character.
prisma/seeds/lms-devops-course.ts(1141,7): error TS1127: Invalid character.
prisma/seeds/lms-devops-course.ts(1141,8): error TS1127: Invalid character.
prisma/seeds/lms-devops-course.ts(1144,4): error TS1127: Invalid character.
prisma/seeds/lms-devops-course.ts(1144,5): error TS1127: Invalid character.
prisma/seeds/lms-devops-course.ts(1144,10): error TS1005: ';' expected.
prisma/seeds/lms-devops-course.ts(1145,1): error TS1127: Invalid character.
prisma/seeds/lms-devops-course.ts(1145,3): error TS1005: ';' expected.
prisma/seeds/lms-devops-course.ts(1146,7): error TS1127: Invalid character.
prisma/seeds/lms-devops-course.ts(1146,9): error TS1005: ';' expected.
prisma/seeds/lms-devops-course.ts(1147,7): error TS1127: Invalid character.
prisma/seeds/lms-devops-course.ts(1147,9): error TS1005: ';' expected.
prisma/seeds/lms-devops-course.ts(1147,13): error TS1434: Unexpected keyword or identifier.
prisma/seeds/lms-devops-course.ts(1148,7): error TS1127: Invalid character.
prisma/seeds/lms-devops-course.ts(1148,9): error TS1005: ';' expected.
prisma/seeds/lms-devops-course.ts(1149,7): error TS1127: Invalid character.
prisma/seeds/lms-devops-course.ts(1149,9): error TS1005: ';' expected.
prisma/seeds/lms-devops-course.ts(1149,17): error TS1434: Unexpected keyword or identifier.
prisma/seeds/lms-devops-course.ts(1149,22): error TS1434: Unexpected keyword or identifier.
prisma/seeds/lms-devops-course.ts(1149,25): error TS1434: Unexpected keyword or identifier.
prisma/seeds/lms-devops-course.ts(1150,7): error TS1127: Invalid character.
prisma/seeds/lms-devops-course.ts(1150,9): error TS1005: ';' expected.
prisma/seeds/lms-devops-course.ts(1151,7): error TS1127: Invalid character.
prisma/seeds/lms-devops-course.ts(1151,9): error TS1005: ';' expected.
prisma/seeds/lms-devops-course.ts(1151,14): error TS1434: Unexpected keyword or identifier.
prisma/seeds/lms-devops-course.ts(1151,19): error TS1434: Unexpected keyword or identifier.
prisma/seeds/lms-devops-course.ts(1151,22): error TS1434: Unexpected keyword or identifier.
prisma/seeds/lms-devops-course.ts(1153,1): error TS1127: Invalid character.
prisma/seeds/lms-devops-course.ts(1153,3): error TS1005: ';' expected.
prisma/seeds/lms-devops-course.ts(1154,7): error TS1127: Invalid character.
prisma/seeds/lms-devops-course.ts(1154,9): error TS1005: ';' expected.
prisma/seeds/lms-devops-course.ts(1155,7): error TS1127: Invalid character.
prisma/seeds/lms-devops-course.ts(1155,9): error TS1005: ';' expected.
prisma/seeds/lms-devops-course.ts(1156,7): error TS1127: Invalid character.
prisma/seeds/lms-devops-course.ts(1156,9): error TS1005: ';' expected.
prisma/seeds/lms-devops-course.ts(1157,7): error TS1127: Invalid character.
prisma/seeds/lms-devops-course.ts(1157,9): error TS1005: ';' expected.
prisma/seeds/lms-devops-course.ts(1157,13): error TS1434: Unexpected keyword or identifier.
prisma/seeds/lms-devops-course.ts(1159,1): error TS1127: Invalid character.
prisma/seeds/lms-devops-course.ts(1159,3): error TS1005: ';' expected.
prisma/seeds/lms-devops-course.ts(1160,7): error TS1127: Invalid character.
prisma/seeds/lms-devops-course.ts(1160,9): error TS1005: ';' expected.
prisma/seeds/lms-devops-course.ts(1160,14): error TS1434: Unexpected keyword or identifier.
prisma/seeds/lms-devops-course.ts(1160,21): error TS1434: Unexpected keyword or identifier.
prisma/seeds/lms-devops-course.ts(1160,25): error TS1228: A type predicate is only allowed in return type position for functions and methods.
prisma/seeds/lms-devops-course.ts(1160,28): error TS1434: Unexpected keyword or identifier.
prisma/seeds/lms-devops-course.ts(1161,7): error TS1127: Invalid character.
prisma/seeds/lms-devops-course.ts(1161,9): error TS1005: ';' expected.
prisma/seeds/lms-devops-course.ts(1162,7): error TS1127: Invalid character.
prisma/seeds/lms-devops-course.ts(1162,9): error TS1005: ';' expected.
prisma/seeds/lms-devops-course.ts(1162,26): error TS1005: ',' expected.
prisma/seeds/lms-devops-course.ts(1163,7): error TS1127: Invalid character.
prisma/seeds/lms-devops-course.ts(1163,9): error TS1005: ';' expected.
prisma/seeds/lms-devops-course.ts(1163,14): error TS1228: A type predicate is only allowed in return type position for functions and methods.
prisma/seeds/lms-devops-course.ts(1164,7): error TS1127: Invalid character.
prisma/seeds/lms-devops-course.ts(1164,9): error TS1005: ';' expected.
prisma/seeds/lms-devops-course.ts(1164,14): error TS1228: A type predicate is only allowed in return type position for functions and methods.
prisma/seeds/lms-devops-course.ts(1165,7): error TS1127: Invalid character.
prisma/seeds/lms-devops-course.ts(1165,9): error TS1005: ';' expected.
prisma/seeds/lms-devops-course.ts(1165,14): error TS1228: A type predicate is only allowed in return type position for functions and methods.
prisma/seeds/lms-devops-course.ts(1166,7): error TS1127: Invalid character.
prisma/seeds/lms-devops-course.ts(1166,9): error TS1005: ';' expected.
prisma/seeds/lms-devops-course.ts(1166,14): error TS1228: A type predicate is only allowed in return type position for functions and methods.
prisma/seeds/lms-devops-course.ts(1166,17): error TS1434: Unexpected keyword or identifier.
prisma/seeds/lms-devops-course.ts(1167,1): error TS1127: Invalid character.
prisma/seeds/lms-devops-course.ts(1167,2): error TS1127: Invalid character.
prisma/seeds/lms-devops-course.ts(1167,7): error TS1127: Invalid character.
prisma/seeds/lms-devops-course.ts(1167,8): error TS1127: Invalid character.
prisma/seeds/lms-devops-course.ts(1170,4): error TS1127: Invalid character.
prisma/seeds/lms-devops-course.ts(1170,5): error TS1127: Invalid character.
prisma/seeds/lms-devops-course.ts(1170,10): error TS1005: ';' expected.
prisma/seeds/lms-devops-course.ts(1171,1): error TS18026: '#!' can only be used at the start of a file.
prisma/seeds/lms-devops-course.ts(1175,4): error TS1005: '(' expected.
prisma/seeds/lms-devops-course.ts(1175,9): error TS1005: ',' expected.
prisma/seeds/lms-devops-course.ts(1175,18): error TS1005: ')' expected.
prisma/seeds/lms-devops-course.ts(1176,5): error TS1434: Unexpected keyword or identifier.
prisma/seeds/lms-devops-course.ts(1178,8): error TS1005: '(' expected.
prisma/seeds/lms-devops-course.ts(1178,13): error TS1005: ',' expected.
prisma/seeds/lms-devops-course.ts(1178,22): error TS1005: ')' expected.
prisma/seeds/lms-devops-course.ts(1179,9): error TS1434: Unexpected keyword or identifier.
prisma/seeds/lms-devops-course.ts(1182,8): error TS1005: '(' expected.
prisma/seeds/lms-devops-course.ts(1182,13): error TS1005: ',' expected.
prisma/seeds/lms-devops-course.ts(1182,22): error TS1005: ')' expected.
prisma/seeds/lms-devops-course.ts(1183,9): error TS1434: Unexpected keyword or identifier.
prisma/seeds/lms-devops-course.ts(1184,5): error TS1128: Declaration or statement expected.
prisma/seeds/lms-devops-course.ts(1185,9): error TS1434: Unexpected keyword or identifier.
prisma/seeds/lms-devops-course.ts(1187,1): error TS1128: Declaration or statement expected.
prisma/seeds/lms-devops-course.ts(1188,5): error TS1434: Unexpected keyword or identifier.
prisma/seeds/lms-devops-course.ts(1190,1): error TS1127: Invalid character.
prisma/seeds/lms-devops-course.ts(1190,2): error TS1127: Invalid character.
prisma/seeds/lms-devops-course.ts(1190,7): error TS1127: Invalid character.
prisma/seeds/lms-devops-course.ts(1190,8): error TS1127: Invalid character.
prisma/seeds/lms-devops-course.ts(1193,4): error TS1127: Invalid character.
prisma/seeds/lms-devops-course.ts(1193,5): error TS1127: Invalid character.
prisma/seeds/lms-devops-course.ts(1193,10): error TS1005: ';' expected.
prisma/seeds/lms-devops-course.ts(1194,1): error TS18026: '#!' can only be used at the start of a file.
prisma/seeds/lms-devops-course.ts(1199,1): error TS1127: Invalid character.
prisma/seeds/lms-devops-course.ts(1199,3): error TS1005: ';' expected.
prisma/seeds/lms-devops-course.ts(1200,4): error TS1005: '(' expected.
prisma/seeds/lms-devops-course.ts(1200,15): error TS1005: ',' expected.
prisma/seeds/lms-devops-course.ts(1200,45): error TS1005: ')' expected.
prisma/seeds/lms-devops-course.ts(1201,5): error TS1434: Unexpected keyword or identifier.
prisma/seeds/lms-devops-course.ts(1204,1): error TS1127: Invalid character.
prisma/seeds/lms-devops-course.ts(1204,3): error TS1005: ';' expected.
prisma/seeds/lms-devops-course.ts(1205,4): error TS1005: '(' expected.
prisma/seeds/lms-devops-course.ts(1205,15): error TS1005: ',' expected.
prisma/seeds/lms-devops-course.ts(1205,46): error TS1005: ')' expected.
prisma/seeds/lms-devops-course.ts(1206,5): error TS1434: Unexpected keyword or identifier.
prisma/seeds/lms-devops-course.ts(1209,1): error TS1127: Invalid character.
prisma/seeds/lms-devops-course.ts(1209,3): error TS1005: ';' expected.
prisma/seeds/lms-devops-course.ts(1210,4): error TS1005: '(' expected.
prisma/seeds/lms-devops-course.ts(1210,11): error TS1005: ',' expected.
prisma/seeds/lms-devops-course.ts(1210,28): error TS1005: ')' expected.
prisma/seeds/lms-devops-course.ts(1211,5): error TS1434: Unexpected keyword or identifier.
prisma/seeds/lms-devops-course.ts(1213,1): error TS1127: Invalid character.
prisma/seeds/lms-devops-course.ts(1213,2): error TS1127: Invalid character.
prisma/seeds/lms-devops-course.ts(1213,7): error TS1127: Invalid character.
prisma/seeds/lms-devops-course.ts(1213,8): error TS1127: Invalid character.
prisma/seeds/lms-devops-course.ts(1218,4): error TS1127: Invalid character.
prisma/seeds/lms-devops-course.ts(1218,5): error TS1127: Invalid character.
prisma/seeds/lms-devops-course.ts(1218,10): error TS1005: ';' expected.
prisma/seeds/lms-devops-course.ts(1219,1): error TS18026: '#!' can only be used at the start of a file.
prisma/seeds/lms-devops-course.ts(1221,1): error TS1127: Invalid character.
prisma/seeds/lms-devops-course.ts(1221,3): error TS1005: ';' expected.
prisma/seeds/lms-devops-course.ts(1221,14): error TS1005: '(' expected.
prisma/seeds/lms-devops-course.ts(1222,1): error TS1005: ';' expected.
prisma/seeds/lms-devops-course.ts(1222,5): error TS1005: '(' expected.
prisma/seeds/lms-devops-course.ts(1222,12): error TS1005: ')' expected.
prisma/seeds/lms-devops-course.ts(1222,14): error TS1005: ';' expected.
prisma/seeds/lms-devops-course.ts(1222,16): error TS1005: ';' expected.
prisma/seeds/lms-devops-course.ts(1222,18): error TS1005: ';' expected.
prisma/seeds/lms-devops-course.ts(1223,5): error TS1434: Unexpected keyword or identifier.
prisma/seeds/lms-devops-course.ts(1223,10): error TS1005: 'while' expected.
prisma/seeds/lms-devops-course.ts(1224,1): error TS1005: ')' expected.
prisma/seeds/lms-devops-course.ts(1226,1): error TS1127: Invalid character.
prisma/seeds/lms-devops-course.ts(1226,3): error TS1005: ';' expected.
prisma/seeds/lms-devops-course.ts(1227,5): error TS1005: '(' expected.
prisma/seeds/lms-devops-course.ts(1227,13): error TS1005: ':' expected.
prisma/seeds/lms-devops-course.ts(1227,17): error TS1005: ')' expected.
prisma/seeds/lms-devops-course.ts(1228,5): error TS1434: Unexpected keyword or identifier.
prisma/seeds/lms-devops-course.ts(1228,10): error TS1005: 'while' expected.
prisma/seeds/lms-devops-course.ts(1229,1): error TS1005: ')' expected.
prisma/seeds/lms-devops-course.ts(1231,1): error TS1127: Invalid character.
prisma/seeds/lms-devops-course.ts(1231,3): error TS1005: ';' expected.
prisma/seeds/lms-devops-course.ts(1231,11): error TS1005: ';' expected.
prisma/seeds/lms-devops-course.ts(1231,15): error TS1005: '(' expected.
prisma/seeds/lms-devops-course.ts(1232,1): error TS1005: ';' expected.
prisma/seeds/lms-devops-course.ts(1232,10): error TS1005: ')' expected.
prisma/seeds/lms-devops-course.ts(1232,23): error TS1109: Expression expected.
prisma/seeds/lms-devops-course.ts(1233,5): error TS1434: Unexpected keyword or identifier.
prisma/seeds/lms-devops-course.ts(1233,10): error TS1005: 'while' expected.
prisma/seeds/lms-devops-course.ts(1234,1): error TS1005: ')' expected.
prisma/seeds/lms-devops-course.ts(1236,1): error TS1127: Invalid character.
prisma/seeds/lms-devops-course.ts(1236,3): error TS1005: ';' expected.
prisma/seeds/lms-devops-course.ts(1236,8): error TS1434: Unexpected keyword or identifier.
prisma/seeds/lms-devops-course.ts(1237,5): error TS1005: '(' expected.
prisma/seeds/lms-devops-course.ts(1237,13): error TS1109: Expression expected.
prisma/seeds/lms-devops-course.ts(1237,14): error TS1109: Expression expected.
prisma/seeds/lms-devops-course.ts(1237,18): error TS1005: ')' expected.
prisma/seeds/lms-devops-course.ts(1238,5): error TS1434: Unexpected keyword or identifier.
prisma/seeds/lms-devops-course.ts(1238,10): error TS1005: 'while' expected.
prisma/seeds/lms-devops-course.ts(1239,1): error TS1005: ')' expected.
prisma/seeds/lms-devops-course.ts(1241,1): error TS1127: Invalid character.
prisma/seeds/lms-devops-course.ts(1241,3): error TS1005: ';' expected.
prisma/seeds/lms-devops-course.ts(1241,8): error TS1434: Unexpected keyword or identifier.
prisma/seeds/lms-devops-course.ts(1241,16): error TS1434: Unexpected keyword or identifier.
prisma/seeds/lms-devops-course.ts(1242,5): error TS1005: '(' expected.
prisma/seeds/lms-devops-course.ts(1242,39): error TS1005: ',' expected.
prisma/seeds/lms-devops-course.ts(1242,45): error TS1005: ')' expected.
prisma/seeds/lms-devops-course.ts(1243,5): error TS1434: Unexpected keyword or identifier.
prisma/seeds/lms-devops-course.ts(1243,10): error TS1005: 'while' expected.
prisma/seeds/lms-devops-course.ts(1244,1): error TS1005: ')' expected.
prisma/seeds/lms-devops-course.ts(1245,1): error TS1127: Invalid character.
prisma/seeds/lms-devops-course.ts(1245,2): error TS1127: Invalid character.
prisma/seeds/lms-devops-course.ts(1245,7): error TS1127: Invalid character.
prisma/seeds/lms-devops-course.ts(1245,8): error TS1127: Invalid character.
prisma/seeds/lms-devops-course.ts(1248,4): error TS1127: Invalid character.
prisma/seeds/lms-devops-course.ts(1248,5): error TS1127: Invalid character.
prisma/seeds/lms-devops-course.ts(1248,10): error TS1005: ';' expected.
prisma/seeds/lms-devops-course.ts(1249,1): error TS18026: '#!' can only be used at the start of a file.
prisma/seeds/lms-devops-course.ts(1253,7): error TS1005: '(' expected.
prisma/seeds/lms-devops-course.ts(1253,22): error TS1005: ',' expected.
prisma/seeds/lms-devops-course.ts(1253,25): error TS1005: ')' expected.
prisma/seeds/lms-devops-course.ts(1254,5): error TS1434: Unexpected keyword or identifier.
prisma/seeds/lms-devops-course.ts(1254,10): error TS1005: 'while' expected.
prisma/seeds/lms-devops-course.ts(1256,1): error TS1005: ')' expected.
prisma/seeds/lms-devops-course.ts(1258,1): error TS1127: Invalid character.
prisma/seeds/lms-devops-course.ts(1258,3): error TS1005: ';' expected.
prisma/seeds/lms-devops-course.ts(1258,11): error TS1434: Unexpected keyword or identifier.
prisma/seeds/lms-devops-course.ts(1258,16): error TS1434: Unexpected keyword or identifier.
prisma/seeds/lms-devops-course.ts(1258,21): error TS1434: Unexpected keyword or identifier.
prisma/seeds/lms-devops-course.ts(1259,7): error TS1005: '(' expected.
prisma/seeds/lms-devops-course.ts(1259,20): error TS1005: ')' expected.
prisma/seeds/lms-devops-course.ts(1260,5): error TS1434: Unexpected keyword or identifier.
prisma/seeds/lms-devops-course.ts(1260,10): error TS1005: 'while' expected.
prisma/seeds/lms-devops-course.ts(1261,1): error TS1005: ')' expected.
prisma/seeds/lms-devops-course.ts(1263,1): error TS1127: Invalid character.
prisma/seeds/lms-devops-course.ts(1263,3): error TS1005: ';' expected.
prisma/seeds/lms-devops-course.ts(1264,7): error TS1005: '(' expected.
prisma/seeds/lms-devops-course.ts(1264,11): error TS1005: ')' expected.
prisma/seeds/lms-devops-course.ts(1265,5): error TS1434: Unexpected keyword or identifier.
prisma/seeds/lms-devops-course.ts(1265,10): error TS1005: 'while' expected.
prisma/seeds/lms-devops-course.ts(1266,5): error TS1005: ')' expected.
prisma/seeds/lms-devops-course.ts(1268,1): error TS1127: Invalid character.
prisma/seeds/lms-devops-course.ts(1268,2): error TS1127: Invalid character.
prisma/seeds/lms-devops-course.ts(1268,7): error TS1127: Invalid character.
prisma/seeds/lms-devops-course.ts(1268,8): error TS1127: Invalid character.
prisma/seeds/lms-devops-course.ts(1271,4): error TS1127: Invalid character.
prisma/seeds/lms-devops-course.ts(1271,5): error TS1127: Invalid character.
prisma/seeds/lms-devops-course.ts(1271,10): error TS1005: ';' expected.
prisma/seeds/lms-devops-course.ts(1272,1): error TS18026: '#!' can only be used at the start of a file.
prisma/seeds/lms-devops-course.ts(1276,22): error TS1005: ']' expected.
prisma/seeds/lms-devops-course.ts(1276,24): error TS1005: ';' expected.
prisma/seeds/lms-devops-course.ts(1277,5): error TS1434: Unexpected keyword or identifier.
prisma/seeds/lms-devops-course.ts(1277,10): error TS1005: 'while' expected.
prisma/seeds/lms-devops-course.ts(1279,1): error TS1005: ')' expected.
prisma/seeds/lms-devops-course.ts(1280,1): error TS1127: Invalid character.
prisma/seeds/lms-devops-course.ts(1280,2): error TS1127: Invalid character.
prisma/seeds/lms-devops-course.ts(1280,7): error TS1127: Invalid character.
prisma/seeds/lms-devops-course.ts(1280,8): error TS1127: Invalid character.
prisma/seeds/lms-devops-course.ts(1284,4): error TS1127: Invalid character.
prisma/seeds/lms-devops-course.ts(1284,5): error TS1127: Invalid character.
prisma/seeds/lms-devops-course.ts(1284,10): error TS1005: ';' expected.
prisma/seeds/lms-devops-course.ts(1285,1): error TS18026: '#!' can only be used at the start of a file.
prisma/seeds/lms-devops-course.ts(1287,1): error TS1127: Invalid character.
prisma/seeds/lms-devops-course.ts(1287,3): error TS1005: ';' expected.
prisma/seeds/lms-devops-course.ts(1288,9): error TS1005: ';' expected.
prisma/seeds/lms-devops-course.ts(1289,5): error TS1434: Unexpected keyword or identifier.
prisma/seeds/lms-devops-course.ts(1292,1): error TS1127: Invalid character.
prisma/seeds/lms-devops-course.ts(1292,3): error TS1005: ';' expected.
prisma/seeds/lms-devops-course.ts(1292,17): error TS1005: '(' expected.
prisma/seeds/lms-devops-course.ts(1292,26): error TS1005: ')' expected.
prisma/seeds/lms-devops-course.ts(1293,7): error TS1005: ';' expected.
prisma/seeds/lms-devops-course.ts(1294,5): error TS1434: Unexpected keyword or identifier.
prisma/seeds/lms-devops-course.ts(1295,5): error TS1434: Unexpected keyword or identifier.
prisma/seeds/lms-devops-course.ts(1296,5): error TS1434: Unexpected keyword or identifier.
prisma/seeds/lms-devops-course.ts(1297,5): error TS1434: Unexpected keyword or identifier.
prisma/seeds/lms-devops-course.ts(1300,1): error TS1127: Invalid character.
prisma/seeds/lms-devops-course.ts(1300,3): error TS1005: ';' expected.
prisma/seeds/lms-devops-course.ts(1300,17): error TS1005: '(' expected.
prisma/seeds/lms-devops-course.ts(1301,15): error TS1005: ';' expected.
prisma/seeds/lms-devops-course.ts(1302,5): error TS1434: Unexpected keyword or identifier.
prisma/seeds/lms-devops-course.ts(1303,8): error TS1005: '(' expected.
prisma/seeds/lms-devops-course.ts(1303,18): error TS1109: Expression expected.
prisma/seeds/lms-devops-course.ts(1303,24): error TS1005: ',' expected.
prisma/seeds/lms-devops-course.ts(1303,26): error TS1005: ':' expected.
prisma/seeds/lms-devops-course.ts(1303,28): error TS1005: ':' expected.
prisma/seeds/lms-devops-course.ts(1303,29): error TS1127: Invalid character.
prisma/seeds/lms-devops-course.ts(1303,30): error TS1109: Expression expected.
prisma/seeds/lms-devops-course.ts(1303,31): error TS1003: Identifier expected.
prisma/seeds/lms-devops-course.ts(1303,36): error TS1005: ',' expected.
prisma/seeds/lms-devops-course.ts(1303,38): error TS1005: ':' expected.
prisma/seeds/lms-devops-course.ts(1303,40): error TS1005: ':' expected.
prisma/seeds/lms-devops-course.ts(1303,41): error TS1127: Invalid character.
prisma/seeds/lms-devops-course.ts(1303,42): error TS1109: Expression expected.
prisma/seeds/lms-devops-course.ts(1303,43): error TS1003: Identifier expected.
prisma/seeds/lms-devops-course.ts(1303,48): error TS1005: ',' expected.
prisma/seeds/lms-devops-course.ts(1303,50): error TS1005: ':' expected.
prisma/seeds/lms-devops-course.ts(1303,52): error TS1005: ':' expected.
prisma/seeds/lms-devops-course.ts(1303,53): error TS1127: Invalid character.
prisma/seeds/lms-devops-course.ts(1303,54): error TS1109: Expression expected.
prisma/seeds/lms-devops-course.ts(1303,55): error TS1003: Identifier expected.
prisma/seeds/lms-devops-course.ts(1303,60): error TS1005: ',' expected.
prisma/seeds/lms-devops-course.ts(1303,62): error TS1005: ':' expected.
prisma/seeds/lms-devops-course.ts(1303,64): error TS1005: ':' expected.
prisma/seeds/lms-devops-course.ts(1303,65): error TS1005: ',' expected.
prisma/seeds/lms-devops-course.ts(1303,69): error TS1005: ')' expected.
prisma/seeds/lms-devops-course.ts(1304,19): error TS1127: Invalid character.
prisma/seeds/lms-devops-course.ts(1304,21): error TS1005: ';' expected.
prisma/seeds/lms-devops-course.ts(1305,5): error TS1128: Declaration or statement expected.
prisma/seeds/lms-devops-course.ts(1306,19): error TS1127: Invalid character.
prisma/seeds/lms-devops-course.ts(1306,21): error TS1005: ';' expected.
prisma/seeds/lms-devops-course.ts(1310,1): error TS1127: Invalid character.
prisma/seeds/lms-devops-course.ts(1310,3): error TS1005: ';' expected.
prisma/seeds/lms-devops-course.ts(1311,1): error TS1435: Unknown keyword or identifier. Did you mean 'get'?
prisma/seeds/lms-devops-course.ts(1312,14): error TS1005: ',' expected.
prisma/seeds/lms-devops-course.ts(1312,17): error TS1005: ',' expected.
prisma/seeds/lms-devops-course.ts(1313,1): error TS1434: Unexpected keyword or identifier.
prisma/seeds/lms-devops-course.ts(1315,4): error TS1005: '(' expected.
prisma/seeds/lms-devops-course.ts(1315,16): error TS1005: ')' expected.
prisma/seeds/lms-devops-course.ts(1316,5): error TS1434: Unexpected keyword or identifier.
prisma/seeds/lms-devops-course.ts(1317,1): error TS1128: Declaration or statement expected.
prisma/seeds/lms-devops-course.ts(1318,5): error TS1434: Unexpected keyword or identifier.
prisma/seeds/lms-devops-course.ts(1320,1): error TS1127: Invalid character.
prisma/seeds/lms-devops-course.ts(1320,2): error TS1127: Invalid character.
prisma/seeds/lms-devops-course.ts(1320,7): error TS1127: Invalid character.
prisma/seeds/lms-devops-course.ts(1320,8): error TS1127: Invalid character.
prisma/seeds/lms-devops-course.ts(1324,4): error TS1127: Invalid character.
prisma/seeds/lms-devops-course.ts(1324,5): error TS1127: Invalid character.
prisma/seeds/lms-devops-course.ts(1324,10): error TS1005: ';' expected.
prisma/seeds/lms-devops-course.ts(1325,1): error TS18026: '#!' can only be used at the start of a file.
prisma/seeds/lms-devops-course.ts(1327,1): error TS1127: Invalid character.
prisma/seeds/lms-devops-course.ts(1327,3): error TS1005: ';' expected.
prisma/seeds/lms-devops-course.ts(1328,17): error TS1005: ')' expected.
prisma/seeds/lms-devops-course.ts(1328,24): error TS1005: ';' expected.
prisma/seeds/lms-devops-course.ts(1328,30): error TS1005: ';' expected.
prisma/seeds/lms-devops-course.ts(1328,38): error TS1005: ';' expected.
prisma/seeds/lms-devops-course.ts(1330,1): error TS1127: Invalid character.
prisma/seeds/lms-devops-course.ts(1330,3): error TS1005: ';' expected.
prisma/seeds/lms-devops-course.ts(1331,1): error TS1434: Unexpected keyword or identifier.
prisma/seeds/lms-devops-course.ts(1332,1): error TS1434: Unexpected keyword or identifier.
prisma/seeds/lms-devops-course.ts(1334,1): error TS1127: Invalid character.
prisma/seeds/lms-devops-course.ts(1334,3): error TS1005: ';' expected.
prisma/seeds/lms-devops-course.ts(1335,1): error TS1434: Unexpected keyword or identifier.
prisma/seeds/lms-devops-course.ts(1337,1): error TS1127: Invalid character.
prisma/seeds/lms-devops-course.ts(1337,3): error TS1005: ';' expected.
prisma/seeds/lms-devops-course.ts(1338,1): error TS1434: Unexpected keyword or identifier.
prisma/seeds/lms-devops-course.ts(1340,1): error TS1127: Invalid character.
prisma/seeds/lms-devops-course.ts(1340,3): error TS1005: ';' expected.
prisma/seeds/lms-devops-course.ts(1340,8): error TS1434: Unexpected keyword or identifier.
prisma/seeds/lms-devops-course.ts(1341,5): error TS1005: '(' expected.
prisma/seeds/lms-devops-course.ts(1341,31): error TS1005: ')' expected.
prisma/seeds/lms-devops-course.ts(1342,5): error TS1434: Unexpected keyword or identifier.
prisma/seeds/lms-devops-course.ts(1342,10): error TS1005: 'while' expected.
prisma/seeds/lms-devops-course.ts(1343,1): error TS1005: ')' expected.
prisma/seeds/lms-devops-course.ts(1345,1): error TS1127: Invalid character.
prisma/seeds/lms-devops-course.ts(1345,3): error TS1005: ';' expected.
prisma/seeds/lms-devops-course.ts(1348,1): error TS1127: Invalid character.
prisma/seeds/lms-devops-course.ts(1348,3): error TS1005: ';' expected.
prisma/seeds/lms-devops-course.ts(1349,12): error TS1005: ';' expected.
prisma/seeds/lms-devops-course.ts(1354,1): error TS1434: Unexpected keyword or identifier.
prisma/seeds/lms-devops-course.ts(1355,1): error TS1434: Unexpected keyword or identifier.
prisma/seeds/lms-devops-course.ts(1356,1): error TS1127: Invalid character.
prisma/seeds/lms-devops-course.ts(1356,2): error TS1127: Invalid character.
prisma/seeds/lms-devops-course.ts(1356,7): error TS1127: Invalid character.
prisma/seeds/lms-devops-course.ts(1356,8): error TS1127: Invalid character.
prisma/seeds/lms-devops-course.ts(1360,4): error TS1127: Invalid character.
prisma/seeds/lms-devops-course.ts(1360,5): error TS1127: Invalid character.
prisma/seeds/lms-devops-course.ts(1360,10): error TS1005: ';' expected.
prisma/seeds/lms-devops-course.ts(1361,1): error TS18026: '#!' can only be used at the start of a file.
prisma/seeds/lms-devops-course.ts(1365,1): error TS1127: Invalid character.
prisma/seeds/lms-devops-course.ts(1365,3): error TS1005: ';' expected.
prisma/seeds/lms-devops-course.ts(1366,1): error TS1434: Unexpected keyword or identifier.
prisma/seeds/lms-devops-course.ts(1368,1): error TS1127: Invalid character.
prisma/seeds/lms-devops-course.ts(1368,3): error TS1005: ';' expected.
prisma/seeds/lms-devops-course.ts(1369,1): error TS1434: Unexpected keyword or identifier.
prisma/seeds/lms-devops-course.ts(1369,33): error TS1127: Invalid character.
prisma/seeds/lms-devops-course.ts(1369,35): error TS1005: ';' expected.
prisma/seeds/lms-devops-course.ts(1371,1): error TS1127: Invalid character.
prisma/seeds/lms-devops-course.ts(1371,3): error TS1005: ';' expected.
prisma/seeds/lms-devops-course.ts(1372,1): error TS1434: Unexpected keyword or identifier.
prisma/seeds/lms-devops-course.ts(1372,33): error TS1127: Invalid character.
prisma/seeds/lms-devops-course.ts(1372,35): error TS1005: ';' expected.
prisma/seeds/lms-devops-course.ts(1372,41): error TS1434: Unexpected keyword or identifier.
prisma/seeds/lms-devops-course.ts(1374,1): error TS1127: Invalid character.
prisma/seeds/lms-devops-course.ts(1374,3): error TS1005: ';' expected.
prisma/seeds/lms-devops-course.ts(1375,1): error TS1434: Unexpected keyword or identifier.
prisma/seeds/lms-devops-course.ts(1375,33): error TS1127: Invalid character.
prisma/seeds/lms-devops-course.ts(1375,35): error TS1005: ';' expected.
prisma/seeds/lms-devops-course.ts(1375,41): error TS1434: Unexpected keyword or identifier.
prisma/seeds/lms-devops-course.ts(1376,1): error TS1434: Unexpected keyword or identifier.
prisma/seeds/lms-devops-course.ts(1376,33): error TS1127: Invalid character.
prisma/seeds/lms-devops-course.ts(1376,35): error TS1005: ';' expected.
prisma/seeds/lms-devops-course.ts(1376,41): error TS1434: Unexpected keyword or identifier.
prisma/seeds/lms-devops-course.ts(1378,1): error TS1127: Invalid character.
prisma/seeds/lms-devops-course.ts(1378,3): error TS1005: ';' expected.
prisma/seeds/lms-devops-course.ts(1379,9): error TS1005: ';' expected.
prisma/seeds/lms-devops-course.ts(1379,18): error TS1005: ';' expected.
prisma/seeds/lms-devops-course.ts(1380,1): error TS1005: '>' expected.
prisma/seeds/lms-devops-course.ts(1380,5): error TS1005: '(' expected.
prisma/seeds/lms-devops-course.ts(1380,27): error TS1005: ')' expected.
prisma/seeds/lms-devops-course.ts(1381,5): error TS1434: Unexpected keyword or identifier.
prisma/seeds/lms-devops-course.ts(1381,10): error TS1005: 'while' expected.
prisma/seeds/lms-devops-course.ts(1382,1): error TS1005: ')' expected.
prisma/seeds/lms-devops-course.ts(1383,1): error TS1127: Invalid character.
prisma/seeds/lms-devops-course.ts(1383,2): error TS1127: Invalid character.
prisma/seeds/lms-devops-course.ts(1383,7): error TS1127: Invalid character.
prisma/seeds/lms-devops-course.ts(1383,8): error TS1127: Invalid character.
prisma/seeds/lms-devops-course.ts(1388,4): error TS1127: Invalid character.
prisma/seeds/lms-devops-course.ts(1388,5): error TS1127: Invalid character.
prisma/seeds/lms-devops-course.ts(1388,10): error TS1005: ';' expected.
prisma/seeds/lms-devops-course.ts(1389,1): error TS18026: '#!' can only be used at the start of a file.
prisma/seeds/lms-devops-course.ts(1391,1): error TS1127: Invalid character.
prisma/seeds/lms-devops-course.ts(1391,3): error TS1005: ';' expected.
prisma/seeds/lms-devops-course.ts(1391,10): error TS1435: Unknown keyword or identifier. Did you mean 'import'?
prisma/seeds/lms-devops-course.ts(1394,21): error TS1005: ')' expected.
prisma/seeds/lms-devops-course.ts(1394,32): error TS1005: ';' expected.
prisma/seeds/lms-devops-course.ts(1394,39): error TS1005: ';' expected.
prisma/seeds/lms-devops-course.ts(1395,14): error TS1109: Expression expected.
prisma/seeds/lms-devops-course.ts(1397,1): error TS1434: Unexpected keyword or identifier.
prisma/seeds/lms-devops-course.ts(1399,5): error TS1005: '(' expected.
prisma/seeds/lms-devops-course.ts(1399,32): error TS1005: ')' expected.
prisma/seeds/lms-devops-course.ts(1400,8): error TS1005: '(' expected.
prisma/seeds/lms-devops-course.ts(1400,13): error TS1005: ',' expected.
prisma/seeds/lms-devops-course.ts(1400,21): error TS1005: ')' expected.
prisma/seeds/lms-devops-course.ts(1400,23): error TS1005: 'while' expected.
prisma/seeds/lms-devops-course.ts(1401,9): error TS1005: ')' expected.
prisma/seeds/lms-devops-course.ts(1402,9): error TS1434: Unexpected keyword or identifier.
prisma/seeds/lms-devops-course.ts(1403,18): error TS1005: ';' expected.
prisma/seeds/lms-devops-course.ts(1403,33): error TS1005: ';' expected.
prisma/seeds/lms-devops-course.ts(1403,40): error TS1005: ';' expected.
prisma/seeds/lms-devops-course.ts(1405,12): error TS1005: '(' expected.
prisma/seeds/lms-devops-course.ts(1405,21): error TS1005: ':' expected.
prisma/seeds/lms-devops-course.ts(1405,24): error TS1005: ')' expected.
prisma/seeds/lms-devops-course.ts(1406,13): error TS1434: Unexpected keyword or identifier.
prisma/seeds/lms-devops-course.ts(1407,9): error TS1128: Declaration or statement expected.
prisma/seeds/lms-devops-course.ts(1408,13): error TS1434: Unexpected keyword or identifier.
prisma/seeds/lms-devops-course.ts(1410,5): error TS1128: Declaration or statement expected.
prisma/seeds/lms-devops-course.ts(1411,9): error TS1434: Unexpected keyword or identifier.
prisma/seeds/lms-devops-course.ts(1415,1): error TS1434: Unexpected keyword or identifier.
prisma/seeds/lms-devops-course.ts(1416,1): error TS1127: Invalid character.
prisma/seeds/lms-devops-course.ts(1416,2): error TS1127: Invalid character.
prisma/seeds/lms-devops-course.ts(1416,7): error TS1127: Invalid character.
prisma/seeds/lms-devops-course.ts(1416,8): error TS1127: Invalid character.
prisma/seeds/lms-devops-course.ts(1419,4): error TS1127: Invalid character.
prisma/seeds/lms-devops-course.ts(1419,5): error TS1127: Invalid character.
prisma/seeds/lms-devops-course.ts(1419,10): error TS1005: ';' expected.
prisma/seeds/lms-devops-course.ts(1420,1): error TS18026: '#!' can only be used at the start of a file.
prisma/seeds/lms-devops-course.ts(1422,1): error TS1127: Invalid character.
prisma/seeds/lms-devops-course.ts(1422,3): error TS1005: ';' expected.
prisma/seeds/lms-devops-course.ts(1422,10): error TS1434: Unexpected keyword or identifier.
prisma/seeds/lms-devops-course.ts(1422,17): error TS1434: Unexpected keyword or identifier.
prisma/seeds/lms-devops-course.ts(1424,1): error TS1434: Unexpected keyword or identifier.
prisma/seeds/lms-devops-course.ts(1425,1): error TS1434: Unexpected keyword or identifier.
prisma/seeds/lms-devops-course.ts(1428,1): error TS1127: Invalid character.
prisma/seeds/lms-devops-course.ts(1428,3): error TS1005: ';' expected.
prisma/seeds/lms-devops-course.ts(1429,1): error TS1434: Unexpected keyword or identifier.
prisma/seeds/lms-devops-course.ts(1430,17): error TS1005: ';' expected.
prisma/seeds/lms-devops-course.ts(1430,32): error TS1005: ';' expected.
prisma/seeds/lms-devops-course.ts(1433,1): error TS1127: Invalid character.
prisma/seeds/lms-devops-course.ts(1433,3): error TS1005: ';' expected.
prisma/seeds/lms-devops-course.ts(1434,1): error TS1434: Unexpected keyword or identifier.
prisma/seeds/lms-devops-course.ts(1435,15): error TS1005: ';' expected.
prisma/seeds/lms-devops-course.ts(1438,1): error TS1127: Invalid character.
prisma/seeds/lms-devops-course.ts(1438,3): error TS1005: ';' expected.
prisma/seeds/lms-devops-course.ts(1439,1): error TS1434: Unexpected keyword or identifier.
prisma/seeds/lms-devops-course.ts(1440,18): error TS1005: ';' expected.
prisma/seeds/lms-devops-course.ts(1440,50): error TS1005: ';' expected.
prisma/seeds/lms-devops-course.ts(1443,1): error TS1127: Invalid character.
prisma/seeds/lms-devops-course.ts(1443,3): error TS1005: ';' expected.
prisma/seeds/lms-devops-course.ts(1444,1): error TS1434: Unexpected keyword or identifier.
prisma/seeds/lms-devops-course.ts(1445,16): error TS1005: ';' expected.
prisma/seeds/lms-devops-course.ts(1445,32): error TS1005: ';' expected.
prisma/seeds/lms-devops-course.ts(1448,1): error TS1127: Invalid character.
prisma/seeds/lms-devops-course.ts(1448,3): error TS1005: ';' expected.
prisma/seeds/lms-devops-course.ts(1449,1): error TS1434: Unexpected keyword or identifier.
prisma/seeds/lms-devops-course.ts(1452,1): error TS1127: Invalid character.
prisma/seeds/lms-devops-course.ts(1452,3): error TS1005: ';' expected.
prisma/seeds/lms-devops-course.ts(1453,1): error TS1434: Unexpected keyword or identifier.
prisma/seeds/lms-devops-course.ts(1454,1): error TS1127: Invalid character.
prisma/seeds/lms-devops-course.ts(1454,2): error TS1127: Invalid character.
prisma/seeds/lms-devops-course.ts(1454,7): error TS1127: Invalid character.
prisma/seeds/lms-devops-course.ts(1454,8): error TS1127: Invalid character.
prisma/seeds/lms-devops-course.ts(1457,4): error TS1127: Invalid character.
prisma/seeds/lms-devops-course.ts(1457,5): error TS1127: Invalid character.
prisma/seeds/lms-devops-course.ts(1457,10): error TS1005: ';' expected.
prisma/seeds/lms-devops-course.ts(1458,1): error TS18026: '#!' can only be used at the start of a file.
prisma/seeds/lms-devops-course.ts(1460,1): error TS1127: Invalid character.
prisma/seeds/lms-devops-course.ts(1460,3): error TS1005: ';' expected.
prisma/seeds/lms-devops-course.ts(1460,11): error TS1434: Unexpected keyword or identifier.
prisma/seeds/lms-devops-course.ts(1460,15): error TS1434: Unexpected keyword or identifier.
prisma/seeds/lms-devops-course.ts(1460,22): error TS1435: Unknown keyword or identifier. Did you mean 'accessor'?
prisma/seeds/lms-devops-course.ts(1464,4): error TS1005: '(' expected.
prisma/seeds/lms-devops-course.ts(1464,11): error TS1005: ',' expected.
prisma/seeds/lms-devops-course.ts(1464,24): error TS1005: ')' expected.
prisma/seeds/lms-devops-course.ts(1465,5): error TS1434: Unexpected keyword or identifier.
prisma/seeds/lms-devops-course.ts(1466,5): error TS1434: Unexpected keyword or identifier.
prisma/seeds/lms-devops-course.ts(1469,1): error TS1434: Unexpected keyword or identifier.
prisma/seeds/lms-devops-course.ts(1472,1): error TS1127: Invalid character.
prisma/seeds/lms-devops-course.ts(1472,3): error TS1005: ';' expected.
prisma/seeds/lms-devops-course.ts(1474,1): error TS1434: Unexpected keyword or identifier.
prisma/seeds/lms-devops-course.ts(1477,1): error TS1127: Invalid character.
prisma/seeds/lms-devops-course.ts(1477,3): error TS1005: ';' expected.
prisma/seeds/lms-devops-course.ts(1477,10): error TS1005: ';' expected.
prisma/seeds/lms-devops-course.ts(1478,1): error TS1434: Unexpected keyword or identifier.
prisma/seeds/lms-devops-course.ts(1479,1): error TS1434: Unexpected keyword or identifier.
prisma/seeds/lms-devops-course.ts(1479,18): error TS1005: ';' expected.
prisma/seeds/lms-devops-course.ts(1482,1): error TS1127: Invalid character.
prisma/seeds/lms-devops-course.ts(1482,3): error TS1005: ';' expected.
prisma/seeds/lms-devops-course.ts(1482,8): error TS1434: Unexpected keyword or identifier.
prisma/seeds/lms-devops-course.ts(1483,1): error TS1434: Unexpected keyword or identifier.
prisma/seeds/lms-devops-course.ts(1484,1): error TS1434: Unexpected keyword or identifier.
prisma/seeds/lms-devops-course.ts(1484,18): error TS1005: ';' expected.
prisma/seeds/lms-devops-course.ts(1487,1): error TS1127: Invalid character.
prisma/seeds/lms-devops-course.ts(1487,3): error TS1005: ';' expected.
prisma/seeds/lms-devops-course.ts(1487,10): error TS1005: ';' expected.
prisma/seeds/lms-devops-course.ts(1488,1): error TS1434: Unexpected keyword or identifier.
prisma/seeds/lms-devops-course.ts(1489,1): error TS1434: Unexpected keyword or identifier.
prisma/seeds/lms-devops-course.ts(1489,18): error TS1005: ';' expected.
prisma/seeds/lms-devops-course.ts(1492,1): error TS1127: Invalid character.
prisma/seeds/lms-devops-course.ts(1492,3): error TS1005: ';' expected.
prisma/seeds/lms-devops-course.ts(1492,12): error TS1434: Unexpected keyword or identifier.
prisma/seeds/lms-devops-course.ts(1493,1): error TS1434: Unexpected keyword or identifier.
prisma/seeds/lms-devops-course.ts(1494,1): error TS1434: Unexpected keyword or identifier.
prisma/seeds/lms-devops-course.ts(1494,18): error TS1005: ';' expected.
prisma/seeds/lms-devops-course.ts(1494,38): error TS1005: ';' expected.
prisma/seeds/lms-devops-course.ts(1495,1): error TS1127: Invalid character.
prisma/seeds/lms-devops-course.ts(1495,2): error TS1127: Invalid character.
prisma/seeds/lms-devops-course.ts(1495,7): error TS1127: Invalid character.
prisma/seeds/lms-devops-course.ts(1495,8): error TS1127: Invalid character.
prisma/seeds/lms-devops-course.ts(1498,4): error TS1127: Invalid character.
prisma/seeds/lms-devops-course.ts(1498,5): error TS1127: Invalid character.
prisma/seeds/lms-devops-course.ts(1498,10): error TS1005: ';' expected.
prisma/seeds/lms-devops-course.ts(1499,1): error TS18026: '#!' can only be used at the start of a file.
prisma/seeds/lms-devops-course.ts(1501,1): error TS1127: Invalid character.
prisma/seeds/lms-devops-course.ts(1501,3): error TS1005: ';' expected.
prisma/seeds/lms-devops-course.ts(1501,15): error TS1434: Unexpected keyword or identifier.
prisma/seeds/lms-devops-course.ts(1503,9): error TS1127: Invalid character.
prisma/seeds/lms-devops-course.ts(1503,11): error TS1005: ';' expected.
prisma/seeds/lms-devops-course.ts(1503,16): error TS1434: Unexpected keyword or identifier.
prisma/seeds/lms-devops-course.ts(1510,1): error TS1434: Unexpected keyword or identifier.
prisma/seeds/lms-devops-course.ts(1512,1): error TS1127: Invalid character.
prisma/seeds/lms-devops-course.ts(1512,3): error TS1005: ';' expected.
prisma/seeds/lms-devops-course.ts(1512,10): error TS1434: Unexpected keyword or identifier.
prisma/seeds/lms-devops-course.ts(1513,4): error TS1005: '(' expected.
prisma/seeds/lms-devops-course.ts(1513,9): error TS1005: ',' expected.
prisma/seeds/lms-devops-course.ts(1513,21): error TS1005: ')' expected.
prisma/seeds/lms-devops-course.ts(1514,5): error TS1434: Unexpected keyword or identifier.
prisma/seeds/lms-devops-course.ts(1515,14): error TS1005: ';' expected.
prisma/seeds/lms-devops-course.ts(1515,71): error TS1005: ';' expected.
prisma/seeds/lms-devops-course.ts(1518,1): error TS1127: Invalid character.
prisma/seeds/lms-devops-course.ts(1518,3): error TS1005: ';' expected.
prisma/seeds/lms-devops-course.ts(1518,9): error TS1434: Unexpected keyword or identifier.
prisma/seeds/lms-devops-course.ts(1518,12): error TS1434: Unexpected keyword or identifier.
prisma/seeds/lms-devops-course.ts(1519,4): error TS1005: '(' expected.
prisma/seeds/lms-devops-course.ts(1519,9): error TS1005: ',' expected.
prisma/seeds/lms-devops-course.ts(1519,26): error TS1005: ')' expected.
prisma/seeds/lms-devops-course.ts(1520,5): error TS1434: Unexpected keyword or identifier.
prisma/seeds/lms-devops-course.ts(1521,5): error TS1434: Unexpected keyword or identifier.
prisma/seeds/lms-devops-course.ts(1522,5): error TS1434: Unexpected keyword or identifier.
prisma/seeds/lms-devops-course.ts(1522,9): error TS1434: Unexpected keyword or identifier.
prisma/seeds/lms-devops-course.ts(1523,5): error TS1434: Unexpected keyword or identifier.
prisma/seeds/lms-devops-course.ts(1523,17): error TS1005: ';' expected.
prisma/seeds/lms-devops-course.ts(1524,1): error TS1128: Declaration or statement expected.
prisma/seeds/lms-devops-course.ts(1525,5): error TS1434: Unexpected keyword or identifier.
prisma/seeds/lms-devops-course.ts(1526,5): error TS1434: Unexpected keyword or identifier.
prisma/seeds/lms-devops-course.ts(1526,18): error TS1005: ';' expected.
prisma/seeds/lms-devops-course.ts(1526,38): error TS1005: ';' expected.
prisma/seeds/lms-devops-course.ts(1527,5): error TS1434: Unexpected keyword or identifier.
prisma/seeds/lms-devops-course.ts(1530,1): error TS1127: Invalid character.
prisma/seeds/lms-devops-course.ts(1530,3): error TS1005: ';' expected.
prisma/seeds/lms-devops-course.ts(1531,1): error TS1434: Unexpected keyword or identifier.
prisma/seeds/lms-devops-course.ts(1532,1): error TS1434: Unexpected keyword or identifier.
prisma/seeds/lms-devops-course.ts(1532,15): error TS1005: ';' expected.
prisma/seeds/lms-devops-course.ts(1534,1): error TS1127: Invalid character.
prisma/seeds/lms-devops-course.ts(1534,3): error TS1005: ';' expected.
prisma/seeds/lms-devops-course.ts(1535,1): error TS1434: Unexpected keyword or identifier.
prisma/seeds/lms-devops-course.ts(1536,1): error TS1434: Unexpected keyword or identifier.
prisma/seeds/lms-devops-course.ts(1536,5): error TS1434: Unexpected keyword or identifier.
prisma/seeds/lms-devops-course.ts(1538,1): error TS1127: Invalid character.
prisma/seeds/lms-devops-course.ts(1538,3): error TS1005: ';' expected.
prisma/seeds/lms-devops-course.ts(1539,1): error TS1434: Unexpected keyword or identifier.
prisma/seeds/lms-devops-course.ts(1540,1): error TS1434: Unexpected keyword or identifier.
prisma/seeds/lms-devops-course.ts(1540,6): error TS1434: Unexpected keyword or identifier.
prisma/seeds/lms-devops-course.ts(1540,16): error TS1434: Unexpected keyword or identifier.
prisma/seeds/lms-devops-course.ts(1542,1): error TS1127: Invalid character.
prisma/seeds/lms-devops-course.ts(1542,3): error TS1005: ';' expected.
prisma/seeds/lms-devops-course.ts(1543,1): error TS1434: Unexpected keyword or identifier.
prisma/seeds/lms-devops-course.ts(1544,1): error TS1434: Unexpected keyword or identifier.
prisma/seeds/lms-devops-course.ts(1545,36): error TS1005: ',' expected.
prisma/seeds/lms-devops-course.ts(1545,51): error TS1005: ',' expected.
prisma/seeds/lms-devops-course.ts(1545,55): error TS1005: ',' expected.
prisma/seeds/lms-devops-course.ts(1547,1): error TS1135: Argument expression expected.
prisma/seeds/lms-devops-course.ts(1547,4): error TS1005: '(' expected.
prisma/seeds/lms-devops-course.ts(1547,22): error TS1005: ',' expected.
prisma/seeds/lms-devops-course.ts(1547,27): error TS1005: ')' expected.
prisma/seeds/lms-devops-course.ts(1548,5): error TS1434: Unexpected keyword or identifier.
prisma/seeds/lms-devops-course.ts(1549,1): error TS1128: Declaration or statement expected.
prisma/seeds/lms-devops-course.ts(1550,5): error TS1434: Unexpected keyword or identifier.
prisma/seeds/lms-devops-course.ts(1551,5): error TS1434: Unexpected keyword or identifier.
prisma/seeds/lms-devops-course.ts(1554,1): error TS1434: Unexpected keyword or identifier.
prisma/seeds/lms-devops-course.ts(1555,1): error TS1127: Invalid character.
prisma/seeds/lms-devops-course.ts(1555,2): error TS1127: Invalid character.
prisma/seeds/lms-devops-course.ts(1555,7): error TS1127: Invalid character.
prisma/seeds/lms-devops-course.ts(1555,8): error TS1127: Invalid character.
prisma/seeds/lms-devops-course.ts(1578,4): error TS1127: Invalid character.
prisma/seeds/lms-devops-course.ts(1578,5): error TS1127: Invalid character.
prisma/seeds/lms-devops-course.ts(1578,10): error TS1005: ';' expected.
prisma/seeds/lms-devops-course.ts(1579,1): error TS18026: '#!' can only be used at the start of a file.
prisma/seeds/lms-devops-course.ts(1581,1): error TS1127: Invalid character.
prisma/seeds/lms-devops-course.ts(1581,3): error TS1005: ';' expected.
prisma/seeds/lms-devops-course.ts(1582,17): error TS1127: Invalid character.
prisma/seeds/lms-devops-course.ts(1582,19): error TS1005: ';' expected.
prisma/seeds/lms-devops-course.ts(1582,42): error TS1005: ';' expected.
prisma/seeds/lms-devops-course.ts(1583,17): error TS1127: Invalid character.
prisma/seeds/lms-devops-course.ts(1583,19): error TS1005: ';' expected.
prisma/seeds/lms-devops-course.ts(1583,25): error TS1434: Unexpected keyword or identifier.
prisma/seeds/lms-devops-course.ts(1583,31): error TS1434: Unexpected keyword or identifier.
prisma/seeds/lms-devops-course.ts(1585,1): error TS1127: Invalid character.
prisma/seeds/lms-devops-course.ts(1585,3): error TS1005: ';' expected.
prisma/seeds/lms-devops-course.ts(1585,9): error TS1434: Unexpected keyword or identifier.
prisma/seeds/lms-devops-course.ts(1586,4): error TS1005: '(' expected.
prisma/seeds/lms-devops-course.ts(1586,25): error TS1005: ')' expected.
prisma/seeds/lms-devops-course.ts(1590,1): error TS1127: Invalid character.
prisma/seeds/lms-devops-course.ts(1590,3): error TS1005: ';' expected.
prisma/seeds/lms-devops-course.ts(1592,1): error TS1127: Invalid character.
prisma/seeds/lms-devops-course.ts(1592,2): error TS1127: Invalid character.
prisma/seeds/lms-devops-course.ts(1592,7): error TS1127: Invalid character.
prisma/seeds/lms-devops-course.ts(1592,8): error TS1127: Invalid character.
prisma/seeds/lms-devops-course.ts(1606,20): error TS1005: ';' expected.
prisma/seeds/lms-devops-course.ts(1623,9): error TS1109: Expression expected.
prisma/seeds/lms-devops-course.ts(1623,10): error TS1128: Declaration or statement expected.
prisma/seeds/lms-devops-course.ts(1624,7): error TS1128: Declaration or statement expected.
prisma/seeds/lms-devops-course.ts(1624,8): error TS1128: Declaration or statement expected.
prisma/seeds/lms-devops-course.ts(1625,5): error TS1128: Declaration or statement expected.
prisma/seeds/lms-devops-course.ts(1625,6): error TS1128: Declaration or statement expected.
prisma/seeds/lms-devops-course.ts(1628,12): error TS1005: ';' expected.
prisma/seeds/lms-devops-course.ts(1629,18): error TS1005: ';' expected.
prisma/seeds/lms-devops-course.ts(1630,12): error TS1005: ';' expected.
prisma/seeds/lms-devops-course.ts(1631,15): error TS1005: ';' expected.
prisma/seeds/lms-devops-course.ts(1632,13): error TS1005: ';' expected.
prisma/seeds/lms-devops-course.ts(1664,4): error TS1127: Invalid character.
prisma/seeds/lms-devops-course.ts(1664,5): error TS1127: Invalid character.
prisma/seeds/lms-devops-course.ts(1664,6): error TS1136: Property assignment expected.
prisma/seeds/lms-devops-course.ts(1665,1): error TS1005: ',' expected.
prisma/seeds/lms-devops-course.ts(1665,9): error TS1005: ',' expected.
prisma/seeds/lms-devops-course.ts(1665,20): error TS1127: Invalid character.
prisma/seeds/lms-devops-course.ts(1665,31): error TS1005: ',' expected.
prisma/seeds/lms-devops-course.ts(1665,37): error TS1127: Invalid character.
prisma/seeds/lms-devops-course.ts(1665,46): error TS1005: ',' expected.
prisma/seeds/lms-devops-course.ts(1665,58): error TS1127: Invalid character.
prisma/seeds/lms-devops-course.ts(1665,68): error TS1005: ',' expected.
prisma/seeds/lms-devops-course.ts(1666,29): error TS1005: ',' expected.
prisma/seeds/lms-devops-course.ts(1666,46): error TS1005: ',' expected.
prisma/seeds/lms-devops-course.ts(1666,67): error TS1005: ',' expected.
prisma/seeds/lms-devops-course.ts(1667,27): error TS1127: Invalid character.
prisma/seeds/lms-devops-course.ts(1667,46): error TS1127: Invalid character.
prisma/seeds/lms-devops-course.ts(1668,42): error TS1109: Expression expected.
prisma/seeds/lms-devops-course.ts(1668,47): error TS1005: ']' expected.
prisma/seeds/lms-devops-course.ts(1669,1): error TS1127: Invalid character.
prisma/seeds/lms-devops-course.ts(1669,2): error TS1127: Invalid character.
prisma/seeds/lms-devops-course.ts(1669,7): error TS1127: Invalid character.
prisma/seeds/lms-devops-course.ts(1669,8): error TS1127: Invalid character.
prisma/seeds/lms-devops-course.ts(1678,4): error TS1127: Invalid character.
prisma/seeds/lms-devops-course.ts(1678,5): error TS1127: Invalid character.
prisma/seeds/lms-devops-course.ts(1678,10): error TS1005: ';' expected.
prisma/seeds/lms-devops-course.ts(1679,1): error TS1127: Invalid character.
prisma/seeds/lms-devops-course.ts(1679,3): error TS1005: ';' expected.
prisma/seeds/lms-devops-course.ts(1680,1): error TS1434: Unexpected keyword or identifier.
prisma/seeds/lms-devops-course.ts(1680,6): error TS1434: Unexpected keyword or identifier.
prisma/seeds/lms-devops-course.ts(1681,1): error TS1434: Unexpected keyword or identifier.
prisma/seeds/lms-devops-course.ts(1681,6): error TS1434: Unexpected keyword or identifier.
prisma/seeds/lms-devops-course.ts(1681,10): error TS1434: Unexpected keyword or identifier.
prisma/seeds/lms-devops-course.ts(1683,1): error TS1127: Invalid character.
prisma/seeds/lms-devops-course.ts(1683,3): error TS1005: ';' expected.
prisma/seeds/lms-devops-course.ts(1684,1): error TS1434: Unexpected keyword or identifier.
prisma/seeds/lms-devops-course.ts(1684,6): error TS1434: Unexpected keyword or identifier.
prisma/seeds/lms-devops-course.ts(1684,10): error TS1434: Unexpected keyword or identifier.
prisma/seeds/lms-devops-course.ts(1686,1): error TS1127: Invalid character.
prisma/seeds/lms-devops-course.ts(1686,3): error TS1005: ';' expected.
prisma/seeds/lms-devops-course.ts(1686,10): error TS1135: Argument expression expected.
prisma/seeds/lms-devops-course.ts(1686,15): error TS1005: '(' expected.
prisma/seeds/lms-devops-course.ts(1687,1): error TS1434: Unexpected keyword or identifier.
prisma/seeds/lms-devops-course.ts(1687,6): error TS1434: Unexpected keyword or identifier.
prisma/seeds/lms-devops-course.ts(1689,1): error TS1127: Invalid character.
prisma/seeds/lms-devops-course.ts(1689,3): error TS1005: ';' expected.
prisma/seeds/lms-devops-course.ts(1690,7): error TS1005: ';' expected.
prisma/seeds/lms-devops-course.ts(1691,1): error TS1127: Invalid character.
prisma/seeds/lms-devops-course.ts(1691,2): error TS1127: Invalid character.
prisma/seeds/lms-devops-course.ts(1691,7): error TS1127: Invalid character.
prisma/seeds/lms-devops-course.ts(1691,8): error TS1127: Invalid character.
prisma/seeds/lms-devops-course.ts(1695,4): error TS1127: Invalid character.
prisma/seeds/lms-devops-course.ts(1695,5): error TS1127: Invalid character.
prisma/seeds/lms-devops-course.ts(1695,10): error TS1005: ';' expected.
prisma/seeds/lms-devops-course.ts(1696,1): error TS1127: Invalid character.
prisma/seeds/lms-devops-course.ts(1696,3): error TS1005: ';' expected.
prisma/seeds/lms-devops-course.ts(1696,7): error TS1434: Unexpected keyword or identifier.
prisma/seeds/lms-devops-course.ts(1697,1): error TS1434: Unexpected keyword or identifier.
prisma/seeds/lms-devops-course.ts(1697,14): error TS1005: ';' expected.
prisma/seeds/lms-devops-course.ts(1697,21): error TS1005: ';' expected.
prisma/seeds/lms-devops-course.ts(1697,31): error TS1005: ';' expected.
prisma/seeds/lms-devops-course.ts(1698,1): error TS1434: Unexpected keyword or identifier.
prisma/seeds/lms-devops-course.ts(1698,14): error TS1005: ';' expected.
prisma/seeds/lms-devops-course.ts(1698,21): error TS1005: ';' expected.
prisma/seeds/lms-devops-course.ts(1698,32): error TS1005: ';' expected.
prisma/seeds/lms-devops-course.ts(1700,1): error TS1127: Invalid character.
prisma/seeds/lms-devops-course.ts(1700,3): error TS1005: ';' expected.
prisma/seeds/lms-devops-course.ts(1700,7): error TS1128: Declaration or statement expected.
prisma/seeds/lms-devops-course.ts(1701,1): error TS1434: Unexpected keyword or identifier.
prisma/seeds/lms-devops-course.ts(1701,14): error TS1005: ';' expected.
prisma/seeds/lms-devops-course.ts(1701,21): error TS1005: ';' expected.
prisma/seeds/lms-devops-course.ts(1701,33): error TS1005: ';' expected.
prisma/seeds/lms-devops-course.ts(1703,1): error TS1127: Invalid character.
prisma/seeds/lms-devops-course.ts(1703,3): error TS1005: ';' expected.
prisma/seeds/lms-devops-course.ts(1703,7): error TS1128: Declaration or statement expected.
prisma/seeds/lms-devops-course.ts(1703,15): error TS1434: Unexpected keyword or identifier.
prisma/seeds/lms-devops-course.ts(1704,1): error TS1434: Unexpected keyword or identifier.
prisma/seeds/lms-devops-course.ts(1704,14): error TS1005: ';' expected.
prisma/seeds/lms-devops-course.ts(1704,21): error TS1005: ';' expected.
prisma/seeds/lms-devops-course.ts(1704,40): error TS1005: ';' expected.
prisma/seeds/lms-devops-course.ts(1706,1): error TS1127: Invalid character.
prisma/seeds/lms-devops-course.ts(1706,3): error TS1005: ';' expected.
prisma/seeds/lms-devops-course.ts(1707,1): error TS1434: Unexpected keyword or identifier.
prisma/seeds/lms-devops-course.ts(1707,14): error TS1005: ';' expected.
prisma/seeds/lms-devops-course.ts(1708,1): error TS1434: Unexpected keyword or identifier.
prisma/seeds/lms-devops-course.ts(1708,5): error TS1434: Unexpected keyword or identifier.
prisma/seeds/lms-devops-course.ts(1709,1): error TS1434: Unexpected keyword or identifier.
prisma/seeds/lms-devops-course.ts(1709,5): error TS1434: Unexpected keyword or identifier.
prisma/seeds/lms-devops-course.ts(1711,1): error TS1127: Invalid character.
prisma/seeds/lms-devops-course.ts(1711,3): error TS1005: ';' expected.
prisma/seeds/lms-devops-course.ts(1712,1): error TS1127: Invalid character.
prisma/seeds/lms-devops-course.ts(1712,5): error TS1005: ';' expected.
prisma/seeds/lms-devops-course.ts(1712,13): error TS1127: Invalid character.
prisma/seeds/lms-devops-course.ts(1712,35): error TS1005: ',' expected.
prisma/seeds/lms-devops-course.ts(1713,1): error TS1127: Invalid character.
prisma/seeds/lms-devops-course.ts(1713,5): error TS1005: ';' expected.
prisma/seeds/lms-devops-course.ts(1713,13): error TS1127: Invalid character.
prisma/seeds/lms-devops-course.ts(1713,16): error TS1161: Unterminated regular expression literal.
prisma/seeds/lms-devops-course.ts(1714,1): error TS1127: Invalid character.
prisma/seeds/lms-devops-course.ts(1714,5): error TS1005: ';' expected.
prisma/seeds/lms-devops-course.ts(1714,13): error TS1127: Invalid character.
prisma/seeds/lms-devops-course.ts(1714,15): error TS1128: Declaration or statement expected.
prisma/seeds/lms-devops-course.ts(1714,36): error TS1005: ',' expected.
prisma/seeds/lms-devops-course.ts(1715,1): error TS1127: Invalid character.
prisma/seeds/lms-devops-course.ts(1715,2): error TS1127: Invalid character.
prisma/seeds/lms-devops-course.ts(1715,7): error TS1127: Invalid character.
prisma/seeds/lms-devops-course.ts(1715,8): error TS1127: Invalid character.
prisma/seeds/lms-devops-course.ts(1720,4): error TS1127: Invalid character.
prisma/seeds/lms-devops-course.ts(1720,5): error TS1127: Invalid character.
prisma/seeds/lms-devops-course.ts(1720,10): error TS1005: ';' expected.
prisma/seeds/lms-devops-course.ts(1721,1): error TS1127: Invalid character.
prisma/seeds/lms-devops-course.ts(1721,3): error TS1005: ';' expected.
prisma/seeds/lms-devops-course.ts(1721,10): error TS1434: Unexpected keyword or identifier.
prisma/seeds/lms-devops-course.ts(1721,20): error TS1434: Unexpected keyword or identifier.
prisma/seeds/lms-devops-course.ts(1722,1): error TS1434: Unexpected keyword or identifier.
prisma/seeds/lms-devops-course.ts(1723,1): error TS1434: Unexpected keyword or identifier.
prisma/seeds/lms-devops-course.ts(1724,1): error TS1434: Unexpected keyword or identifier.
prisma/seeds/lms-devops-course.ts(1726,1): error TS1127: Invalid character.
prisma/seeds/lms-devops-course.ts(1726,3): error TS1005: ';' expected.
prisma/seeds/lms-devops-course.ts(1726,7): error TS1434: Unexpected keyword or identifier.
prisma/seeds/lms-devops-course.ts(1726,11): error TS1434: Unexpected keyword or identifier.
prisma/seeds/lms-devops-course.ts(1726,23): error TS1005: ';' expected.
prisma/seeds/lms-devops-course.ts(1728,1): error TS1127: Invalid character.
prisma/seeds/lms-devops-course.ts(1728,2): error TS1127: Invalid character.
prisma/seeds/lms-devops-course.ts(1728,7): error TS1127: Invalid character.
prisma/seeds/lms-devops-course.ts(1728,8): error TS1127: Invalid character.
prisma/seeds/lms-devops-course.ts(1731,4): error TS1127: Invalid character.
prisma/seeds/lms-devops-course.ts(1731,5): error TS1127: Invalid character.
prisma/seeds/lms-devops-course.ts(1731,10): error TS1005: ';' expected.
prisma/seeds/lms-devops-course.ts(1732,1): error TS1127: Invalid character.
prisma/seeds/lms-devops-course.ts(1732,3): error TS1005: ';' expected.
prisma/seeds/lms-devops-course.ts(1732,9): error TS1434: Unexpected keyword or identifier.
prisma/seeds/lms-devops-course.ts(1733,1): error TS1434: Unexpected keyword or identifier.
prisma/seeds/lms-devops-course.ts(1733,5): error TS1434: Unexpected keyword or identifier.
prisma/seeds/lms-devops-course.ts(1735,1): error TS1127: Invalid character.
prisma/seeds/lms-devops-course.ts(1735,3): error TS1005: ';' expected.
prisma/seeds/lms-devops-course.ts(1735,9): error TS1434: Unexpected keyword or identifier.
prisma/seeds/lms-devops-course.ts(1735,14): error TS1434: Unexpected keyword or identifier.
prisma/seeds/lms-devops-course.ts(1736,1): error TS1434: Unexpected keyword or identifier.
prisma/seeds/lms-devops-course.ts(1736,5): error TS1434: Unexpected keyword or identifier.
prisma/seeds/lms-devops-course.ts(1738,1): error TS1127: Invalid character.
prisma/seeds/lms-devops-course.ts(1738,3): error TS1005: ';' expected.
prisma/seeds/lms-devops-course.ts(1738,9): error TS1434: Unexpected keyword or identifier.
prisma/seeds/lms-devops-course.ts(1739,1): error TS1434: Unexpected keyword or identifier.
prisma/seeds/lms-devops-course.ts(1739,14): error TS1005: ';' expected.
prisma/seeds/lms-devops-course.ts(1740,1): error TS1127: Invalid character.
prisma/seeds/lms-devops-course.ts(1740,2): error TS1127: Invalid character.
prisma/seeds/lms-devops-course.ts(1740,7): error TS1127: Invalid character.
prisma/seeds/lms-devops-course.ts(1740,8): error TS1127: Invalid character.
prisma/seeds/lms-devops-course.ts(1745,4): error TS1127: Invalid character.
prisma/seeds/lms-devops-course.ts(1745,5): error TS1127: Invalid character.
prisma/seeds/lms-devops-course.ts(1745,10): error TS1005: ';' expected.
prisma/seeds/lms-devops-course.ts(1746,1): error TS1434: Unexpected keyword or identifier.
prisma/seeds/lms-devops-course.ts(1746,5): error TS1434: Unexpected keyword or identifier.
prisma/seeds/lms-devops-course.ts(1746,25): error TS1127: Invalid character.
prisma/seeds/lms-devops-course.ts(1746,27): error TS1005: ';' expected.
prisma/seeds/lms-devops-course.ts(1747,1): error TS1434: Unexpected keyword or identifier.
prisma/seeds/lms-devops-course.ts(1747,25): error TS1127: Invalid character.
prisma/seeds/lms-devops-course.ts(1747,27): error TS1005: ';' expected.
prisma/seeds/lms-devops-course.ts(1748,1): error TS1127: Invalid character.
prisma/seeds/lms-devops-course.ts(1748,2): error TS1127: Invalid character.
prisma/seeds/lms-devops-course.ts(1748,7): error TS1127: Invalid character.
prisma/seeds/lms-devops-course.ts(1748,8): error TS1127: Invalid character.
prisma/seeds/lms-devops-course.ts(1751,4): error TS1127: Invalid character.
prisma/seeds/lms-devops-course.ts(1751,5): error TS1127: Invalid character.
prisma/seeds/lms-devops-course.ts(1751,10): error TS1005: ';' expected.
prisma/seeds/lms-devops-course.ts(1752,1): error TS1434: Unexpected keyword or identifier.
prisma/seeds/lms-devops-course.ts(1752,5): error TS1434: Unexpected keyword or identifier.
prisma/seeds/lms-devops-course.ts(1752,25): error TS1127: Invalid character.
prisma/seeds/lms-devops-course.ts(1752,27): error TS1005: ';' expected.
prisma/seeds/lms-devops-course.ts(1752,31): error TS1434: Unexpected keyword or identifier.
prisma/seeds/lms-devops-course.ts(1753,1): error TS1434: Unexpected keyword or identifier.
prisma/seeds/lms-devops-course.ts(1753,25): error TS1127: Invalid character.
prisma/seeds/lms-devops-course.ts(1753,27): error TS1005: ';' expected.
prisma/seeds/lms-devops-course.ts(1753,31): error TS1434: Unexpected keyword or identifier.
prisma/seeds/lms-devops-course.ts(1753,52): error TS1005: ';' expected.
prisma/seeds/lms-devops-course.ts(1754,1): error TS1434: Unexpected keyword or identifier.
prisma/seeds/lms-devops-course.ts(1754,10): error TS1109: Expression expected.
prisma/seeds/lms-devops-course.ts(1754,25): error TS1127: Invalid character.
prisma/seeds/lms-devops-course.ts(1754,27): error TS1005: ';' expected.
prisma/seeds/lms-devops-course.ts(1754,31): error TS1434: Unexpected keyword or identifier.
prisma/seeds/lms-devops-course.ts(1754,35): error TS1434: Unexpected keyword or identifier.
prisma/seeds/lms-devops-course.ts(1755,1): error TS1434: Unexpected keyword or identifier.
prisma/seeds/lms-devops-course.ts(1755,25): error TS1127: Invalid character.
prisma/seeds/lms-devops-course.ts(1755,27): error TS1005: ';' expected.
prisma/seeds/lms-devops-course.ts(1755,31): error TS1434: Unexpected keyword or identifier.
prisma/seeds/lms-devops-course.ts(1755,47): error TS1109: Expression expected.
prisma/seeds/lms-devops-course.ts(1756,1): error TS1434: Unexpected keyword or identifier.
prisma/seeds/lms-devops-course.ts(1756,25): error TS1127: Invalid character.
prisma/seeds/lms-devops-course.ts(1756,27): error TS1005: ';' expected.
prisma/seeds/lms-devops-course.ts(1757,1): error TS1127: Invalid character.
prisma/seeds/lms-devops-course.ts(1757,2): error TS1127: Invalid character.
prisma/seeds/lms-devops-course.ts(1757,7): error TS1127: Invalid character.
prisma/seeds/lms-devops-course.ts(1757,8): error TS1127: Invalid character.
prisma/seeds/lms-devops-course.ts(1760,4): error TS1127: Invalid character.
prisma/seeds/lms-devops-course.ts(1760,5): error TS1127: Invalid character.
prisma/seeds/lms-devops-course.ts(1760,10): error TS1005: ';' expected.
prisma/seeds/lms-devops-course.ts(1761,1): error TS1434: Unexpected keyword or identifier.
prisma/seeds/lms-devops-course.ts(1761,15): error TS1005: ';' expected.
prisma/seeds/lms-devops-course.ts(1763,1): error TS1127: Invalid character.
prisma/seeds/lms-devops-course.ts(1763,3): error TS1005: ';' expected.
prisma/seeds/lms-devops-course.ts(1763,15): error TS1005: '(' expected.
prisma/seeds/lms-devops-course.ts(1763,24): error TS1005: ')' expected.
prisma/seeds/lms-devops-course.ts(1764,1): error TS1434: Unexpected keyword or identifier.
prisma/seeds/lms-devops-course.ts(1764,15): error TS1005: ';' expected.
prisma/seeds/lms-devops-course.ts(1764,44): error TS1005: ';' expected.
prisma/seeds/lms-devops-course.ts(1764,67): error TS1002: Unterminated string literal.
prisma/seeds/lms-devops-course.ts(1765,7): error TS1005: ';' expected.
prisma/seeds/lms-devops-course.ts(1765,20): error TS1005: ';' expected.
prisma/seeds/lms-devops-course.ts(1766,7): error TS1005: ';' expected.
prisma/seeds/lms-devops-course.ts(1766,16): error TS1434: Unexpected keyword or identifier.
prisma/seeds/lms-devops-course.ts(1766,24): error TS1002: Unterminated string literal.
prisma/seeds/lms-devops-course.ts(1768,1): error TS1127: Invalid character.
prisma/seeds/lms-devops-course.ts(1768,3): error TS1005: ';' expected.
prisma/seeds/lms-devops-course.ts(1768,10): error TS1434: Unexpected keyword or identifier.
prisma/seeds/lms-devops-course.ts(1768,14): error TS1434: Unexpected keyword or identifier.
prisma/seeds/lms-devops-course.ts(1768,36): error TS1005: ',' expected.
prisma/seeds/lms-devops-course.ts(1769,1): error TS1434: Unexpected keyword or identifier.
prisma/seeds/lms-devops-course.ts(1769,16): error TS1005: ';' expected.
prisma/seeds/lms-devops-course.ts(1771,1): error TS1127: Invalid character.
prisma/seeds/lms-devops-course.ts(1771,3): error TS1005: ';' expected.
prisma/seeds/lms-devops-course.ts(1771,9): error TS1434: Unexpected keyword or identifier.
prisma/seeds/lms-devops-course.ts(1772,1): error TS1434: Unexpected keyword or identifier.
prisma/seeds/lms-devops-course.ts(1772,14): error TS1005: ';' expected.
prisma/seeds/lms-devops-course.ts(1772,23): error TS1005: ';' expected.
prisma/seeds/lms-devops-course.ts(1773,1): error TS1127: Invalid character.
prisma/seeds/lms-devops-course.ts(1773,2): error TS1127: Invalid character.
prisma/seeds/lms-devops-course.ts(1773,7): error TS1127: Invalid character.
prisma/seeds/lms-devops-course.ts(1773,8): error TS1127: Invalid character.
prisma/seeds/lms-devops-course.ts(1777,4): error TS1127: Invalid character.
prisma/seeds/lms-devops-course.ts(1777,5): error TS1127: Invalid character.
prisma/seeds/lms-devops-course.ts(1777,10): error TS1005: ';' expected.
prisma/seeds/lms-devops-course.ts(1778,1): error TS1127: Invalid character.
prisma/seeds/lms-devops-course.ts(1778,3): error TS1005: ';' expected.
prisma/seeds/lms-devops-course.ts(1778,8): error TS1434: Unexpected keyword or identifier.
prisma/seeds/lms-devops-course.ts(1779,1): error TS1434: Unexpected keyword or identifier.
prisma/seeds/lms-devops-course.ts(1781,1): error TS1127: Invalid character.
prisma/seeds/lms-devops-course.ts(1781,3): error TS1005: ';' expected.
prisma/seeds/lms-devops-course.ts(1781,7): error TS1434: Unexpected keyword or identifier.
prisma/seeds/lms-devops-course.ts(1781,12): error TS1434: Unexpected keyword or identifier.
prisma/seeds/lms-devops-course.ts(1782,1): error TS1434: Unexpected keyword or identifier.
prisma/seeds/lms-devops-course.ts(1782,11): error TS1005: ';' expected.
prisma/seeds/lms-devops-course.ts(1784,1): error TS1127: Invalid character.
prisma/seeds/lms-devops-course.ts(1784,3): error TS1005: ';' expected.
prisma/seeds/lms-devops-course.ts(1785,1): error TS1434: Unexpected keyword or identifier.
prisma/seeds/lms-devops-course.ts(1785,11): error TS1005: ';' expected.
prisma/seeds/lms-devops-course.ts(1785,19): error TS1005: ';' expected.
prisma/seeds/lms-devops-course.ts(1785,29): error TS1005: ';' expected.
prisma/seeds/lms-devops-course.ts(1787,1): error TS1127: Invalid character.
prisma/seeds/lms-devops-course.ts(1787,3): error TS1005: ';' expected.
prisma/seeds/lms-devops-course.ts(1787,8): error TS1434: Unexpected keyword or identifier.
prisma/seeds/lms-devops-course.ts(1787,15): error TS1005: ';' expected.
prisma/seeds/lms-devops-course.ts(1788,1): error TS1434: Unexpected keyword or identifier.
prisma/seeds/lms-devops-course.ts(1790,1): error TS1127: Invalid character.
prisma/seeds/lms-devops-course.ts(1790,3): error TS1005: ';' expected.
prisma/seeds/lms-devops-course.ts(1790,8): error TS1434: Unexpected keyword or identifier.
prisma/seeds/lms-devops-course.ts(1790,16): error TS1434: Unexpected keyword or identifier.
prisma/seeds/lms-devops-course.ts(1791,1): error TS1434: Unexpected keyword or identifier.
prisma/seeds/lms-devops-course.ts(1791,11): error TS1005: ';' expected.
prisma/seeds/lms-devops-course.ts(1793,1): error TS1127: Invalid character.
prisma/seeds/lms-devops-course.ts(1793,3): error TS1005: ';' expected.
prisma/seeds/lms-devops-course.ts(1793,24): error TS1005: ';' expected.
prisma/seeds/lms-devops-course.ts(1794,1): error TS1434: Unexpected keyword or identifier.
prisma/seeds/lms-devops-course.ts(1794,11): error TS1005: ';' expected.
prisma/seeds/lms-devops-course.ts(1794,32): error TS1005: ';' expected.
prisma/seeds/lms-devops-course.ts(1796,1): error TS1127: Invalid character.
prisma/seeds/lms-devops-course.ts(1796,3): error TS1005: ';' expected.
prisma/seeds/lms-devops-course.ts(1797,1): error TS1434: Unexpected keyword or identifier.
prisma/seeds/lms-devops-course.ts(1799,1): error TS1127: Invalid character.
prisma/seeds/lms-devops-course.ts(1799,3): error TS1005: ';' expected.
prisma/seeds/lms-devops-course.ts(1800,1): error TS1434: Unexpected keyword or identifier.
prisma/seeds/lms-devops-course.ts(1800,11): error TS1005: ';' expected.
prisma/seeds/lms-devops-course.ts(1802,1): error TS1127: Invalid character.
prisma/seeds/lms-devops-course.ts(1802,3): error TS1005: ';' expected.
prisma/seeds/lms-devops-course.ts(1803,1): error TS1434: Unexpected keyword or identifier.
prisma/seeds/lms-devops-course.ts(1803,11): error TS1005: ';' expected.
prisma/seeds/lms-devops-course.ts(1803,24): error TS1005: ';' expected.
prisma/seeds/lms-devops-course.ts(1804,1): error TS1127: Invalid character.
prisma/seeds/lms-devops-course.ts(1804,2): error TS1127: Invalid character.
prisma/seeds/lms-devops-course.ts(1804,7): error TS1127: Invalid character.
prisma/seeds/lms-devops-course.ts(1804,8): error TS1127: Invalid character.
prisma/seeds/lms-devops-course.ts(1808,4): error TS1127: Invalid character.
prisma/seeds/lms-devops-course.ts(1808,5): error TS1127: Invalid character.
prisma/seeds/lms-devops-course.ts(1808,10): error TS1005: ';' expected.
prisma/seeds/lms-devops-course.ts(1809,1): error TS1127: Invalid character.
prisma/seeds/lms-devops-course.ts(1809,3): error TS1005: ';' expected.
prisma/seeds/lms-devops-course.ts(1809,8): error TS1434: Unexpected keyword or identifier.
prisma/seeds/lms-devops-course.ts(1810,1): error TS1434: Unexpected keyword or identifier.
prisma/seeds/lms-devops-course.ts(1812,1): error TS1127: Invalid character.
prisma/seeds/lms-devops-course.ts(1812,3): error TS1005: ';' expected.
prisma/seeds/lms-devops-course.ts(1812,8): error TS1434: Unexpected keyword or identifier.
prisma/seeds/lms-devops-course.ts(1813,1): error TS1434: Unexpected keyword or identifier.
prisma/seeds/lms-devops-course.ts(1813,12): error TS1005: ';' expected.
prisma/seeds/lms-devops-course.ts(1814,1): error TS1434: Unexpected keyword or identifier.
prisma/seeds/lms-devops-course.ts(1814,12): error TS1005: ';' expected.
prisma/seeds/lms-devops-course.ts(1816,1): error TS1127: Invalid character.
prisma/seeds/lms-devops-course.ts(1816,3): error TS1005: ';' expected.
prisma/seeds/lms-devops-course.ts(1816,28): error TS1005: ';' expected.
prisma/seeds/lms-devops-course.ts(1817,1): error TS1434: Unexpected keyword or identifier.
prisma/seeds/lms-devops-course.ts(1817,5): error TS1434: Unexpected keyword or identifier.
prisma/seeds/lms-devops-course.ts(1819,1): error TS1127: Invalid character.
prisma/seeds/lms-devops-course.ts(1819,3): error TS1005: ';' expected.
prisma/seeds/lms-devops-course.ts(1819,8): error TS1434: Unexpected keyword or identifier.
prisma/seeds/lms-devops-course.ts(1819,16): error TS1434: Unexpected keyword or identifier.
prisma/seeds/lms-devops-course.ts(1820,1): error TS1434: Unexpected keyword or identifier.
prisma/seeds/lms-devops-course.ts(1820,5): error TS1434: Unexpected keyword or identifier.
prisma/seeds/lms-devops-course.ts(1820,10): error TS1434: Unexpected keyword or identifier.
prisma/seeds/lms-devops-course.ts(1822,1): error TS1127: Invalid character.
prisma/seeds/lms-devops-course.ts(1822,3): error TS1005: ';' expected.
prisma/seeds/lms-devops-course.ts(1822,8): error TS1434: Unexpected keyword or identifier.
prisma/seeds/lms-devops-course.ts(1822,16): error TS1434: Unexpected keyword or identifier.
prisma/seeds/lms-devops-course.ts(1823,1): error TS1434: Unexpected keyword or identifier.
prisma/seeds/lms-devops-course.ts(1823,5): error TS1434: Unexpected keyword or identifier.
prisma/seeds/lms-devops-course.ts(1823,10): error TS1434: Unexpected keyword or identifier.
prisma/seeds/lms-devops-course.ts(1824,1): error TS1127: Invalid character.
prisma/seeds/lms-devops-course.ts(1824,2): error TS1127: Invalid character.
prisma/seeds/lms-devops-course.ts(1824,7): error TS1127: Invalid character.
prisma/seeds/lms-devops-course.ts(1824,8): error TS1127: Invalid character.
prisma/seeds/lms-devops-course.ts(1829,4): error TS1127: Invalid character.
prisma/seeds/lms-devops-course.ts(1829,5): error TS1127: Invalid character.
prisma/seeds/lms-devops-course.ts(1829,10): error TS1005: ';' expected.
prisma/seeds/lms-devops-course.ts(1830,1): error TS1434: Unexpected keyword or identifier.
prisma/seeds/lms-devops-course.ts(1830,5): error TS1435: Unknown keyword or identifier. Did you mean 'set'?
prisma/seeds/lms-devops-course.ts(1830,11): error TS1434: Unexpected keyword or identifier.
prisma/seeds/lms-devops-course.ts(1830,30): error TS1127: Invalid character.
prisma/seeds/lms-devops-course.ts(1830,32): error TS1005: ';' expected.
prisma/seeds/lms-devops-course.ts(1831,1): error TS1434: Unexpected keyword or identifier.
prisma/seeds/lms-devops-course.ts(1831,5): error TS1435: Unknown keyword or identifier. Did you mean 'set'?
prisma/seeds/lms-devops-course.ts(1831,31): error TS1127: Invalid character.
prisma/seeds/lms-devops-course.ts(1831,33): error TS1005: ';' expected.
prisma/seeds/lms-devops-course.ts(1831,41): error TS1434: Unexpected keyword or identifier.
prisma/seeds/lms-devops-course.ts(1832,1): error TS1127: Invalid character.
prisma/seeds/lms-devops-course.ts(1832,2): error TS1127: Invalid character.
prisma/seeds/lms-devops-course.ts(1832,7): error TS1127: Invalid character.
prisma/seeds/lms-devops-course.ts(1832,8): error TS1127: Invalid character.
prisma/seeds/lms-devops-course.ts(1835,4): error TS1127: Invalid character.
prisma/seeds/lms-devops-course.ts(1835,5): error TS1127: Invalid character.
prisma/seeds/lms-devops-course.ts(1835,10): error TS1005: ';' expected.
prisma/seeds/lms-devops-course.ts(1836,1): error TS1434: Unexpected keyword or identifier.
prisma/seeds/lms-devops-course.ts(1836,17): error TS1005: ';' expected.
prisma/seeds/lms-devops-course.ts(1836,30): error TS1127: Invalid character.
prisma/seeds/lms-devops-course.ts(1836,32): error TS1005: ';' expected.
prisma/seeds/lms-devops-course.ts(1837,1): error TS1434: Unexpected keyword or identifier.
prisma/seeds/lms-devops-course.ts(1837,5): error TS1434: Unexpected keyword or identifier.
prisma/seeds/lms-devops-course.ts(1837,30): error TS1127: Invalid character.
prisma/seeds/lms-devops-course.ts(1837,32): error TS1005: ';' expected.
prisma/seeds/lms-devops-course.ts(1837,48): error TS1005: ',' expected.
prisma/seeds/lms-devops-course.ts(1837,53): error TS1109: Expression expected.
prisma/seeds/lms-devops-course.ts(1839,1): error TS1127: Invalid character.
prisma/seeds/lms-devops-course.ts(1839,3): error TS1127: Invalid character.
prisma/seeds/lms-devops-course.ts(1839,4): error TS1127: Invalid character.
prisma/seeds/lms-devops-course.ts(1839,15): error TS1435: Unknown keyword or identifier. Did you mean 'this'?
prisma/seeds/lms-devops-course.ts(1839,20): error TS1434: Unexpected keyword or identifier.
prisma/seeds/lms-devops-course.ts(1839,32): error TS1435: Unknown keyword or identifier. Did you mean 'delete'?
prisma/seeds/lms-devops-course.ts(1839,40): error TS1434: Unexpected keyword or identifier.
prisma/seeds/lms-devops-course.ts(1840,1): error TS1127: Invalid character.
prisma/seeds/lms-devops-course.ts(1840,2): error TS1127: Invalid character.
prisma/seeds/lms-devops-course.ts(1840,7): error TS1127: Invalid character.
prisma/seeds/lms-devops-course.ts(1840,8): error TS1127: Invalid character.
prisma/seeds/lms-devops-course.ts(1843,4): error TS1127: Invalid character.
prisma/seeds/lms-devops-course.ts(1843,5): error TS1127: Invalid character.
prisma/seeds/lms-devops-course.ts(1843,10): error TS1005: ';' expected.
prisma/seeds/lms-devops-course.ts(1844,1): error TS1127: Invalid character.
prisma/seeds/lms-devops-course.ts(1844,3): error TS1005: ';' expected.
prisma/seeds/lms-devops-course.ts(1844,8): error TS1434: Unexpected keyword or identifier.
prisma/seeds/lms-devops-course.ts(1844,26): error TS1005: ';' expected.
prisma/seeds/lms-devops-course.ts(1845,1): error TS1434: Unexpected keyword or identifier.
prisma/seeds/lms-devops-course.ts(1845,13): error TS1005: ';' expected.
prisma/seeds/lms-devops-course.ts(1845,18): error TS1434: Unexpected keyword or identifier.
prisma/seeds/lms-devops-course.ts(1847,1): error TS1127: Invalid character.
prisma/seeds/lms-devops-course.ts(1847,3): error TS1005: ';' expected.
prisma/seeds/lms-devops-course.ts(1847,8): error TS1434: Unexpected keyword or identifier.
prisma/seeds/lms-devops-course.ts(1847,26): error TS1005: ';' expected.
prisma/seeds/lms-devops-course.ts(1848,1): error TS1434: Unexpected keyword or identifier.
prisma/seeds/lms-devops-course.ts(1848,5): error TS1435: Unknown keyword or identifier. Did you mean 'set'?
prisma/seeds/lms-devops-course.ts(1848,11): error TS1434: Unexpected keyword or identifier.
prisma/seeds/lms-devops-course.ts(1849,1): error TS1434: Unexpected keyword or identifier.
prisma/seeds/lms-devops-course.ts(1849,13): error TS1005: ';' expected.
prisma/seeds/lms-devops-course.ts(1849,19): error TS1434: Unexpected keyword or identifier.
prisma/seeds/lms-devops-course.ts(1851,1): error TS1127: Invalid character.
prisma/seeds/lms-devops-course.ts(1851,3): error TS1005: ';' expected.
prisma/seeds/lms-devops-course.ts(1851,8): error TS1434: Unexpected keyword or identifier.
prisma/seeds/lms-devops-course.ts(1851,29): error TS1005: ';' expected.
prisma/seeds/lms-devops-course.ts(1851,38): error TS1127: Invalid character.
prisma/seeds/lms-devops-course.ts(1851,39): error TS1127: Invalid character.
prisma/seeds/lms-devops-course.ts(1852,1): error TS1434: Unexpected keyword or identifier.
prisma/seeds/lms-devops-course.ts(1852,13): error TS1005: ';' expected.
prisma/seeds/lms-devops-course.ts(1852,18): error TS1434: Unexpected keyword or identifier.
prisma/seeds/lms-devops-course.ts(1854,1): error TS1127: Invalid character.
prisma/seeds/lms-devops-course.ts(1854,3): error TS1005: ';' expected.
prisma/seeds/lms-devops-course.ts(1854,26): error TS1005: ',' expected.
prisma/seeds/lms-devops-course.ts(1855,1): error TS1434: Unexpected keyword or identifier.
prisma/seeds/lms-devops-course.ts(1856,1): error TS1127: Invalid character.
prisma/seeds/lms-devops-course.ts(1856,2): error TS1127: Invalid character.
prisma/seeds/lms-devops-course.ts(1856,7): error TS1127: Invalid character.
prisma/seeds/lms-devops-course.ts(1856,8): error TS1127: Invalid character.
prisma/seeds/lms-devops-course.ts(1861,4): error TS1127: Invalid character.
prisma/seeds/lms-devops-course.ts(1861,5): error TS1127: Invalid character.
prisma/seeds/lms-devops-course.ts(1861,10): error TS1005: ';' expected.
prisma/seeds/lms-devops-course.ts(1862,1): error TS1127: Invalid character.
prisma/seeds/lms-devops-course.ts(1862,3): error TS1005: ';' expected.
prisma/seeds/lms-devops-course.ts(1862,7): error TS1434: Unexpected keyword or identifier.
prisma/seeds/lms-devops-course.ts(1863,1): error TS1434: Unexpected keyword or identifier.
prisma/seeds/lms-devops-course.ts(1863,5): error TS1434: Unexpected keyword or identifier.
prisma/seeds/lms-devops-course.ts(1863,12): error TS1434: Unexpected keyword or identifier.
prisma/seeds/lms-devops-course.ts(1863,16): error TS1434: Unexpected keyword or identifier.
prisma/seeds/lms-devops-course.ts(1865,1): error TS1127: Invalid character.
prisma/seeds/lms-devops-course.ts(1865,3): error TS1005: ';' expected.
prisma/seeds/lms-devops-course.ts(1866,1): error TS1434: Unexpected keyword or identifier.
prisma/seeds/lms-devops-course.ts(1868,1): error TS1127: Invalid character.
prisma/seeds/lms-devops-course.ts(1868,3): error TS1005: ';' expected.
prisma/seeds/lms-devops-course.ts(1869,1): error TS1434: Unexpected keyword or identifier.
prisma/seeds/lms-devops-course.ts(1869,5): error TS1434: Unexpected keyword or identifier.
prisma/seeds/lms-devops-course.ts(1869,12): error TS1434: Unexpected keyword or identifier.
prisma/seeds/lms-devops-course.ts(1871,1): error TS1127: Invalid character.
prisma/seeds/lms-devops-course.ts(1871,3): error TS1005: ';' expected.
prisma/seeds/lms-devops-course.ts(1872,1): error TS1434: Unexpected keyword or identifier.
prisma/seeds/lms-devops-course.ts(1872,5): error TS1434: Unexpected keyword or identifier.
prisma/seeds/lms-devops-course.ts(1872,12): error TS1434: Unexpected keyword or identifier.
prisma/seeds/lms-devops-course.ts(1872,19): error TS1434: Unexpected keyword or identifier.
prisma/seeds/lms-devops-course.ts(1873,1): error TS1127: Invalid character.
prisma/seeds/lms-devops-course.ts(1873,2): error TS1127: Invalid character.
prisma/seeds/lms-devops-course.ts(1873,7): error TS1127: Invalid character.
prisma/seeds/lms-devops-course.ts(1873,8): error TS1127: Invalid character.
prisma/seeds/lms-devops-course.ts(1876,4): error TS1127: Invalid character.
prisma/seeds/lms-devops-course.ts(1876,5): error TS1127: Invalid character.
prisma/seeds/lms-devops-course.ts(1876,10): error TS1005: ';' expected.
prisma/seeds/lms-devops-course.ts(1877,1): error TS1127: Invalid character.
prisma/seeds/lms-devops-course.ts(1877,3): error TS1005: ';' expected.
prisma/seeds/lms-devops-course.ts(1877,23): error TS1005: ',' expected.
prisma/seeds/lms-devops-course.ts(1877,32): error TS1002: Unterminated string literal.
prisma/seeds/lms-devops-course.ts(1878,1): error TS1005: ',' expected.
prisma/seeds/lms-devops-course.ts(1878,5): error TS1005: ',' expected.
prisma/seeds/lms-devops-course.ts(1878,11): error TS1005: ',' expected.
prisma/seeds/lms-devops-course.ts(1880,1): error TS1127: Invalid character.
prisma/seeds/lms-devops-course.ts(1880,3): error TS1005: ',' expected.
prisma/seeds/lms-devops-course.ts(1880,8): error TS1005: ',' expected.
prisma/seeds/lms-devops-course.ts(1881,1): error TS1005: ',' expected.
prisma/seeds/lms-devops-course.ts(1881,5): error TS1005: ',' expected.
prisma/seeds/lms-devops-course.ts(1881,10): error TS1005: ',' expected.
prisma/seeds/lms-devops-course.ts(1881,17): error TS1005: ',' expected.
prisma/seeds/lms-devops-course.ts(1883,1): error TS1127: Invalid character.
prisma/seeds/lms-devops-course.ts(1883,3): error TS1005: ',' expected.
prisma/seeds/lms-devops-course.ts(1883,8): error TS1005: ',' expected.
prisma/seeds/lms-devops-course.ts(1883,13): error TS1005: '(' expected.
prisma/seeds/lms-devops-course.ts(1884,1): error TS1005: ')' expected.
prisma/seeds/lms-devops-course.ts(1884,12): error TS1005: ';' expected.
prisma/seeds/lms-devops-course.ts(1884,19): error TS1434: Unexpected keyword or identifier.
prisma/seeds/lms-devops-course.ts(1885,1): error TS1127: Invalid character.
prisma/seeds/lms-devops-course.ts(1885,2): error TS1127: Invalid character.
prisma/seeds/lms-devops-course.ts(1885,7): error TS1127: Invalid character.
prisma/seeds/lms-devops-course.ts(1885,8): error TS1127: Invalid character.
prisma/seeds/lms-devops-course.ts(1888,4): error TS1127: Invalid character.
prisma/seeds/lms-devops-course.ts(1888,5): error TS1127: Invalid character.
prisma/seeds/lms-devops-course.ts(1888,10): error TS1005: ';' expected.
prisma/seeds/lms-devops-course.ts(1889,1): error TS1127: Invalid character.
prisma/seeds/lms-devops-course.ts(1889,3): error TS1005: ';' expected.
prisma/seeds/lms-devops-course.ts(1889,8): error TS1434: Unexpected keyword or identifier.
prisma/seeds/lms-devops-course.ts(1890,1): error TS1434: Unexpected keyword or identifier.
prisma/seeds/lms-devops-course.ts(1890,5): error TS1434: Unexpected keyword or identifier.
prisma/seeds/lms-devops-course.ts(1890,10): error TS1434: Unexpected keyword or identifier.
prisma/seeds/lms-devops-course.ts(1892,1): error TS1127: Invalid character.
prisma/seeds/lms-devops-course.ts(1892,3): error TS1005: ';' expected.
prisma/seeds/lms-devops-course.ts(1892,8): error TS1434: Unexpected keyword or identifier.
prisma/seeds/lms-devops-course.ts(1892,12): error TS1434: Unexpected keyword or identifier.
prisma/seeds/lms-devops-course.ts(1893,1): error TS1434: Unexpected keyword or identifier.
prisma/seeds/lms-devops-course.ts(1893,13): error TS1005: ';' expected.
prisma/seeds/lms-devops-course.ts(1895,1): error TS1127: Invalid character.
prisma/seeds/lms-devops-course.ts(1895,3): error TS1005: ';' expected.
prisma/seeds/lms-devops-course.ts(1895,8): error TS1434: Unexpected keyword or identifier.
prisma/seeds/lms-devops-course.ts(1896,1): error TS1434: Unexpected keyword or identifier.
prisma/seeds/lms-devops-course.ts(1896,12): error TS1005: ';' expected.
prisma/seeds/lms-devops-course.ts(1898,1): error TS1127: Invalid character.
prisma/seeds/lms-devops-course.ts(1898,3): error TS1005: ';' expected.
prisma/seeds/lms-devops-course.ts(1899,1): error TS1434: Unexpected keyword or identifier.
prisma/seeds/lms-devops-course.ts(1899,12): error TS1005: ';' expected.
prisma/seeds/lms-devops-course.ts(1901,1): error TS1127: Invalid character.
prisma/seeds/lms-devops-course.ts(1901,3): error TS1005: ';' expected.
prisma/seeds/lms-devops-course.ts(1901,15): error TS1127: Invalid character.
prisma/seeds/lms-devops-course.ts(1901,16): error TS1127: Invalid character.
prisma/seeds/lms-devops-course.ts(1901,22): error TS1005: ',' expected.
prisma/seeds/lms-devops-course.ts(1902,1): error TS1434: Unexpected keyword or identifier.
prisma/seeds/lms-devops-course.ts(1902,13): error TS1005: ';' expected.
prisma/seeds/lms-devops-course.ts(1903,1): error TS1127: Invalid character.
prisma/seeds/lms-devops-course.ts(1903,2): error TS1127: Invalid character.
prisma/seeds/lms-devops-course.ts(1903,7): error TS1127: Invalid character.
prisma/seeds/lms-devops-course.ts(1903,8): error TS1127: Invalid character.
prisma/seeds/lms-devops-course.ts(1909,4): error TS1127: Invalid character.
prisma/seeds/lms-devops-course.ts(1909,5): error TS1127: Invalid character.
prisma/seeds/lms-devops-course.ts(1909,10): error TS1005: ';' expected.
prisma/seeds/lms-devops-course.ts(1910,1): error TS1127: Invalid character.
prisma/seeds/lms-devops-course.ts(1910,14): error TS1005: ';' expected.
prisma/seeds/lms-devops-course.ts(1912,1): error TS1127: Invalid character.
prisma/seeds/lms-devops-course.ts(1912,3): error TS1005: ';' expected.
prisma/seeds/lms-devops-course.ts(1916,1): error TS1127: Invalid character.
prisma/seeds/lms-devops-course.ts(1916,3): error TS1005: ';' expected.
prisma/seeds/lms-devops-course.ts(1920,1): error TS1127: Invalid character.
prisma/seeds/lms-devops-course.ts(1920,3): error TS1005: ';' expected.
prisma/seeds/lms-devops-course.ts(1923,1): error TS1109: Expression expected.
prisma/seeds/lms-devops-course.ts(1923,2): error TS1109: Expression expected.
prisma/seeds/lms-devops-course.ts(1925,1): error TS1127: Invalid character.
prisma/seeds/lms-devops-course.ts(1925,3): error TS1005: ';' expected.
prisma/seeds/lms-devops-course.ts(1927,1): error TS1109: Expression expected.
prisma/seeds/lms-devops-course.ts(1928,1): error TS1109: Expression expected.
prisma/seeds/lms-devops-course.ts(1928,2): error TS1109: Expression expected.
prisma/seeds/lms-devops-course.ts(1930,1): error TS1127: Invalid character.
prisma/seeds/lms-devops-course.ts(1930,3): error TS1005: ';' expected.
prisma/seeds/lms-devops-course.ts(1934,1): error TS1127: Invalid character.
prisma/seeds/lms-devops-course.ts(1934,3): error TS1005: ';' expected.
prisma/seeds/lms-devops-course.ts(1935,2): error TS1109: Expression expected.
prisma/seeds/lms-devops-course.ts(1938,1): error TS1127: Invalid character.
prisma/seeds/lms-devops-course.ts(1938,3): error TS1005: ';' expected.
prisma/seeds/lms-devops-course.ts(1941,1): error TS1109: Expression expected.
prisma/seeds/lms-devops-course.ts(1941,2): error TS1109: Expression expected.
prisma/seeds/lms-devops-course.ts(1943,1): error TS1127: Invalid character.
prisma/seeds/lms-devops-course.ts(1943,3): error TS1005: ';' expected.
prisma/seeds/lms-devops-course.ts(1944,2): error TS1109: Expression expected.
prisma/seeds/lms-devops-course.ts(1945,2): error TS1109: Expression expected.
prisma/seeds/lms-devops-course.ts(1947,1): error TS1127: Invalid character.
prisma/seeds/lms-devops-course.ts(1947,2): error TS1127: Invalid character.
prisma/seeds/lms-devops-course.ts(1947,7): error TS1127: Invalid character.
prisma/seeds/lms-devops-course.ts(1947,8): error TS1127: Invalid character.
prisma/seeds/lms-devops-course.ts(1950,4): error TS1127: Invalid character.
prisma/seeds/lms-devops-course.ts(1950,5): error TS1127: Invalid character.
prisma/seeds/lms-devops-course.ts(1950,10): error TS1005: ';' expected.
prisma/seeds/lms-devops-course.ts(1951,2): error TS1109: Expression expected.
prisma/seeds/lms-devops-course.ts(1951,17): error TS1127: Invalid character.
prisma/seeds/lms-devops-course.ts(1951,19): error TS1005: ';' expected.
prisma/seeds/lms-devops-course.ts(1951,28): error TS1005: ';' expected.
prisma/seeds/lms-devops-course.ts(1952,17): error TS1127: Invalid character.
prisma/seeds/lms-devops-course.ts(1952,19): error TS1005: ';' expected.
prisma/seeds/lms-devops-course.ts(1953,17): error TS1127: Invalid character.
prisma/seeds/lms-devops-course.ts(1953,19): error TS1005: ';' expected.
prisma/seeds/lms-devops-course.ts(1954,2): error TS1109: Expression expected.
prisma/seeds/lms-devops-course.ts(1954,17): error TS1127: Invalid character.
prisma/seeds/lms-devops-course.ts(1954,19): error TS1005: ';' expected.
prisma/seeds/lms-devops-course.ts(1954,23): error TS1434: Unexpected keyword or identifier.
prisma/seeds/lms-devops-course.ts(1955,3): error TS1161: Unterminated regular expression literal.
prisma/seeds/lms-devops-course.ts(1956,1): error TS1127: Invalid character.
prisma/seeds/lms-devops-course.ts(1956,2): error TS1127: Invalid character.
prisma/seeds/lms-devops-course.ts(1956,7): error TS1127: Invalid character.
prisma/seeds/lms-devops-course.ts(1956,8): error TS1127: Invalid character.
prisma/seeds/lms-devops-course.ts(1962,4): error TS1127: Invalid character.
prisma/seeds/lms-devops-course.ts(1962,5): error TS1127: Invalid character.
prisma/seeds/lms-devops-course.ts(1962,10): error TS1005: ';' expected.
prisma/seeds/lms-devops-course.ts(1963,1): error TS1127: Invalid character.
prisma/seeds/lms-devops-course.ts(1963,3): error TS1005: ';' expected.
prisma/seeds/lms-devops-course.ts(1964,1): error TS1434: Unexpected keyword or identifier.
prisma/seeds/lms-devops-course.ts(1964,14): error TS1005: ';' expected.
prisma/seeds/lms-devops-course.ts(1964,21): error TS1005: ';' expected.
prisma/seeds/lms-devops-course.ts(1964,30): error TS1005: ';' expected.
prisma/seeds/lms-devops-course.ts(1965,1): error TS1434: Unexpected keyword or identifier.
prisma/seeds/lms-devops-course.ts(1965,14): error TS1005: ';' expected.
prisma/seeds/lms-devops-course.ts(1965,21): error TS1005: ';' expected.
prisma/seeds/lms-devops-course.ts(1965,30): error TS1005: ';' expected.
prisma/seeds/lms-devops-course.ts(1966,1): error TS1434: Unexpected keyword or identifier.
prisma/seeds/lms-devops-course.ts(1966,14): error TS1005: ';' expected.
prisma/seeds/lms-devops-course.ts(1966,21): error TS1005: ';' expected.
prisma/seeds/lms-devops-course.ts(1966,30): error TS1005: ';' expected.
prisma/seeds/lms-devops-course.ts(1967,1): error TS1434: Unexpected keyword or identifier.
prisma/seeds/lms-devops-course.ts(1967,14): error TS1005: ';' expected.
prisma/seeds/lms-devops-course.ts(1967,21): error TS1005: ';' expected.
prisma/seeds/lms-devops-course.ts(1967,30): error TS1005: ';' expected.
prisma/seeds/lms-devops-course.ts(1968,1): error TS1434: Unexpected keyword or identifier.
prisma/seeds/lms-devops-course.ts(1968,14): error TS1005: ';' expected.
prisma/seeds/lms-devops-course.ts(1968,21): error TS1005: ';' expected.
prisma/seeds/lms-devops-course.ts(1968,35): error TS1005: ';' expected.
prisma/seeds/lms-devops-course.ts(1969,1): error TS1434: Unexpected keyword or identifier.
prisma/seeds/lms-devops-course.ts(1969,14): error TS1005: ';' expected.
prisma/seeds/lms-devops-course.ts(1969,21): error TS1005: ';' expected.
prisma/seeds/lms-devops-course.ts(1969,32): error TS1005: ';' expected.
prisma/seeds/lms-devops-course.ts(1970,1): error TS1434: Unexpected keyword or identifier.
prisma/seeds/lms-devops-course.ts(1970,14): error TS1005: ';' expected.
prisma/seeds/lms-devops-course.ts(1970,21): error TS1005: ';' expected.
prisma/seeds/lms-devops-course.ts(1970,34): error TS1005: ';' expected.
prisma/seeds/lms-devops-course.ts(1972,1): error TS1127: Invalid character.
prisma/seeds/lms-devops-course.ts(1972,3): error TS1005: ';' expected.
prisma/seeds/lms-devops-course.ts(1973,1): error TS1434: Unexpected keyword or identifier.
prisma/seeds/lms-devops-course.ts(1973,5): error TS1434: Unexpected keyword or identifier.
prisma/seeds/lms-devops-course.ts(1973,21): error TS1127: Invalid character.
prisma/seeds/lms-devops-course.ts(1973,23): error TS1005: ';' expected.
prisma/seeds/lms-devops-course.ts(1973,31): error TS1434: Unexpected keyword or identifier.
prisma/seeds/lms-devops-course.ts(1973,34): error TS1434: Unexpected keyword or identifier.
prisma/seeds/lms-devops-course.ts(1974,1): error TS1434: Unexpected keyword or identifier.
prisma/seeds/lms-devops-course.ts(1974,5): error TS1434: Unexpected keyword or identifier.
prisma/seeds/lms-devops-course.ts(1974,8): error TS1434: Unexpected keyword or identifier.
prisma/seeds/lms-devops-course.ts(1974,21): error TS1127: Invalid character.
prisma/seeds/lms-devops-course.ts(1974,23): error TS1005: ';' expected.
prisma/seeds/lms-devops-course.ts(1974,31): error TS1434: Unexpected keyword or identifier.
prisma/seeds/lms-devops-course.ts(1974,34): error TS1434: Unexpected keyword or identifier.
prisma/seeds/lms-devops-course.ts(1974,38): error TS1434: Unexpected keyword or identifier.
prisma/seeds/lms-devops-course.ts(1975,1): error TS1434: Unexpected keyword or identifier.
prisma/seeds/lms-devops-course.ts(1975,5): error TS1434: Unexpected keyword or identifier.
prisma/seeds/lms-devops-course.ts(1975,21): error TS1127: Invalid character.
prisma/seeds/lms-devops-course.ts(1975,23): error TS1005: ';' expected.
prisma/seeds/lms-devops-course.ts(1975,33): error TS1434: Unexpected keyword or identifier.
prisma/seeds/lms-devops-course.ts(1976,1): error TS1127: Invalid character.
prisma/seeds/lms-devops-course.ts(1976,2): error TS1127: Invalid character.
prisma/seeds/lms-devops-course.ts(1976,7): error TS1127: Invalid character.
prisma/seeds/lms-devops-course.ts(1976,8): error TS1127: Invalid character.
prisma/seeds/lms-devops-course.ts(1980,4): error TS1127: Invalid character.
prisma/seeds/lms-devops-course.ts(1980,5): error TS1127: Invalid character.
prisma/seeds/lms-devops-course.ts(1980,10): error TS1005: ';' expected.
prisma/seeds/lms-devops-course.ts(1981,1): error TS1127: Invalid character.
prisma/seeds/lms-devops-course.ts(1981,3): error TS1005: ';' expected.
prisma/seeds/lms-devops-course.ts(1981,8): error TS1434: Unexpected keyword or identifier.
prisma/seeds/lms-devops-course.ts(1982,1): error TS1434: Unexpected keyword or identifier.
prisma/seeds/lms-devops-course.ts(1984,1): error TS1127: Invalid character.
prisma/seeds/lms-devops-course.ts(1984,3): error TS1005: ';' expected.
prisma/seeds/lms-devops-course.ts(1984,8): error TS1434: Unexpected keyword or identifier.
prisma/seeds/lms-devops-course.ts(1984,13): error TS1434: Unexpected keyword or identifier.
prisma/seeds/lms-devops-course.ts(1984,16): error TS1434: Unexpected keyword or identifier.
prisma/seeds/lms-devops-course.ts(1985,1): error TS1434: Unexpected keyword or identifier.
prisma/seeds/lms-devops-course.ts(1985,18): error TS1005: ';' expected.
prisma/seeds/lms-devops-course.ts(1987,1): error TS1127: Invalid character.
prisma/seeds/lms-devops-course.ts(1987,3): error TS1005: ';' expected.
prisma/seeds/lms-devops-course.ts(1988,1): error TS1434: Unexpected keyword or identifier.
prisma/seeds/lms-devops-course.ts(1988,11): error TS1005: ';' expected.
prisma/seeds/lms-devops-course.ts(1990,1): error TS1127: Invalid character.
prisma/seeds/lms-devops-course.ts(1990,3): error TS1005: ';' expected.
prisma/seeds/lms-devops-course.ts(1991,1): error TS1434: Unexpected keyword or identifier.
prisma/seeds/lms-devops-course.ts(1991,12): error TS1005: ';' expected.
prisma/seeds/lms-devops-course.ts(1993,1): error TS1127: Invalid character.
prisma/seeds/lms-devops-course.ts(1993,3): error TS1005: ';' expected.
prisma/seeds/lms-devops-course.ts(1993,8): error TS1434: Unexpected keyword or identifier.
prisma/seeds/lms-devops-course.ts(1993,12): error TS1434: Unexpected keyword or identifier.
prisma/seeds/lms-devops-course.ts(1993,20): error TS1434: Unexpected keyword or identifier.
prisma/seeds/lms-devops-course.ts(1994,1): error TS1434: Unexpected keyword or identifier.
prisma/seeds/lms-devops-course.ts(1994,5): error TS1434: Unexpected keyword or identifier.
prisma/seeds/lms-devops-course.ts(1996,1): error TS1127: Invalid character.
prisma/seeds/lms-devops-course.ts(1996,3): error TS1005: ';' expected.
prisma/seeds/lms-devops-course.ts(1997,1): error TS1434: Unexpected keyword or identifier.
prisma/seeds/lms-devops-course.ts(1997,5): error TS1434: Unexpected keyword or identifier.
prisma/seeds/lms-devops-course.ts(1997,30): error TS1127: Invalid character.
prisma/seeds/lms-devops-course.ts(1997,32): error TS1005: ';' expected.
prisma/seeds/lms-devops-course.ts(1997,37): error TS1434: Unexpected keyword or identifier.
prisma/seeds/lms-devops-course.ts(1998,1): error TS1434: Unexpected keyword or identifier.
prisma/seeds/lms-devops-course.ts(1998,5): error TS1434: Unexpected keyword or identifier.
prisma/seeds/lms-devops-course.ts(1998,11): error TS1434: Unexpected keyword or identifier.
prisma/seeds/lms-devops-course.ts(1998,30): error TS1127: Invalid character.
prisma/seeds/lms-devops-course.ts(1998,32): error TS1005: ';' expected.
prisma/seeds/lms-devops-course.ts(1999,1): error TS1434: Unexpected keyword or identifier.
prisma/seeds/lms-devops-course.ts(1999,5): error TS1434: Unexpected keyword or identifier.
prisma/seeds/lms-devops-course.ts(1999,11): error TS1434: Unexpected keyword or identifier.
prisma/seeds/lms-devops-course.ts(1999,30): error TS1127: Invalid character.
prisma/seeds/lms-devops-course.ts(1999,32): error TS1005: ';' expected.
prisma/seeds/lms-devops-course.ts(1999,38): error TS1434: Unexpected keyword or identifier.
prisma/seeds/lms-devops-course.ts(2000,1): error TS1434: Unexpected keyword or identifier.
prisma/seeds/lms-devops-course.ts(2000,5): error TS1434: Unexpected keyword or identifier.
prisma/seeds/lms-devops-course.ts(2000,11): error TS1434: Unexpected keyword or identifier.
prisma/seeds/lms-devops-course.ts(2000,30): error TS1127: Invalid character.
prisma/seeds/lms-devops-course.ts(2000,32): error TS1005: ';' expected.
prisma/seeds/lms-devops-course.ts(2000,38): error TS1434: Unexpected keyword or identifier.
prisma/seeds/lms-devops-course.ts(2000,42): error TS1434: Unexpected keyword or identifier.
prisma/seeds/lms-devops-course.ts(2001,1): error TS1434: Unexpected keyword or identifier.
prisma/seeds/lms-devops-course.ts(2001,5): error TS1434: Unexpected keyword or identifier.
prisma/seeds/lms-devops-course.ts(2001,11): error TS1434: Unexpected keyword or identifier.
prisma/seeds/lms-devops-course.ts(2001,30): error TS1127: Invalid character.
prisma/seeds/lms-devops-course.ts(2001,32): error TS1005: ';' expected.
prisma/seeds/lms-devops-course.ts(2003,1): error TS1127: Invalid character.
prisma/seeds/lms-devops-course.ts(2003,3): error TS1005: ';' expected.
prisma/seeds/lms-devops-course.ts(2003,9): error TS1434: Unexpected keyword or identifier.
prisma/seeds/lms-devops-course.ts(2004,1): error TS1434: Unexpected keyword or identifier.
prisma/seeds/lms-devops-course.ts(2004,30): error TS1127: Invalid character.
prisma/seeds/lms-devops-course.ts(2004,32): error TS1005: ';' expected.
prisma/seeds/lms-devops-course.ts(2005,1): error TS1434: Unexpected keyword or identifier.
prisma/seeds/lms-devops-course.ts(2005,30): error TS1127: Invalid character.
prisma/seeds/lms-devops-course.ts(2005,32): error TS1005: ';' expected.
prisma/seeds/lms-devops-course.ts(2006,1): error TS1434: Unexpected keyword or identifier.
prisma/seeds/lms-devops-course.ts(2006,30): error TS1127: Invalid character.
prisma/seeds/lms-devops-course.ts(2006,32): error TS1005: ';' expected.
prisma/seeds/lms-devops-course.ts(2006,39): error TS1434: Unexpected keyword or identifier.
prisma/seeds/lms-devops-course.ts(2006,45): error TS1434: Unexpected keyword or identifier.
prisma/seeds/lms-devops-course.ts(2007,1): error TS1127: Invalid character.
prisma/seeds/lms-devops-course.ts(2007,2): error TS1127: Invalid character.
prisma/seeds/lms-devops-course.ts(2007,7): error TS1127: Invalid character.
prisma/seeds/lms-devops-course.ts(2007,8): error TS1127: Invalid character.
prisma/seeds/lms-devops-course.ts(2012,4): error TS1127: Invalid character.
prisma/seeds/lms-devops-course.ts(2012,5): error TS1127: Invalid character.
prisma/seeds/lms-devops-course.ts(2014,1): error TS1127: Invalid character.
prisma/seeds/lms-devops-course.ts(2014,3): error TS1434: Unexpected keyword or identifier.
prisma/seeds/lms-devops-course.ts(2014,7): error TS1434: Unexpected keyword or identifier.
prisma/seeds/lms-devops-course.ts(2014,12): error TS1434: Unexpected keyword or identifier.
prisma/seeds/lms-devops-course.ts(2015,1): error TS1127: Invalid character.
prisma/seeds/lms-devops-course.ts(2015,3): error TS1434: Unexpected keyword or identifier.
prisma/seeds/lms-devops-course.ts(2015,12): error TS1005: ';' expected.
prisma/seeds/lms-devops-course.ts(2016,1): error TS1127: Invalid character.
prisma/seeds/lms-devops-course.ts(2016,3): error TS1434: Unexpected keyword or identifier.
prisma/seeds/lms-devops-course.ts(2016,10): error TS1434: Unexpected keyword or identifier.
prisma/seeds/lms-devops-course.ts(2016,22): error TS1005: '(' expected.
prisma/seeds/lms-devops-course.ts(2016,35): error TS1005: ')' expected.
prisma/seeds/lms-devops-course.ts(2019,1): error TS1127: Invalid character.
prisma/seeds/lms-devops-course.ts(2019,3): error TS1434: Unexpected keyword or identifier.
prisma/seeds/lms-devops-course.ts(2020,1): error TS1127: Invalid character.
prisma/seeds/lms-devops-course.ts(2021,1): error TS1127: Invalid character.
prisma/seeds/lms-devops-course.ts(2022,1): error TS1127: Invalid character.
prisma/seeds/lms-devops-course.ts(2022,2): error TS1127: Invalid character.
prisma/seeds/lms-devops-course.ts(2022,7): error TS1127: Invalid character.
prisma/seeds/lms-devops-course.ts(2022,8): error TS1127: Invalid character.
prisma/seeds/lms-devops-course.ts(2025,4): error TS1127: Invalid character.
prisma/seeds/lms-devops-course.ts(2025,5): error TS1127: Invalid character.
prisma/seeds/lms-devops-course.ts(2026,7): error TS1005: ';' expected.
prisma/seeds/lms-devops-course.ts(2031,1): error TS1127: Invalid character.
prisma/seeds/lms-devops-course.ts(2031,2): error TS1127: Invalid character.
prisma/seeds/lms-devops-course.ts(2031,7): error TS1127: Invalid character.
prisma/seeds/lms-devops-course.ts(2031,8): error TS1127: Invalid character.
prisma/seeds/lms-devops-course.ts(2036,4): error TS1127: Invalid character.
prisma/seeds/lms-devops-course.ts(2036,5): error TS1127: Invalid character.
prisma/seeds/lms-devops-course.ts(2037,7): error TS1434: Unexpected keyword or identifier.
prisma/seeds/lms-devops-course.ts(2037,11): error TS1434: Unexpected keyword or identifier.
prisma/seeds/lms-devops-course.ts(2037,20): error TS1435: Unknown keyword or identifier. Did you mean 'set'?
prisma/seeds/lms-devops-course.ts(2039,13): error TS1005: ';' expected.
prisma/seeds/lms-devops-course.ts(2039,20): error TS1434: Unexpected keyword or identifier.
prisma/seeds/lms-devops-course.ts(2040,7): error TS1005: ';' expected.
prisma/seeds/lms-devops-course.ts(2040,13): error TS1434: Unexpected keyword or identifier.
prisma/seeds/lms-devops-course.ts(2041,10): error TS1005: ';' expected.
prisma/seeds/lms-devops-course.ts(2041,19): error TS1435: Unknown keyword or identifier. Did you mean 'set'?
prisma/seeds/lms-devops-course.ts(2043,1): error TS1434: Unexpected keyword or identifier.
prisma/seeds/lms-devops-course.ts(2043,8): error TS1127: Invalid character.
prisma/seeds/lms-devops-course.ts(2043,9): error TS1005: ';' expected.
prisma/seeds/lms-devops-course.ts(2044,1): error TS1127: Invalid character.
prisma/seeds/lms-devops-course.ts(2044,2): error TS1127: Invalid character.
prisma/seeds/lms-devops-course.ts(2044,7): error TS1127: Invalid character.
prisma/seeds/lms-devops-course.ts(2044,8): error TS1127: Invalid character.
prisma/seeds/lms-devops-course.ts(2064,4): error TS1127: Invalid character.
prisma/seeds/lms-devops-course.ts(2064,5): error TS1127: Invalid character.
prisma/seeds/lms-devops-course.ts(2064,10): error TS1005: ';' expected.
prisma/seeds/lms-devops-course.ts(2065,1): error TS1127: Invalid character.
prisma/seeds/lms-devops-course.ts(2065,3): error TS1005: ';' expected.
prisma/seeds/lms-devops-course.ts(2065,8): error TS1434: Unexpected keyword or identifier.
prisma/seeds/lms-devops-course.ts(2065,12): error TS1434: Unexpected keyword or identifier.
prisma/seeds/lms-devops-course.ts(2065,16): error TS1434: Unexpected keyword or identifier.
prisma/seeds/lms-devops-course.ts(2066,1): error TS1434: Unexpected keyword or identifier.
prisma/seeds/lms-devops-course.ts(2066,5): error TS1434: Unexpected keyword or identifier.
prisma/seeds/lms-devops-course.ts(2066,30): error TS1127: Invalid character.
prisma/seeds/lms-devops-course.ts(2066,32): error TS1005: ';' expected.
prisma/seeds/lms-devops-course.ts(2066,41): error TS1434: Unexpected keyword or identifier.
prisma/seeds/lms-devops-course.ts(2068,1): error TS1127: Invalid character.
prisma/seeds/lms-devops-course.ts(2068,3): error TS1005: ';' expected.
prisma/seeds/lms-devops-course.ts(2068,8): error TS1434: Unexpected keyword or identifier.
prisma/seeds/lms-devops-course.ts(2068,14): error TS1434: Unexpected keyword or identifier.
prisma/seeds/lms-devops-course.ts(2068,17): error TS1434: Unexpected keyword or identifier.
prisma/seeds/lms-devops-course.ts(2069,1): error TS1127: Invalid character.
prisma/seeds/lms-devops-course.ts(2069,3): error TS1005: ';' expected.
prisma/seeds/lms-devops-course.ts(2069,12): error TS1005: '(' expected.
prisma/seeds/lms-devops-course.ts(2069,19): error TS1005: ';' expected.
prisma/seeds/lms-devops-course.ts(2069,21): error TS1109: Expression expected.
prisma/seeds/lms-devops-course.ts(2069,23): error TS1109: Expression expected.
prisma/seeds/lms-devops-course.ts(2069,25): error TS1109: Expression expected.
prisma/seeds/lms-devops-course.ts(2069,28): error TS1110: Type expected.
prisma/seeds/lms-devops-course.ts(2069,30): error TS1109: Expression expected.
prisma/seeds/lms-devops-course.ts(2069,33): error TS1109: Expression expected.
prisma/seeds/lms-devops-course.ts(2069,36): error TS1109: Expression expected.
prisma/seeds/lms-devops-course.ts(2069,37): error TS1128: Declaration or statement expected.
prisma/seeds/lms-devops-course.ts(2069,39): error TS1109: Expression expected.
prisma/seeds/lms-devops-course.ts(2069,42): error TS1109: Expression expected.
prisma/seeds/lms-devops-course.ts(2069,45): error TS1109: Expression expected.
prisma/seeds/lms-devops-course.ts(2071,5): error TS1005: ';' expected.
prisma/seeds/lms-devops-course.ts(2071,30): error TS1127: Invalid character.
prisma/seeds/lms-devops-course.ts(2071,32): error TS1005: ';' expected.
prisma/seeds/lms-devops-course.ts(2072,1): error TS1434: Unexpected keyword or identifier.
prisma/seeds/lms-devops-course.ts(2072,5): error TS1434: Unexpected keyword or identifier.
prisma/seeds/lms-devops-course.ts(2072,30): error TS1127: Invalid character.
prisma/seeds/lms-devops-course.ts(2072,32): error TS1005: ';' expected.
prisma/seeds/lms-devops-course.ts(2073,1): error TS1127: Invalid character.
prisma/seeds/lms-devops-course.ts(2073,2): error TS1127: Invalid character.
prisma/seeds/lms-devops-course.ts(2073,7): error TS1127: Invalid character.
prisma/seeds/lms-devops-course.ts(2073,8): error TS1127: Invalid character.
prisma/seeds/lms-devops-course.ts(2076,4): error TS1127: Invalid character.
prisma/seeds/lms-devops-course.ts(2076,5): error TS1127: Invalid character.
prisma/seeds/lms-devops-course.ts(2076,10): error TS1005: ';' expected.
prisma/seeds/lms-devops-course.ts(2077,1): error TS1127: Invalid character.
prisma/seeds/lms-devops-course.ts(2077,3): error TS1005: ';' expected.
prisma/seeds/lms-devops-course.ts(2077,10): error TS1434: Unexpected keyword or identifier.
prisma/seeds/lms-devops-course.ts(2077,15): error TS1434: Unexpected keyword or identifier.
prisma/seeds/lms-devops-course.ts(2078,1): error TS1434: Unexpected keyword or identifier.
prisma/seeds/lms-devops-course.ts(2078,10): error TS1005: ';' expected.
prisma/seeds/lms-devops-course.ts(2079,1): error TS1434: Unexpected keyword or identifier.
prisma/seeds/lms-devops-course.ts(2079,14): error TS1005: ';' expected.
prisma/seeds/lms-devops-course.ts(2081,1): error TS1127: Invalid character.
prisma/seeds/lms-devops-course.ts(2081,3): error TS1005: ';' expected.
prisma/seeds/lms-devops-course.ts(2081,10): error TS1434: Unexpected keyword or identifier.
prisma/seeds/lms-devops-course.ts(2081,24): error TS1127: Invalid character.
prisma/seeds/lms-devops-course.ts(2081,25): error TS1127: Invalid character.
prisma/seeds/lms-devops-course.ts(2081,35): error TS1005: ',' expected.
prisma/seeds/lms-devops-course.ts(2082,1): error TS1434: Unexpected keyword or identifier.
prisma/seeds/lms-devops-course.ts(2082,21): error TS1005: ';' expected.
prisma/seeds/lms-devops-course.ts(2082,29): error TS1005: ';' expected.
prisma/seeds/lms-devops-course.ts(2082,42): error TS1127: Invalid character.
prisma/seeds/lms-devops-course.ts(2083,57): error TS1127: Invalid character.
prisma/seeds/lms-devops-course.ts(2084,19): error TS1005: ';' expected.
prisma/seeds/lms-devops-course.ts(2084,35): error TS1005: ';' expected.
prisma/seeds/lms-devops-course.ts(2084,42): error TS1005: ';' expected.
prisma/seeds/lms-devops-course.ts(2085,1): error TS1127: Invalid character.
prisma/seeds/lms-devops-course.ts(2085,2): error TS1127: Invalid character.
prisma/seeds/lms-devops-course.ts(2085,7): error TS1127: Invalid character.
prisma/seeds/lms-devops-course.ts(2085,8): error TS1127: Invalid character.
prisma/seeds/lms-devops-course.ts(2088,4): error TS1127: Invalid character.
prisma/seeds/lms-devops-course.ts(2088,5): error TS1127: Invalid character.
prisma/seeds/lms-devops-course.ts(2088,10): error TS1005: ';' expected.
prisma/seeds/lms-devops-course.ts(2089,1): error TS1127: Invalid character.
prisma/seeds/lms-devops-course.ts(2089,3): error TS1005: ';' expected.
prisma/seeds/lms-devops-course.ts(2089,11): error TS1005: ';' expected.
prisma/seeds/lms-devops-course.ts(2090,1): error TS1434: Unexpected keyword or identifier.
prisma/seeds/lms-devops-course.ts(2090,5): error TS1434: Unexpected keyword or identifier.
prisma/seeds/lms-devops-course.ts(2090,10): error TS1434: Unexpected keyword or identifier.
prisma/seeds/lms-devops-course.ts(2092,1): error TS1127: Invalid character.
prisma/seeds/lms-devops-course.ts(2092,3): error TS1005: ';' expected.
prisma/seeds/lms-devops-course.ts(2092,11): error TS1005: ';' expected.
prisma/seeds/lms-devops-course.ts(2093,1): error TS1434: Unexpected keyword or identifier.
prisma/seeds/lms-devops-course.ts(2093,12): error TS1005: ';' expected.
prisma/seeds/lms-devops-course.ts(2093,19): error TS1434: Unexpected keyword or identifier.
prisma/seeds/lms-devops-course.ts(2094,1): error TS1127: Invalid character.
prisma/seeds/lms-devops-course.ts(2094,2): error TS1127: Invalid character.
prisma/seeds/lms-devops-course.ts(2094,7): error TS1127: Invalid character.
prisma/seeds/lms-devops-course.ts(2094,8): error TS1127: Invalid character.
prisma/seeds/lms-devops-course.ts(2110,20): error TS1005: ';' expected.
prisma/seeds/lms-devops-course.ts(2132,9): error TS1109: Expression expected.
prisma/seeds/lms-devops-course.ts(2132,10): error TS1128: Declaration or statement expected.
prisma/seeds/lms-devops-course.ts(2134,7): error TS1128: Declaration or statement expected.
prisma/seeds/lms-devops-course.ts(2134,8): error TS1128: Declaration or statement expected.
prisma/seeds/lms-devops-course.ts(2135,5): error TS1128: Declaration or statement expected.
prisma/seeds/lms-devops-course.ts(2135,6): error TS1128: Declaration or statement expected.
prisma/seeds/lms-devops-course.ts(2137,3): error TS1128: Declaration or statement expected.
prisma/seeds/lms-devops-course.ts(2137,4): error TS1128: Declaration or statement expected.
prisma/seeds/lms-devops-course.ts(2138,1): error TS1128: Declaration or statement expected.
