{"level":"info","message":"\u001b[0mGET /api/admin/lms/courses?page=1&limit=10&search= \u001b[33m401\u001b[0m 48.237 ms - 108\u001b[0m","service":"preplyte-api","timestamp":"2026-02-16 10:02:34"}
{"level":"info","message":"\u001b[0mGET /api/dashboard/student/cmlmo9zlm004prtqxuz5hxwgq \u001b[33m401\u001b[0m 5.605 ms - 108\u001b[0m","service":"preplyte-api","timestamp":"2026-02-16 10:02:34"}
{"level":"info","message":"Token refreshed successfully","service":"preplyte-api","timestamp":"2026-02-16 10:02:34","userId":"cmlksebqv0001chz5wzenqncs"}
{"level":"info","message":"\u001b[0mPOST /api/auth/refresh \u001b[32m200\u001b[0m 417.206 ms - 946\u001b[0m","service":"preplyte-api","timestamp":"2026-02-16 10:02:34"}
{"level":"info","message":"\u001b[0mGET /api/admin/lms/courses?page=1&limit=10&search= \u001b[36m304\u001b[0m 64.799 ms - -\u001b[0m","service":"preplyte-api","timestamp":"2026-02-16 10:02:36"}
{"level":"info","message":"Token refreshed successfully","service":"preplyte-api","timestamp":"2026-02-16 10:02:41","userId":"cmlmo94qs0003rtqxgkv0jb70"}
{"level":"info","message":"\u001b[0mPOST /api/auth/refresh \u001b[32m200\u001b[0m 49.548 ms - -\u001b[0m","service":"preplyte-api","timestamp":"2026-02-16 10:02:41"}
{"level":"info","message":"\u001b[0mGET /api/dashboard/student/cmlmo9zlm004prtqxuz5hxwgq \u001b[32m200\u001b[0m 420.306 ms - -\u001b[0m","service":"preplyte-api","timestamp":"2026-02-16 10:02:42"}
{"baseURL":"https://judge0-ce.p.rapidapi.com","level":"info","message":"Judge0 client initialized","service":"preplyte-api","timestamp":"2026-02-16 10:03:30","useRapidAPI":true}
{"level":"info","message":"[TTS] Using Deepgram for text-to-speech","service":"preplyte-api","timestamp":"2026-02-16 10:03:30"}
{"environment":"development","host":"0.0.0.0","level":"info","message":"Starting server...","port":4000,"service":"preplyte-api","timestamp":"2026-02-16 10:03:31"}
{"level":"info","message":"Checking database connection...","service":"preplyte-api","timestamp":"2026-02-16 10:03:31"}
{"level":"info","message":"✅ Database connected successfully","service":"preplyte-api","timestamp":"2026-02-16 10:03:31"}
{"level":"info","message":"[WS Gateway] WebSocket server initialized","path":"/ws/interview/:sessionId","service":"preplyte-api","timestamp":"2026-02-16 10:03:31"}
{"api":"http://localhost:4000/api","environment":"development","health":"http://localhost:4000/health","host":"0.0.0.0","level":"info","message":"🚀 Server running","port":4000,"service":"preplyte-api","timestamp":"2026-02-16 10:03:31","websocket":"ws://localhost:4000/ws/interview/:sessionId"}
{"level":"info","message":"\u001b[0mGET /api/admin/lms/courses?page=1&limit=10&search= \u001b[33m401\u001b[0m 13.485 ms - 108\u001b[0m","service":"preplyte-api","timestamp":"2026-02-16 10:03:44"}
{"level":"warn","message":"Refresh token reuse detected","revokedAt":"2026-02-15T06:43:09.020Z","service":"preplyte-api","timestamp":"2026-02-16 10:03:45","tokenId":"cmlnd5s7e00054avje6fo1ml7","userId":"cmlksebqv0001chz5wzenqncs"}
{"level":"info","message":"User logged out from all devices","service":"preplyte-api","timestamp":"2026-02-16 10:03:45","userId":"cmlksebqv0001chz5wzenqncs"}
{"code":"UNAUTHORIZED","ip":"127.0.0.1","level":"warn","message":"Operational error Token reuse detected. All sessions have been revoked for security.","method":"POST","path":"/api/auth/refresh","requestId":"mlooj0f7-3cb76952b14309c6","service":"preplyte-api","timestamp":"2026-02-16 10:03:45","userAgent":"Mozilla/5.0 (Windows NT 10.0; Win64; x64) AppleWebKit/537.36 (KHTML, like Gecko) Chrome/144.0.0.0 Safari/537.36"}
{"level":"info","message":"\u001b[0mPOST /api/auth/refresh \u001b[33m401\u001b[0m 152.271 ms - 168\u001b[0m","service":"preplyte-api","timestamp":"2026-02-16 10:03:45"}
{"level":"info","message":"\u001b[0mGET /api/admin/lms/courses?page=1&limit=10&search= \u001b[33m401\u001b[0m 1.838 ms - 85\u001b[0m","service":"preplyte-api","timestamp":"2026-02-16 10:03:46"}
{"code":"UNAUTHORIZED","ip":"127.0.0.1","level":"warn","message":"Operational error Invalid email or password","method":"POST","path":"/api/auth/login","requestId":"339e9800-4529-4568-9d30-c649d24161ad","service":"preplyte-api","timestamp":"2026-02-16 10:04:21","userAgent":"Mozilla/5.0 (Windows NT 10.0; Win64; x64) AppleWebKit/537.36 (KHTML, like Gecko) Chrome/144.0.0.0 Safari/537.36"}
{"level":"info","message":"\u001b[0mPOST /api/auth/login \u001b[33m401\u001b[0m 769.498 ms - 138\u001b[0m","service":"preplyte-api","timestamp":"2026-02-16 10:04:21"}
{"level":"info","message":"User logged in","service":"preplyte-api","timestamp":"2026-02-16 10:04:30","userId":"cmlksebqv0001chz5wzenqncs"}
{"level":"info","message":"\u001b[0mPOST /api/auth/login \u001b[32m200\u001b[0m 761.592 ms - 934\u001b[0m","service":"preplyte-api","timestamp":"2026-02-16 10:04:30"}
{"level":"info","message":"\u001b[0mGET /api/lms/categories \u001b[32m200\u001b[0m 30.685 ms - 652\u001b[0m","service":"preplyte-api","timestamp":"2026-02-16 10:05:14"}
{"level":"info","message":"\u001b[0mGET /api/lms/stats \u001b[32m200\u001b[0m 110.620 ms - 147\u001b[0m","service":"preplyte-api","timestamp":"2026-02-16 10:05:14"}
{"level":"info","message":"\u001b[0mGET /api/lms/courses?page=1&limit=12&priceRange=all&sortBy=popular&search= \u001b[32m200\u001b[0m 139.428 ms - -\u001b[0m","service":"preplyte-api","timestamp":"2026-02-16 10:05:14"}
{"level":"info","message":"\u001b[0mGET /api/dashboard/student/cmlmo9zlm004prtqxuz5hxwgq \u001b[33m401\u001b[0m 2.899 ms - 108\u001b[0m","service":"preplyte-api","timestamp":"2026-02-16 10:05:46"}
{"level":"warn","message":"Refresh token reuse detected","revokedAt":"2026-02-15T06:18:59.615Z","service":"preplyte-api","timestamp":"2026-02-16 10:05:46","tokenId":"cmlmpirrg000aek7j9j7a8fow","userId":"cmlmo94qs0003rtqxgkv0jb70"}
{"level":"info","message":"User logged out from all devices","service":"preplyte-api","timestamp":"2026-02-16 10:05:47","userId":"cmlmo94qs0003rtqxgkv0jb70"}
{"code":"UNAUTHORIZED","ip":"127.0.0.1","level":"warn","message":"Operational error Token reuse detected. All sessions have been revoked for security.","method":"POST","path":"/api/auth/refresh","requestId":"mloolmd5-d3f4aebf491d5328","service":"preplyte-api","timestamp":"2026-02-16 10:05:47","userAgent":"Mozilla/5.0 (Windows NT 10.0; Win64; x64) AppleWebKit/537.36 (KHTML, like Gecko) Chrome/144.0.0.0 Safari/537.36"}
{"level":"info","message":"\u001b[0mPOST /api/auth/refresh \u001b[33m401\u001b[0m 74.186 ms - 168\u001b[0m","service":"preplyte-api","timestamp":"2026-02-16 10:05:47"}
{"level":"info","message":"User logged in","service":"preplyte-api","timestamp":"2026-02-16 10:06:12","userId":"cmlmo94qs0003rtqxgkv0jb70"}
{"level":"info","message":"\u001b[0mPOST /api/auth/login \u001b[32m200\u001b[0m 742.664 ms - -\u001b[0m","service":"preplyte-api","timestamp":"2026-02-16 10:06:12"}
{"level":"info","message":"\u001b[0mGET /api/dashboard/institute-admin \u001b[36m304\u001b[0m 64.948 ms - -\u001b[0m","service":"preplyte-api","timestamp":"2026-02-16 10:06:30"}
{"level":"info","message":"\u001b[0mGET /api/admin/institutes?page=1&limit=10&sortBy=createdAt&sortOrder=desc \u001b[36m304\u001b[0m 118.384 ms - -\u001b[0m","service":"preplyte-api","timestamp":"2026-02-16 10:08:45"}
{"level":"info","message":"\u001b[0mGET /api/admin/institutes?page=1&limit=5&sortBy=createdAt&sortOrder=desc \u001b[36m304\u001b[0m 118.716 ms - -\u001b[0m","service":"preplyte-api","timestamp":"2026-02-16 10:08:45"}
{"level":"info","message":"\u001b[0mGET /api/admin/institutes?page=1&limit=5&sortBy=createdAt&sortOrder=desc \u001b[36m304\u001b[0m 48.651 ms - -\u001b[0m","service":"preplyte-api","timestamp":"2026-02-16 10:08:46"}
{"level":"info","message":"\u001b[0mGET /api/admin/institutes?page=1&limit=10&sortBy=createdAt&sortOrder=desc \u001b[36m304\u001b[0m 54.744 ms - -\u001b[0m","service":"preplyte-api","timestamp":"2026-02-16 10:08:46"}
{"level":"info","message":"\u001b[0mGET /api/admin/analytics \u001b[32m200\u001b[0m 241.246 ms - -\u001b[0m","service":"preplyte-api","timestamp":"2026-02-16 10:08:46"}
{"level":"info","message":"\u001b[0mGET /api/admin/analytics \u001b[36m304\u001b[0m 71.407 ms - -\u001b[0m","service":"preplyte-api","timestamp":"2026-02-16 10:08:46"}
{"level":"info","message":"\u001b[0mGET /api/admin/institutes?page=1&limit=10&sortBy=createdAt&sortOrder=desc \u001b[36m304\u001b[0m 52.886 ms - -\u001b[0m","service":"preplyte-api","timestamp":"2026-02-16 10:09:15"}
{"level":"info","message":"\u001b[0mGET /api/admin/institutes?page=1&limit=10&sortBy=createdAt&sortOrder=desc \u001b[36m304\u001b[0m 30.053 ms - -\u001b[0m","service":"preplyte-api","timestamp":"2026-02-16 10:09:15"}
{"level":"info","message":"\u001b[0mGET /api/admin/institutes/cmlmmbyeb0002t6bdq7jt5y4c \u001b[32m200\u001b[0m 56.553 ms - 434\u001b[0m","service":"preplyte-api","timestamp":"2026-02-16 10:09:36"}
{"level":"info","message":"\u001b[0mGET /api/admin/institutes/cmlmmbyeb0002t6bdq7jt5y4c/stats \u001b[32m200\u001b[0m 146.562 ms - 289\u001b[0m","service":"preplyte-api","timestamp":"2026-02-16 10:09:36"}
{"level":"info","message":"\u001b[0mGET /api/admin/institutes/cmlmmbyeb0002t6bdq7jt5y4c/admins \u001b[32m200\u001b[0m 148.058 ms - 1007\u001b[0m","service":"preplyte-api","timestamp":"2026-02-16 10:09:36"}
{"level":"info","message":"\u001b[0mGET /api/admin/institutes/cmlmmbyeb0002t6bdq7jt5y4c \u001b[36m304\u001b[0m 46.331 ms - -\u001b[0m","service":"preplyte-api","timestamp":"2026-02-16 10:09:36"}
{"level":"info","message":"\u001b[0mGET /api/admin/institutes/cmlmmbyeb0002t6bdq7jt5y4c/stats \u001b[36m304\u001b[0m 92.748 ms - -\u001b[0m","service":"preplyte-api","timestamp":"2026-02-16 10:09:36"}
{"level":"info","message":"\u001b[0mGET /api/admin/institutes/cmlmmbyeb0002t6bdq7jt5y4c/admins \u001b[36m304\u001b[0m 100.312 ms - -\u001b[0m","service":"preplyte-api","timestamp":"2026-02-16 10:09:36"}
{"level":"info","message":"\u001b[0mGET /api/admin/institutes/cmlmmbyeb0002t6bdq7jt5y4c/students?page=1&limit=10&sortBy=createdAt&sortOrder=desc \u001b[32m200\u001b[0m 102.011 ms - -\u001b[0m","service":"preplyte-api","timestamp":"2026-02-16 10:09:36"}
{"level":"info","message":"\u001b[0mGET /api/admin/institutes/cmlmmbyeb0002t6bdq7jt5y4c/students?page=1&limit=10&sortBy=createdAt&sortOrder=desc \u001b[36m304\u001b[0m 27.867 ms - -\u001b[0m","service":"preplyte-api","timestamp":"2026-02-16 10:09:37"}
{"level":"info","message":"\u001b[0mGET /api/admin/institutes/cmlmmbyeb0002t6bdq7jt5y4c \u001b[36m304\u001b[0m 30.447 ms - -\u001b[0m","service":"preplyte-api","timestamp":"2026-02-16 10:10:21"}
{"level":"info","message":"\u001b[0mGET /api/admin/institutes/cmlmmbyeb0002t6bdq7jt5y4c \u001b[36m304\u001b[0m 24.642 ms - -\u001b[0m","service":"preplyte-api","timestamp":"2026-02-16 10:10:21"}
{"level":"info","message":"\u001b[0mGET /api/admin/institutes/cmlmmbyeb0002t6bdq7jt5y4c/admins \u001b[36m304\u001b[0m 63.315 ms - -\u001b[0m","service":"preplyte-api","timestamp":"2026-02-16 10:10:21"}
{"level":"info","message":"\u001b[0mGET /api/admin/institutes/cmlmmbyeb0002t6bdq7jt5y4c/admins \u001b[36m304\u001b[0m 99.236 ms - -\u001b[0m","service":"preplyte-api","timestamp":"2026-02-16 10:10:21"}
{"level":"info","message":"\u001b[0mGET /api/admin/institutes/cmlmmbyeb0002t6bdq7jt5y4c/stats \u001b[36m304\u001b[0m 169.451 ms - -\u001b[0m","service":"preplyte-api","timestamp":"2026-02-16 10:10:21"}
{"level":"info","message":"\u001b[0mGET /api/admin/institutes/cmlmmbyeb0002t6bdq7jt5y4c/stats \u001b[36m304\u001b[0m 42.100 ms - -\u001b[0m","service":"preplyte-api","timestamp":"2026-02-16 10:10:21"}
{"level":"info","message":"\u001b[0mGET /api/admin/institutes/cmlmmbyeb0002t6bdq7jt5y4c/students?page=1&limit=10&sortBy=createdAt&sortOrder=desc \u001b[36m304\u001b[0m 53.901 ms - -\u001b[0m","service":"preplyte-api","timestamp":"2026-02-16 10:10:22"}
{"level":"info","message":"\u001b[0mGET /api/admin/institutes/cmlmmbyeb0002t6bdq7jt5y4c/students?page=1&limit=10&sortBy=createdAt&sortOrder=desc \u001b[36m304\u001b[0m 72.188 ms - -\u001b[0m","service":"preplyte-api","timestamp":"2026-02-16 10:10:22"}
{"level":"info","message":"\u001b[0mGET /api/admin/institutes?limit=100 \u001b[32m200\u001b[0m 67.134 ms - 575\u001b[0m","service":"preplyte-api","timestamp":"2026-02-16 10:10:38"}
{"level":"info","message":"\u001b[0mGET /api/admin/users?page=1&limit=10&sortBy=createdAt&sortOrder=desc \u001b[32m200\u001b[0m 68.927 ms - -\u001b[0m","service":"preplyte-api","timestamp":"2026-02-16 10:10:38"}
{"level":"info","message":"\u001b[0mGET /api/admin/institutes?limit=100 \u001b[36m304\u001b[0m 53.128 ms - -\u001b[0m","service":"preplyte-api","timestamp":"2026-02-16 10:10:38"}
{"level":"info","message":"\u001b[0mGET /api/admin/users?page=1&limit=10&sortBy=createdAt&sortOrder=desc \u001b[36m304\u001b[0m 51.540 ms - -\u001b[0m","service":"preplyte-api","timestamp":"2026-02-16 10:10:38"}
{"level":"info","message":"\u001b[0mGET /api/admin/institutes?limit=100 \u001b[36m304\u001b[0m 39.059 ms - -\u001b[0m","service":"preplyte-api","timestamp":"2026-02-16 10:10:51"}
{"level":"info","message":"\u001b[0mGET /api/admin/users?page=1&limit=10&sortBy=createdAt&sortOrder=desc \u001b[36m304\u001b[0m 40.863 ms - -\u001b[0m","service":"preplyte-api","timestamp":"2026-02-16 10:10:51"}
{"level":"info","message":"\u001b[0mGET /api/admin/institutes?limit=100 \u001b[36m304\u001b[0m 29.808 ms - -\u001b[0m","service":"preplyte-api","timestamp":"2026-02-16 10:10:51"}
{"level":"info","message":"\u001b[0mGET /api/admin/users?page=1&limit=10&sortBy=createdAt&sortOrder=desc \u001b[36m304\u001b[0m 41.368 ms - -\u001b[0m","service":"preplyte-api","timestamp":"2026-02-16 10:10:51"}
{"level":"info","message":"\u001b[0mGET /api/dashboard/institute-admin \u001b[36m304\u001b[0m 67.153 ms - -\u001b[0m","service":"preplyte-api","timestamp":"2026-02-16 10:11:49"}
{"level":"info","message":"\u001b[0mGET /api/institute/mock-drive/students?page=1&limit=10&sortOrder=desc \u001b[32m200\u001b[0m 26.279 ms - -\u001b[0m","service":"preplyte-api","timestamp":"2026-02-16 10:12:00"}
{"level":"info","message":"\u001b[0mGET /api/dashboard/student/cmlmo9zlm004prtqxuz5hxwgq \u001b[36m304\u001b[0m 180.242 ms - -\u001b[0m","service":"preplyte-api","timestamp":"2026-02-16 10:12:08"}
{"level":"info","message":"\u001b[0mGET /api/dashboard/student/cmlmo9zlm004prtqxuz5hxwgq \u001b[33m401\u001b[0m 1.614 ms - 108\u001b[0m","service":"preplyte-api","timestamp":"2026-02-16 10:47:06"}
{"level":"info","message":"Token refreshed successfully","service":"preplyte-api","timestamp":"2026-02-16 10:47:06","userId":"cmlmo94qs0003rtqxgkv0jb70"}
{"level":"info","message":"\u001b[0mPOST /api/auth/refresh \u001b[32m200\u001b[0m 88.030 ms - -\u001b[0m","service":"preplyte-api","timestamp":"2026-02-16 10:47:06"}
{"level":"info","message":"\u001b[0mGET /api/dashboard/student/cmlmo9zlm004prtqxuz5hxwgq \u001b[36m304\u001b[0m 176.614 ms - -\u001b[0m","service":"preplyte-api","timestamp":"2026-02-16 10:47:06"}
{"level":"info","message":"\u001b[0mGET /api/lms/categories \u001b[32m200\u001b[0m 162.007 ms - 652\u001b[0m","service":"preplyte-api","timestamp":"2026-02-16 10:59:54"}
{"level":"info","message":"\u001b[0mGET /api/lms/courses?page=1&limit=12&priceRange=all&sortBy=popular&search= \u001b[32m200\u001b[0m 186.910 ms - -\u001b[0m","service":"preplyte-api","timestamp":"2026-02-16 10:59:54"}
{"level":"info","message":"\u001b[0mGET /api/lms/courses?page=1&limit=12&priceRange=all&sortBy=popular \u001b[32m200\u001b[0m 195.157 ms - -\u001b[0m","service":"preplyte-api","timestamp":"2026-02-16 10:59:54"}
{"level":"info","message":"\u001b[0mGET /api/lms/stats \u001b[32m200\u001b[0m 226.456 ms - 147\u001b[0m","service":"preplyte-api","timestamp":"2026-02-16 10:59:54"}
{"level":"info","message":"\u001b[0mGET /api/dashboard/institute-admin \u001b[36m304\u001b[0m 111.458 ms - -\u001b[0m","service":"preplyte-api","timestamp":"2026-02-16 11:01:49"}
{"level":"info","message":"\u001b[0mGET /api/institute/mock-drive/students?page=1&limit=10&sortOrder=desc \u001b[36m304\u001b[0m 152.303 ms - -\u001b[0m","service":"preplyte-api","timestamp":"2026-02-16 11:01:55"}
{"level":"info","message":"\u001b[0mGET /api/dashboard/student/cmlmo9zlm004prtqxuz5hxwgq \u001b[33m401\u001b[0m 2.017 ms - 108\u001b[0m","service":"preplyte-api","timestamp":"2026-02-16 11:03:20"}
{"level":"info","message":"Token refreshed successfully","service":"preplyte-api","timestamp":"2026-02-16 11:03:20","userId":"cmlmo94qs0003rtqxgkv0jb70"}
{"level":"info","message":"\u001b[0mPOST /api/auth/refresh \u001b[32m200\u001b[0m 67.671 ms - -\u001b[0m","service":"preplyte-api","timestamp":"2026-02-16 11:03:20"}
{"level":"info","message":"\u001b[0mGET /api/dashboard/student/cmlmo9zlm004prtqxuz5hxwgq \u001b[36m304\u001b[0m 203.886 ms - -\u001b[0m","service":"preplyte-api","timestamp":"2026-02-16 11:03:20"}
{"level":"info","message":"\u001b[0mGET /api/lms/courses/prompt-engineering/modules/1/topics/1 \u001b[33m401\u001b[0m 5.114 ms - 108\u001b[0m","service":"preplyte-api","timestamp":"2026-02-16 11:04:02"}
{"level":"info","message":"Token refreshed successfully","service":"preplyte-api","timestamp":"2026-02-16 11:04:02","userId":"cmlmo9zlm004prtqxuz5hxwgq"}
{"level":"info","message":"\u001b[0mPOST /api/auth/refresh \u001b[32m200\u001b[0m 49.993 ms - -\u001b[0m","service":"preplyte-api","timestamp":"2026-02-16 11:04:02"}
{"level":"info","message":"\u001b[0mGET /api/lms/courses/prompt-engineering/modules/1/topics/1 \u001b[36m304\u001b[0m 84.167 ms - -\u001b[0m","service":"preplyte-api","timestamp":"2026-02-16 11:04:02"}
{"level":"info","message":"\u001b[0mGET /api/institute/mock-drive/students?page=1&limit=10&sortOrder=desc \u001b[36m304\u001b[0m 291.739 ms - -\u001b[0m","service":"preplyte-api","timestamp":"2026-02-16 11:15:37"}
{"level":"info","message":"\u001b[0mGET /api/dashboard/student/cmlmo9zlm004prtqxuz5hxwgq \u001b[32m200\u001b[0m 261.846 ms - -\u001b[0m","service":"preplyte-api","timestamp":"2026-02-16 11:16:05"}
{"level":"info","message":"\u001b[0mGET /api/lms/categories \u001b[36m304\u001b[0m 62.058 ms - -\u001b[0m","service":"preplyte-api","timestamp":"2026-02-16 11:20:02"}
{"level":"info","message":"\u001b[0mGET /api/lms/stats \u001b[36m304\u001b[0m 63.026 ms - -\u001b[0m","service":"preplyte-api","timestamp":"2026-02-16 11:20:02"}
{"level":"info","message":"\u001b[0mGET /api/lms/courses?page=1&limit=12&priceRange=all&sortBy=popular&search= \u001b[32m200\u001b[0m 63.213 ms - -\u001b[0m","service":"preplyte-api","timestamp":"2026-02-16 11:20:02"}
{"level":"info","message":"\u001b[0mGET /api/dashboard/student/cmlmo9zlm004prtqxuz5hxwgq \u001b[33m401\u001b[0m 1.441 ms - 108\u001b[0m","service":"preplyte-api","timestamp":"2026-02-16 11:51:45"}
{"level":"info","message":"Token refreshed successfully","service":"preplyte-api","timestamp":"2026-02-16 11:51:45","userId":"cmlmo94qs0003rtqxgkv0jb70"}
{"level":"info","message":"\u001b[0mPOST /api/auth/refresh \u001b[32m200\u001b[0m 125.088 ms - -\u001b[0m","service":"preplyte-api","timestamp":"2026-02-16 11:51:45"}
{"level":"info","message":"\u001b[0mGET /api/dashboard/student/cmlmo9zlm004prtqxuz5hxwgq \u001b[36m304\u001b[0m 248.672 ms - -\u001b[0m","service":"preplyte-api","timestamp":"2026-02-16 11:51:45"}
{"level":"info","message":"\u001b[0mGET /api/institute/mock-drive/students?page=1&limit=10&sortOrder=desc \u001b[36m304\u001b[0m 56.465 ms - -\u001b[0m","service":"preplyte-api","timestamp":"2026-02-16 11:53:09"}
{"level":"info","message":"\u001b[0mGET /api/admin/lms/analytics/overview \u001b[33m401\u001b[0m 7.388 ms - 108\u001b[0m","service":"preplyte-api","timestamp":"2026-02-16 12:00:47"}
{"level":"info","message":"Token refreshed successfully","service":"preplyte-api","timestamp":"2026-02-16 12:00:47","userId":"cmlksebqv0001chz5wzenqncs"}
{"level":"info","message":"\u001b[0mPOST /api/auth/refresh \u001b[32m200\u001b[0m 123.412 ms - 946\u001b[0m","service":"preplyte-api","timestamp":"2026-02-16 12:00:47"}
{"level":"info","message":"\u001b[0mGET /api/admin/lms/analytics/overview \u001b[32m200\u001b[0m 295.605 ms - -\u001b[0m","service":"preplyte-api","timestamp":"2026-02-16 12:00:48"}
{"level":"info","message":"\u001b[0mGET /api/dashboard/student/cmlmo9zlm004prtqxuz5hxwgq \u001b[33m401\u001b[0m 1.780 ms - 108\u001b[0m","service":"preplyte-api","timestamp":"2026-02-16 20:44:38"}
{"level":"info","message":"\u001b[0mGET /api/admin/lms/analytics/overview \u001b[33m401\u001b[0m 1.589 ms - 108\u001b[0m","service":"preplyte-api","timestamp":"2026-02-16 20:44:38"}
{"level":"info","message":"Token refreshed successfully","service":"preplyte-api","timestamp":"2026-02-16 20:44:38","userId":"cmlksebqv0001chz5wzenqncs"}
{"level":"info","message":"\u001b[0mPOST /api/auth/refresh \u001b[32m200\u001b[0m 91.547 ms - 946\u001b[0m","service":"preplyte-api","timestamp":"2026-02-16 20:44:38"}
{"level":"info","message":"Token refreshed successfully","service":"preplyte-api","timestamp":"2026-02-16 20:44:38","userId":"cmlmo94qs0003rtqxgkv0jb70"}
{"level":"info","message":"\u001b[0mPOST /api/auth/refresh \u001b[32m200\u001b[0m 233.483 ms - -\u001b[0m","service":"preplyte-api","timestamp":"2026-02-16 20:44:38"}
{"level":"info","message":"\u001b[0mGET /api/admin/lms/analytics/overview \u001b[36m304\u001b[0m 246.467 ms - -\u001b[0m","service":"preplyte-api","timestamp":"2026-02-16 20:44:38"}
{"level":"info","message":"\u001b[0mGET /api/dashboard/student/cmlmo9zlm004prtqxuz5hxwgq \u001b[36m304\u001b[0m 175.556 ms - -\u001b[0m","service":"preplyte-api","timestamp":"2026-02-16 20:44:38"}
{"level":"info","message":"\u001b[0mGET /api/admin/lms/analytics/overview \u001b[36m304\u001b[0m 43.248 ms - -\u001b[0m","service":"preplyte-api","timestamp":"2026-02-16 20:45:40"}
