{"fields":["title","description","instructions","registrationStartDate","registrationEndDate","maxRegistrations","driveStartDate","driveEndDate","allowLateSubmission","showLeaderboard","showResultsImmediately","resultsReleaseDate","shuffleQuestions","enableProctoring","proctoringSettings"],"instituteId":"c1d2e3f4g5h6i7j8k9l0","level":"info","message":"Updating mock drive","mockDriveId":"cmluuzn81000gg3vu0s2a9pj7","service":"preplyte-api","timestamp":"2026-02-21 00:01:21"}
{"durationMs":46,"level":"info","message":"Mock drive updated","mockDriveId":"cmluuzn81000gg3vu0s2a9pj7","service":"preplyte-api","timestamp":"2026-02-21 00:01:21"}
{"level":"info","message":"\u001b[0mPUT /api/institute/mock-drive/cmluuzn81000gg3vu0s2a9pj7 \u001b[32m200\u001b[0m 103.019 ms - -\u001b[0m","service":"preplyte-api","timestamp":"2026-02-21 00:01:21"}
{"level":"info","message":"Module updated","moduleId":"cmluuzn8c000hg3vu6eosl8xb","service":"preplyte-api","timestamp":"2026-02-21 00:01:21"}
{"level":"info","message":"\u001b[0mPUT /api/institute/mock-drive/cmluuzn81000gg3vu0s2a9pj7/modules/cmluuzn8c000hg3vu6eosl8xb \u001b[32m200\u001b[0m 21.748 ms - 507\u001b[0m","service":"preplyte-api","timestamp":"2026-02-21 00:01:21"}
{"level":"info","message":"Module updated","moduleId":"cmluuzn8c000ig3vucz6vrgvo","service":"preplyte-api","timestamp":"2026-02-21 00:01:21"}
{"level":"info","message":"\u001b[0mPUT /api/institute/mock-drive/cmluuzn81000gg3vu0s2a9pj7/modules/cmluuzn8c000ig3vucz6vrgvo \u001b[32m200\u001b[0m 35.428 ms - 519\u001b[0m","service":"preplyte-api","timestamp":"2026-02-21 00:01:21"}
{"level":"info","message":"Module updated","moduleId":"cmluuzn8c000jg3vu8b0cbhcw","service":"preplyte-api","timestamp":"2026-02-21 00:01:21"}
{"level":"info","message":"\u001b[0mPUT /api/institute/mock-drive/cmluuzn81000gg3vu0s2a9pj7/modules/cmluuzn8c000jg3vu8b0cbhcw \u001b[32m200\u001b[0m 43.255 ms - 558\u001b[0m","service":"preplyte-api","timestamp":"2026-02-21 00:01:21"}
{"level":"info","message":"\u001b[0mGET /api/institute/mock-drive/cmluuzn81000gg3vu0s2a9pj7/modules \u001b[32m200\u001b[0m 16.746 ms - -\u001b[0m","service":"preplyte-api","timestamp":"2026-02-21 00:01:21"}
{"level":"info","message":"\u001b[0mGET /api/institute/mock-drive/cmluuzn81000gg3vu0s2a9pj7 \u001b[32m200\u001b[0m 57.041 ms - -\u001b[0m","service":"preplyte-api","timestamp":"2026-02-21 00:01:21"}
{"level":"info","message":"\u001b[0mGET /api/institute/mock-drive/cmluuzn81000gg3vu0s2a9pj7 \u001b[36m304\u001b[0m 157.548 ms - -\u001b[0m","service":"preplyte-api","timestamp":"2026-02-21 00:01:21"}
{"level":"info","message":"\u001b[0mGET /api/institute/mock-drive/cmluuzn81000gg3vu0s2a9pj7/stats \u001b[32m200\u001b[0m 72.502 ms - 259\u001b[0m","service":"preplyte-api","timestamp":"2026-02-21 00:01:22"}
{"instituteId":"c1d2e3f4g5h6i7j8k9l0","level":"info","message":"Publishing mock drive","mockDriveId":"cmluuzn81000gg3vu0s2a9pj7","service":"preplyte-api","timestamp":"2026-02-21 00:01:24"}
{"instituteId":"c1d2e3f4g5h6i7j8k9l0","level":"info","message":"Validating mock drive for publish","mockDriveId":"cmluuzn81000gg3vu0s2a9pj7","service":"preplyte-api","timestamp":"2026-02-21 00:01:24"}
{"durationMs":46,"errorCount":0,"isValid":true,"level":"info","message":"Mock drive validation completed","mockDriveId":"cmluuzn81000gg3vu0s2a9pj7","service":"preplyte-api","timestamp":"2026-02-21 00:01:24","warningCount":2}
{"level":"info","message":"Generating module questions","mockDriveId":"cmluuzn81000gg3vu0s2a9pj7","service":"preplyte-api","timestamp":"2026-02-21 00:01:24"}
{"durationMs":27,"level":"info","message":"All module questions generated","mockDriveId":"cmluuzn81000gg3vu0s2a9pj7","moduleCount":3,"service":"preplyte-api","timestamp":"2026-02-21 00:01:24"}
{"durationMs":110,"level":"info","message":"Mock drive published successfully","mockDriveId":"cmluuzn81000gg3vu0s2a9pj7","service":"preplyte-api","timestamp":"2026-02-21 00:01:24"}
{"level":"info","message":"\u001b[0mPOST /api/institute/mock-drive/cmluuzn81000gg3vu0s2a9pj7/publish \u001b[32m200\u001b[0m 119.643 ms - -\u001b[0m","service":"preplyte-api","timestamp":"2026-02-21 00:01:24"}
{"level":"info","message":"\u001b[0mGET /api/institute/mock-drive/cmluuzn81000gg3vu0s2a9pj7 \u001b[32m200\u001b[0m 42.973 ms - -\u001b[0m","service":"preplyte-api","timestamp":"2026-02-21 00:01:24"}
{"level":"info","message":"\u001b[0mGET /api/mock-drives?page=1&limit=10&status=PUBLISHED%2CREGISTRATION_OPEN%2CREGISTRATION_CLOSED%2CIN_PROGRESS \u001b[33m401\u001b[0m 1.190 ms - 108\u001b[0m","service":"preplyte-api","timestamp":"2026-02-21 00:01:31"}
{"level":"info","message":"Token refreshed successfully","service":"preplyte-api","timestamp":"2026-02-21 00:01:31","userId":"cmluqfswb0007p3qckrd6vla6"}
{"level":"info","message":"\u001b[0mPOST /api/auth/refresh \u001b[32m200\u001b[0m 33.147 ms - -\u001b[0m","service":"preplyte-api","timestamp":"2026-02-21 00:01:31"}
{"level":"info","message":"\u001b[0mGET /api/mock-drives?page=1&limit=10&status=PUBLISHED%2CREGISTRATION_OPEN%2CREGISTRATION_CLOSED%2CIN_PROGRESS \u001b[32m200\u001b[0m 76.463 ms - -\u001b[0m","service":"preplyte-api","timestamp":"2026-02-21 00:01:31"}
{"level":"info","message":"\u001b[0mGET /api/mock-drives/cmluuzn81000gg3vu0s2a9pj7 \u001b[32m200\u001b[0m 67.612 ms - -\u001b[0m","service":"preplyte-api","timestamp":"2026-02-21 00:01:42"}
{"level":"info","message":"\u001b[0mGET /api/mock-drives/cmluuzn81000gg3vu0s2a9pj7/eligibility \u001b[32m200\u001b[0m 65.406 ms - 343\u001b[0m","service":"preplyte-api","timestamp":"2026-02-21 00:01:42"}
{"level":"info","message":"\u001b[0mGET /api/mock-drives?page=1&limit=10&status=PUBLISHED%2CREGISTRATION_OPEN%2CREGISTRATION_CLOSED%2CIN_PROGRESS \u001b[33m401\u001b[0m 2.974 ms - 108\u001b[0m","service":"preplyte-api","timestamp":"2026-02-21 00:02:01"}
{"level":"info","message":"Token refreshed successfully","service":"preplyte-api","timestamp":"2026-02-21 00:02:02","userId":"cmluqlns4000gp3qc2r9ju34o"}
{"level":"info","message":"\u001b[0mPOST /api/auth/refresh \u001b[32m200\u001b[0m 30.040 ms - -\u001b[0m","service":"preplyte-api","timestamp":"2026-02-21 00:02:02"}
{"level":"info","message":"Auto-updated 1 drives to REGISTRATION_CLOSED","service":"preplyte-api","timestamp":"2026-02-21 00:02:02"}
{"level":"info","message":"\u001b[0mGET /api/mock-drives?page=1&limit=10&status=PUBLISHED%2CREGISTRATION_OPEN%2CREGISTRATION_CLOSED%2CIN_PROGRESS \u001b[32m200\u001b[0m 53.968 ms - -\u001b[0m","service":"preplyte-api","timestamp":"2026-02-21 00:02:02"}
{"level":"info","message":"\u001b[0mGET /api/mock-drives/cmluuzn81000gg3vu0s2a9pj7 \u001b[32m200\u001b[0m 54.976 ms - -\u001b[0m","service":"preplyte-api","timestamp":"2026-02-21 00:02:15"}
{"level":"info","message":"\u001b[0mGET /api/mock-drives/cmluuzn81000gg3vu0s2a9pj7/eligibility \u001b[32m200\u001b[0m 75.670 ms - 343\u001b[0m","service":"preplyte-api","timestamp":"2026-02-21 00:02:15"}
{"level":"info","message":"\u001b[0mGET /api/leaderboard/config \u001b[36m304\u001b[0m 16.177 ms - -\u001b[0m","service":"preplyte-api","timestamp":"2026-02-21 00:03:50"}
{"category":"aptitude","level":"info","limit":20,"message":"[LeaderboardService] Fetching leaderboard","page":1,"scope":"global","service":"preplyte-api","timestamp":"2026-02-21 00:03:50","userId":"cmluqlns4000gp3qc2r9ju34o"}
{"level":"info","message":"\u001b[0mGET /api/leaderboard/my-scores \u001b[36m304\u001b[0m 101.493 ms - -\u001b[0m","service":"preplyte-api","timestamp":"2026-02-21 00:03:50"}
{"level":"info","message":"\u001b[0mGET /api/leaderboard?scope=global&category=aptitude&page=1&limit=20 \u001b[32m200\u001b[0m 158.457 ms - 523\u001b[0m","service":"preplyte-api","timestamp":"2026-02-21 00:03:50"}
{"level":"info","message":"Auto-updated 1 drives to REGISTRATION_OPEN","service":"preplyte-api","timestamp":"2026-02-21 00:03:53"}
{"level":"info","message":"\u001b[0mGET /api/mock-drives?page=1&limit=10&status=PUBLISHED%2CREGISTRATION_OPEN%2CREGISTRATION_CLOSED%2CIN_PROGRESS \u001b[32m200\u001b[0m 125.576 ms - -\u001b[0m","service":"preplyte-api","timestamp":"2026-02-21 00:03:53"}
{"level":"info","message":"\u001b[0mGET /api/mock-drives/cmluuzn81000gg3vu0s2a9pj7 \u001b[32m200\u001b[0m 69.449 ms - -\u001b[0m","service":"preplyte-api","timestamp":"2026-02-21 00:04:02"}
{"level":"info","message":"\u001b[0mGET /api/mock-drives/cmluuzn81000gg3vu0s2a9pj7/eligibility \u001b[32m200\u001b[0m 81.257 ms - 299\u001b[0m","service":"preplyte-api","timestamp":"2026-02-21 00:04:02"}
{"driveId":"cmluuzn81000gg3vu0s2a9pj7","level":"info","message":"User registered for mock drive","registrationId":"cmlv8b2jh0019d64fpq7jjerk","service":"preplyte-api","timestamp":"2026-02-21 00:04:04","userId":"cmluqlns4000gp3qc2r9ju34o"}
{"level":"info","message":"\u001b[0mPOST /api/mock-drives/cmluuzn81000gg3vu0s2a9pj7/register \u001b[32m201\u001b[0m 88.514 ms - 367\u001b[0m","service":"preplyte-api","timestamp":"2026-02-21 00:04:04"}
{"level":"info","message":"\u001b[0mGET /api/mock-drives/cmluuzn81000gg3vu0s2a9pj7/eligibility \u001b[32m200\u001b[0m 96.339 ms - 356\u001b[0m","service":"preplyte-api","timestamp":"2026-02-21 00:04:04"}
{"level":"info","message":"\u001b[0mGET /api/mock-drives/cmluuzn81000gg3vu0s2a9pj7 \u001b[32m200\u001b[0m 92.238 ms - -\u001b[0m","service":"preplyte-api","timestamp":"2026-02-21 00:04:04"}
{"level":"info","message":"\u001b[0mGET /api/mock-drives/cmluuzn81000gg3vu0s2a9pj7/eligibility \u001b[32m200\u001b[0m 97.162 ms - 299\u001b[0m","service":"preplyte-api","timestamp":"2026-02-21 00:04:08"}
{"level":"info","message":"\u001b[0mGET /api/mock-drives/cmluuzn81000gg3vu0s2a9pj7 \u001b[32m200\u001b[0m 93.594 ms - -\u001b[0m","service":"preplyte-api","timestamp":"2026-02-21 00:04:08"}
{"driveId":"cmluuzn81000gg3vu0s2a9pj7","level":"info","message":"User registered for mock drive","registrationId":"cmlv8b83u001bd64fs74m5qmm","service":"preplyte-api","timestamp":"2026-02-21 00:04:11","userId":"cmluqfswb0007p3qckrd6vla6"}
{"level":"info","message":"\u001b[0mPOST /api/mock-drives/cmluuzn81000gg3vu0s2a9pj7/register \u001b[32m201\u001b[0m 547.107 ms - 367\u001b[0m","service":"preplyte-api","timestamp":"2026-02-21 00:04:11"}
{"level":"info","message":"\u001b[0mGET /api/mock-drives/cmluuzn81000gg3vu0s2a9pj7/eligibility \u001b[32m200\u001b[0m 119.872 ms - 356\u001b[0m","service":"preplyte-api","timestamp":"2026-02-21 00:04:11"}
{"level":"info","message":"\u001b[0mGET /api/mock-drives/cmluuzn81000gg3vu0s2a9pj7 \u001b[32m200\u001b[0m 118.415 ms - -\u001b[0m","service":"preplyte-api","timestamp":"2026-02-21 00:04:11"}
{"level":"info","message":"\u001b[0mGET /api/institute/mock-drive/cmluuzn81000gg3vu0s2a9pj7 \u001b[32m200\u001b[0m 111.008 ms - -\u001b[0m","service":"preplyte-api","timestamp":"2026-02-21 00:04:16"}
{"level":"info","message":"\u001b[0mGET /api/institute/mock-drive/cmluuzn81000gg3vu0s2a9pj7/registrations?page=1&limit=20&sortBy=registeredAt&sortOrder=desc \u001b[32m200\u001b[0m 236.170 ms - 1014\u001b[0m","service":"preplyte-api","timestamp":"2026-02-21 00:04:17"}
{"failed":0,"level":"info","message":"Bulk registration update","mockDriveId":"cmluuzn81000gg3vu0s2a9pj7","newStatus":"APPROVED","service":"preplyte-api","success":2,"timestamp":"2026-02-21 00:04:22"}
{"level":"info","message":"\u001b[0mPOST /api/institute/mock-drive/cmluuzn81000gg3vu0s2a9pj7/registrations/bulk \u001b[32m200\u001b[0m 32.166 ms - 112\u001b[0m","service":"preplyte-api","timestamp":"2026-02-21 00:04:22"}
{"level":"info","message":"\u001b[0mGET /api/institute/mock-drive/cmluuzn81000gg3vu0s2a9pj7/registrations?page=1&limit=20&sortBy=registeredAt&sortOrder=desc \u001b[32m200\u001b[0m 24.267 ms - 1016\u001b[0m","service":"preplyte-api","timestamp":"2026-02-21 00:04:22"}
{"level":"info","message":"\u001b[0mGET /api/institute/mock-drive/cmluuzn81000gg3vu0s2a9pj7/stats \u001b[32m200\u001b[0m 42.529 ms - 259\u001b[0m","service":"preplyte-api","timestamp":"2026-02-21 00:04:25"}
{"level":"info","message":"\u001b[0mGET /api/institute/mock-drive/cmluuzn81000gg3vu0s2a9pj7/batches?page=1&limit=20&sortBy=scheduledStartTime&sortOrder=asc \u001b[32m200\u001b[0m 40.950 ms - 174\u001b[0m","service":"preplyte-api","timestamp":"2026-02-21 00:04:27"}
{"batchId":"cmlv8clcl001dd64fzgvomknu","batchNumber":1,"level":"info","message":"Batch created","mockDriveId":"cmluuzn81000gg3vu0s2a9pj7","service":"preplyte-api","timestamp":"2026-02-21 00:05:15"}
{"level":"info","message":"\u001b[0mPOST /api/institute/mock-drive/cmluuzn81000gg3vu0s2a9pj7/batches \u001b[32m201\u001b[0m 60.620 ms - 567\u001b[0m","service":"preplyte-api","timestamp":"2026-02-21 00:05:15"}
{"level":"info","message":"\u001b[0mGET /api/institute/mock-drive/cmluuzn81000gg3vu0s2a9pj7/batches?page=1&limit=20&sortBy=scheduledStartTime&sortOrder=asc \u001b[32m200\u001b[0m 24.251 ms - 430\u001b[0m","service":"preplyte-api","timestamp":"2026-02-21 00:05:15"}
{"level":"info","message":"\u001b[0mGET /api/institute/mock-drive/cmluuzn81000gg3vu0s2a9pj7 \u001b[32m200\u001b[0m 98.090 ms - -\u001b[0m","service":"preplyte-api","timestamp":"2026-02-21 00:05:17"}
{"level":"info","message":"\u001b[0mGET /api/institute/mock-drive/cmluuzn81000gg3vu0s2a9pj7/batches/cmlv8clcl001dd64fzgvomknu \u001b[32m200\u001b[0m 55.019 ms - 569\u001b[0m","service":"preplyte-api","timestamp":"2026-02-21 00:05:17"}
{"level":"info","message":"\u001b[0mGET /api/institute/mock-drive/cmluuzn81000gg3vu0s2a9pj7/batches/cmlv8clcl001dd64fzgvomknu/students \u001b[32m200\u001b[0m 38.046 ms - 70\u001b[0m","service":"preplyte-api","timestamp":"2026-02-21 00:05:17"}
{"level":"info","message":"\u001b[0mGET /api/institute/mock-drive/cmluuzn81000gg3vu0s2a9pj7/registrations?hasBatch=false&status=APPROVED&limit=100 \u001b[32m200\u001b[0m 31.742 ms - 1017\u001b[0m","service":"preplyte-api","timestamp":"2026-02-21 00:05:17"}
{"assigned":2,"batchId":"cmlv8clcl001dd64fzgvomknu","failed":0,"level":"info","message":"Students assigned","service":"preplyte-api","timestamp":"2026-02-21 00:05:35"}
{"level":"info","message":"\u001b[0mPOST /api/institute/mock-drive/cmluuzn81000gg3vu0s2a9pj7/batches/cmlv8clcl001dd64fzgvomknu/assign \u001b[32m200\u001b[0m 37.088 ms - 82\u001b[0m","service":"preplyte-api","timestamp":"2026-02-21 00:05:35"}
{"level":"info","message":"\u001b[0mGET /api/institute/mock-drive/cmluuzn81000gg3vu0s2a9pj7/registrations?hasBatch=false&status=APPROVED&limit=100 \u001b[32m200\u001b[0m 41.110 ms - 286\u001b[0m","service":"preplyte-api","timestamp":"2026-02-21 00:05:35"}
{"level":"info","message":"\u001b[0mGET /api/institute/mock-drive/cmluuzn81000gg3vu0s2a9pj7/batches/cmlv8clcl001dd64fzgvomknu \u001b[32m200\u001b[0m 66.508 ms - 569\u001b[0m","service":"preplyte-api","timestamp":"2026-02-21 00:05:35"}
{"level":"info","message":"\u001b[0mGET /api/institute/mock-drive/cmluuzn81000gg3vu0s2a9pj7/batches/cmlv8clcl001dd64fzgvomknu/students \u001b[32m200\u001b[0m 65.122 ms - 715\u001b[0m","service":"preplyte-api","timestamp":"2026-02-21 00:05:35"}
{"level":"info","message":"\u001b[0mGET /api/institute/mock-drive/cmluuzn81000gg3vu0s2a9pj7/batches/cmlv8clcl001dd64fzgvomknu/students \u001b[36m304\u001b[0m 30.139 ms - -\u001b[0m","service":"preplyte-api","timestamp":"2026-02-21 00:05:35"}
{"level":"info","message":"\u001b[0mGET /api/institute/mock-drive/cmluuzn81000gg3vu0s2a9pj7/batches?page=1&limit=20&sortBy=scheduledStartTime&sortOrder=asc \u001b[32m200\u001b[0m 26.671 ms - 430\u001b[0m","service":"preplyte-api","timestamp":"2026-02-21 00:05:38"}
{"level":"info","message":"\u001b[0mGET /api/institute/mock-drive/cmluuzn81000gg3vu0s2a9pj7/stats \u001b[32m200\u001b[0m 22.065 ms - 259\u001b[0m","service":"preplyte-api","timestamp":"2026-02-21 00:05:40"}
{"level":"info","message":"Auto-updated 1 drives to REGISTRATION_CLOSED","service":"preplyte-api","timestamp":"2026-02-21 00:10:15"}
{"level":"info","message":"\u001b[0mGET /api/mock-drives?page=1&limit=10&status=PUBLISHED%2CREGISTRATION_OPEN%2CREGISTRATION_CLOSED%2CIN_PROGRESS \u001b[32m200\u001b[0m 257.902 ms - -\u001b[0m","service":"preplyte-api","timestamp":"2026-02-21 00:10:15"}
{"level":"info","message":"Auto-updated 1 drives to IN_PROGRESS","service":"preplyte-api","timestamp":"2026-02-21 00:12:18"}
{"level":"info","message":"\u001b[0mGET /api/mock-drives/cmluuzn81000gg3vu0s2a9pj7 \u001b[32m200\u001b[0m 115.808 ms - -\u001b[0m","service":"preplyte-api","timestamp":"2026-02-21 00:12:18"}
{"level":"info","message":"\u001b[0mGET /api/mock-drives/cmluuzn81000gg3vu0s2a9pj7/eligibility \u001b[32m200\u001b[0m 129.304 ms - 358\u001b[0m","service":"preplyte-api","timestamp":"2026-02-21 00:12:18"}
{"level":"info","message":"\u001b[0mGET /api/mock-drives/cmluuzn81000gg3vu0s2a9pj7/attempt \u001b[32m200\u001b[0m 14.718 ms - 77\u001b[0m","service":"preplyte-api","timestamp":"2026-02-21 00:12:32"}
{"level":"info","message":"\u001b[0mPOST /api/mock-drives/cmluuzn81000gg3vu0s2a9pj7/start \u001b[32m201\u001b[0m 176.902 ms - -\u001b[0m","service":"preplyte-api","timestamp":"2026-02-21 00:12:53"}
{"level":"info","message":"\u001b[0mGET /api/mock-drives/cmluuzn81000gg3vu0s2a9pj7/attempt \u001b[32m200\u001b[0m 25.437 ms - -\u001b[0m","service":"preplyte-api","timestamp":"2026-02-21 00:12:53"}
{"level":"info","message":"\u001b[0mPOST /api/mock-drives/cmluuzn81000gg3vu0s2a9pj7/modules/cmluuzn8c000hg3vu6eosl8xb/start \u001b[32m200\u001b[0m 363.825 ms - -\u001b[0m","service":"preplyte-api","timestamp":"2026-02-21 00:12:55"}
{"level":"info","message":"\u001b[0mGET /api/mock-drives/cmluuzn81000gg3vu0s2a9pj7/attempt \u001b[32m200\u001b[0m 157.906 ms - -\u001b[0m","service":"preplyte-api","timestamp":"2026-02-21 00:12:55"}
{"level":"info","message":"\u001b[0mPOST /api/mock-drives/cmluuzn81000gg3vu0s2a9pj7/modules/cmluuzn8c000hg3vu6eosl8xb/aptitude/answer \u001b[32m200\u001b[0m 34.008 ms - -\u001b[0m","service":"preplyte-api","timestamp":"2026-02-21 00:13:00"}
{"level":"info","message":"\u001b[0mGET /api/mock-drives/cmluuzn81000gg3vu0s2a9pj7/attempt \u001b[32m200\u001b[0m 12.011 ms - -\u001b[0m","service":"preplyte-api","timestamp":"2026-02-21 00:13:00"}
{"level":"info","message":"\u001b[0mGET /api/mock-drives/cmluuzn81000gg3vu0s2a9pj7/attempt \u001b[32m200\u001b[0m 19.345 ms - -\u001b[0m","service":"preplyte-api","timestamp":"2026-02-21 00:13:30"}
{"level":"info","message":"\u001b[0mPOST /api/mock-drives/cmluuzn81000gg3vu0s2a9pj7/modules/cmluuzn8c000hg3vu6eosl8xb/aptitude/answer \u001b[32m200\u001b[0m 33.992 ms - -\u001b[0m","service":"preplyte-api","timestamp":"2026-02-21 00:13:36"}
{"level":"info","message":"\u001b[0mGET /api/mock-drives/cmluuzn81000gg3vu0s2a9pj7/attempt \u001b[32m200\u001b[0m 19.847 ms - -\u001b[0m","service":"preplyte-api","timestamp":"2026-02-21 00:13:36"}
{"level":"info","message":"\u001b[0mPOST /api/mock-drives/cmluuzn81000gg3vu0s2a9pj7/modules/cmluuzn8c000hg3vu6eosl8xb/aptitude/answer \u001b[32m200\u001b[0m 40.312 ms - -\u001b[0m","service":"preplyte-api","timestamp":"2026-02-21 00:14:05"}
{"level":"info","message":"\u001b[0mGET /api/mock-drives/cmluuzn81000gg3vu0s2a9pj7/attempt \u001b[32m200\u001b[0m 22.907 ms - -\u001b[0m","service":"preplyte-api","timestamp":"2026-02-21 00:14:05"}
{"level":"info","message":"\u001b[0mGET /api/mock-drives/cmluuzn81000gg3vu0s2a9pj7/attempt \u001b[32m200\u001b[0m 29.130 ms - -\u001b[0m","service":"preplyte-api","timestamp":"2026-02-21 00:14:35"}
{"level":"info","message":"\u001b[0mPOST /api/mock-drives/cmluuzn81000gg3vu0s2a9pj7/modules/cmluuzn8c000hg3vu6eosl8xb/aptitude/answer \u001b[32m200\u001b[0m 35.184 ms - -\u001b[0m","service":"preplyte-api","timestamp":"2026-02-21 00:14:56"}
{"level":"info","message":"\u001b[0mGET /api/mock-drives/cmluuzn81000gg3vu0s2a9pj7/attempt \u001b[32m200\u001b[0m 15.166 ms - -\u001b[0m","service":"preplyte-api","timestamp":"2026-02-21 00:14:56"}
{"level":"info","message":"\u001b[0mPOST /api/mock-drives/cmluuzn81000gg3vu0s2a9pj7/modules/cmluuzn8c000hg3vu6eosl8xb/aptitude/answer \u001b[32m200\u001b[0m 27.822 ms - -\u001b[0m","service":"preplyte-api","timestamp":"2026-02-21 00:15:04"}
{"level":"info","message":"\u001b[0mGET /api/mock-drives/cmluuzn81000gg3vu0s2a9pj7/attempt \u001b[32m200\u001b[0m 24.080 ms - -\u001b[0m","service":"preplyte-api","timestamp":"2026-02-21 00:15:04"}
{"level":"info","message":"\u001b[0mPOST /api/mock-drives/cmluuzn81000gg3vu0s2a9pj7/modules/cmluuzn8c000hg3vu6eosl8xb/aptitude/answer \u001b[32m200\u001b[0m 30.228 ms - -\u001b[0m","service":"preplyte-api","timestamp":"2026-02-21 00:15:09"}
{"level":"info","message":"\u001b[0mGET /api/mock-drives/cmluuzn81000gg3vu0s2a9pj7/attempt \u001b[32m200\u001b[0m 21.056 ms - -\u001b[0m","service":"preplyte-api","timestamp":"2026-02-21 00:15:09"}
{"level":"info","message":"\u001b[0mPOST /api/mock-drives/cmluuzn81000gg3vu0s2a9pj7/modules/cmluuzn8c000hg3vu6eosl8xb/submit \u001b[32m200\u001b[0m 66.799 ms - 660\u001b[0m","service":"preplyte-api","timestamp":"2026-02-21 00:15:13"}
{"level":"info","message":"\u001b[0mGET /api/mock-drives/cmluuzn81000gg3vu0s2a9pj7/attempt \u001b[32m200\u001b[0m 33.155 ms - -\u001b[0m","service":"preplyte-api","timestamp":"2026-02-21 00:15:13"}
{"level":"info","message":"\u001b[0mGET /api/mock-drives/cmluuzn81000gg3vu0s2a9pj7/attempt \u001b[36m304\u001b[0m 57.705 ms - -\u001b[0m","service":"preplyte-api","timestamp":"2026-02-21 00:15:40"}
{"level":"info","message":"\u001b[0mPOST /api/mock-drives/cmluuzn81000gg3vu0s2a9pj7/modules/cmluuzn8c000ig3vucz6vrgvo/start \u001b[32m200\u001b[0m 58.794 ms - -\u001b[0m","service":"preplyte-api","timestamp":"2026-02-21 00:15:42"}
{"level":"info","message":"\u001b[0mGET /api/mock-drives/cmluuzn81000gg3vu0s2a9pj7/attempt \u001b[32m200\u001b[0m 23.122 ms - -\u001b[0m","service":"preplyte-api","timestamp":"2026-02-21 00:15:42"}
{"hasCustomInput":false,"languageId":91,"level":"info","message":"[MachineExecutor] Running code with custom input","questionId":"cmlv87nqk0012d64f1ljlxkdr","service":"preplyte-api","timestamp":"2026-02-21 00:16:35"}
{"languageId":91,"level":"info","message":"[MachineExecutor] Running code with custom input","service":"preplyte-api","timestamp":"2026-02-21 00:16:35"}
{"level":"info","message":"\u001b[0mPOST /api/mock-drives/cmluuzn81000gg3vu0s2a9pj7/modules/cmluuzn8c000ig3vucz6vrgvo/machine/run \u001b[32m200\u001b[0m 1983.315 ms - -\u001b[0m","service":"preplyte-api","timestamp":"2026-02-21 00:16:37"}
{"level":"info","message":"\u001b[0mGET /api/mock-drives/cmluuzn81000gg3vu0s2a9pj7/attempt \u001b[32m200\u001b[0m 8.569 ms - -\u001b[0m","service":"preplyte-api","timestamp":"2026-02-21 00:16:43"}
{"languageId":91,"level":"info","message":"[MachineExecutor] Executing code against test cases","service":"preplyte-api","testCaseCount":4,"timeLimit":5,"timestamp":"2026-02-21 00:16:48"}
{"level":"info","message":"\u001b[0mPOST /api/mock-drives/cmluuzn81000gg3vu0s2a9pj7/modules/cmluuzn8c000ig3vucz6vrgvo/machine/submit \u001b[32m200\u001b[0m 6231.440 ms - -\u001b[0m","service":"preplyte-api","timestamp":"2026-02-21 00:16:55"}
{"level":"info","message":"\u001b[0mGET /api/mock-drives/cmluuzn81000gg3vu0s2a9pj7/attempt \u001b[32m200\u001b[0m 12.558 ms - -\u001b[0m","service":"preplyte-api","timestamp":"2026-02-21 00:16:55"}
{"level":"info","message":"\u001b[0mGET /api/mock-drives/cmluuzn81000gg3vu0s2a9pj7/attempt \u001b[33m401\u001b[0m 1.412 ms - 108\u001b[0m","service":"preplyte-api","timestamp":"2026-02-21 00:17:25"}
{"level":"info","message":"Token refreshed successfully","service":"preplyte-api","timestamp":"2026-02-21 00:17:25","userId":"cmluqlns4000gp3qc2r9ju34o"}
{"level":"info","message":"\u001b[0mPOST /api/auth/refresh \u001b[32m200\u001b[0m 35.407 ms - -\u001b[0m","service":"preplyte-api","timestamp":"2026-02-21 00:17:25"}
{"level":"info","message":"\u001b[0mGET /api/mock-drives/cmluuzn81000gg3vu0s2a9pj7/attempt \u001b[32m200\u001b[0m 15.031 ms - -\u001b[0m","service":"preplyte-api","timestamp":"2026-02-21 00:17:25"}
{"level":"info","message":"\u001b[0mGET /api/mock-drives/cmluuzn81000gg3vu0s2a9pj7/attempt \u001b[32m200\u001b[0m 16.668 ms - -\u001b[0m","service":"preplyte-api","timestamp":"2026-02-21 00:17:55"}
{"hasCustomInput":false,"languageId":91,"level":"info","message":"[MachineExecutor] Running code with custom input","questionId":"cmlv87nqk0013d64f60nv0zdi","service":"preplyte-api","timestamp":"2026-02-21 00:17:58"}
{"languageId":91,"level":"info","message":"[MachineExecutor] Running code with custom input","service":"preplyte-api","timestamp":"2026-02-21 00:17:58"}
{"level":"info","message":"\u001b[0mPOST /api/mock-drives/cmluuzn81000gg3vu0s2a9pj7/modules/cmluuzn8c000ig3vucz6vrgvo/machine/run \u001b[32m200\u001b[0m 1769.818 ms - -\u001b[0m","service":"preplyte-api","timestamp":"2026-02-21 00:18:00"}
{"languageId":91,"level":"info","message":"[MachineExecutor] Executing code against test cases","service":"preplyte-api","testCaseCount":4,"timeLimit":5,"timestamp":"2026-02-21 00:18:02"}
{"level":"info","message":"\u001b[0mPOST /api/mock-drives/cmluuzn81000gg3vu0s2a9pj7/modules/cmluuzn8c000ig3vucz6vrgvo/machine/submit \u001b[32m200\u001b[0m 6102.327 ms - -\u001b[0m","service":"preplyte-api","timestamp":"2026-02-21 00:18:08"}
{"level":"info","message":"\u001b[0mGET /api/mock-drives/cmluuzn81000gg3vu0s2a9pj7/attempt \u001b[32m200\u001b[0m 24.753 ms - -\u001b[0m","service":"preplyte-api","timestamp":"2026-02-21 00:18:08"}
{"level":"info","message":"\u001b[0mGET /api/mock-drives/cmluuzn81000gg3vu0s2a9pj7/attempt \u001b[32m200\u001b[0m 26.369 ms - -\u001b[0m","service":"preplyte-api","timestamp":"2026-02-21 00:18:38"}
{"level":"info","message":"\u001b[0mGET /api/mock-drives/cmluuzn81000gg3vu0s2a9pj7/attempt \u001b[32m200\u001b[0m 6.224 ms - -\u001b[0m","service":"preplyte-api","timestamp":"2026-02-21 00:19:08"}
{"level":"info","message":"\u001b[0mPOST /api/mock-drives/cmluuzn81000gg3vu0s2a9pj7/modules/cmluuzn8c000ig3vucz6vrgvo/submit \u001b[32m200\u001b[0m 43.862 ms - 705\u001b[0m","service":"preplyte-api","timestamp":"2026-02-21 00:19:33"}
{"level":"info","message":"\u001b[0mGET /api/mock-drives/cmluuzn81000gg3vu0s2a9pj7/attempt \u001b[32m200\u001b[0m 21.315 ms - -\u001b[0m","service":"preplyte-api","timestamp":"2026-02-21 00:19:33"}
{"level":"info","message":"\u001b[0mGET /api/mock-drives/cmluuzn81000gg3vu0s2a9pj7/attempt \u001b[36m304\u001b[0m 11.637 ms - -\u001b[0m","service":"preplyte-api","timestamp":"2026-02-21 00:20:03"}
{"level":"info","message":"\u001b[0mGET /api/mock-drives/cmluuzn81000gg3vu0s2a9pj7/attempt \u001b[36m304\u001b[0m 14.381 ms - -\u001b[0m","service":"preplyte-api","timestamp":"2026-02-21 00:20:16"}
{"difficulty":"ENTRY","jobTitle":"Software Engineer","level":"info","message":"[MockDrive:Interview] Initializing interview module","service":"preplyte-api","timestamp":"2026-02-21 00:20:18","userId":"cmluqlns4000gp3qc2r9ju34o"}
{"level":"info","message":"[ResumeParser] Parsing resume by ID","resumeId":"cmlut26sc0006u09qpoqise54","service":"preplyte-api","timestamp":"2026-02-21 00:20:18","userId":"cmluqlns4000gp3qc2r9ju34o"}
{"level":"info","message":"[ResumeParser] Resume parsed successfully","resumeId":"cmlut26sc0006u09qpoqise54","service":"preplyte-api","timestamp":"2026-02-21 00:20:21"}
{"level":"info","message":"[MockDrive:Interview] Interview initialized successfully","service":"preplyte-api","timestamp":"2026-02-21 00:20:21"}
{"level":"info","message":"\u001b[0mPOST /api/mock-drives/cmluuzn81000gg3vu0s2a9pj7/modules/cmluuzn8c000jg3vu8b0cbhcw/start \u001b[32m200\u001b[0m 2999.800 ms - -\u001b[0m","service":"preplyte-api","timestamp":"2026-02-21 00:20:21"}
{"level":"info","message":"\u001b[0mGET /api/mock-drives/cmluuzn81000gg3vu0s2a9pj7/attempt \u001b[32m200\u001b[0m 19.750 ms - -\u001b[0m","service":"preplyte-api","timestamp":"2026-02-21 00:20:21"}
{"level":"info","message":"\u001b[0mPOST /api/mock-drives/cmluuzn81000gg3vu0s2a9pj7/modules/cmluuzn8c000jg3vu8b0cbhcw/interview/audio-question \u001b[32m200\u001b[0m 19189.327 ms - -\u001b[0m","service":"preplyte-api","timestamp":"2026-02-21 00:20:41"}
{"level":"info","message":"\u001b[0mGET /api/mock-drives/cmluuzn81000gg3vu0s2a9pj7 \u001b[33m401\u001b[0m 1.056 ms - 108\u001b[0m","service":"preplyte-api","timestamp":"2026-02-21 00:20:48"}
{"level":"info","message":"\u001b[0mGET /api/mock-drives/cmluuzn81000gg3vu0s2a9pj7/attempt \u001b[33m401\u001b[0m 1.351 ms - 108\u001b[0m","service":"preplyte-api","timestamp":"2026-02-21 00:20:48"}
{"level":"warn","message":"Refresh token reuse detected","revokedAt":"2026-02-20T18:32:02.135Z","service":"preplyte-api","timestamp":"2026-02-21 00:20:49","tokenId":"cmlv7neui0007d64fbk7jk5y7","userId":"cmluqlns4000gp3qc2r9ju34o"}
{"level":"info","message":"User logged out from all devices","service":"preplyte-api","timestamp":"2026-02-21 00:20:49","userId":"cmluqlns4000gp3qc2r9ju34o"}
{"code":"UNAUTHORIZED","ip":"127.0.0.1","level":"warn","message":"Operational error Token reuse detected. All sessions have been revoked for security.","method":"POST","path":"/api/auth/refresh","requestId":"mlv8wm0u-d0bf212757650d9d","service":"preplyte-api","timestamp":"2026-02-21 00:20:49","userAgent":"Mozilla/5.0 (Windows NT 10.0; Win64; x64) AppleWebKit/537.36 (KHTML, like Gecko) Chrome/144.0.0.0 Safari/537.36"}
{"level":"info","message":"\u001b[0mPOST /api/auth/refresh \u001b[33m401\u001b[0m 68.505 ms - 168\u001b[0m","service":"preplyte-api","timestamp":"2026-02-21 00:20:49"}
{"level":"info","message":"\u001b[0mGET /api/mock-drives/cmluuzn81000gg3vu0s2a9pj7/attempt \u001b[33m401\u001b[0m 0.723 ms - 85\u001b[0m","service":"preplyte-api","timestamp":"2026-02-21 00:20:50"}
{"level":"info","message":"\u001b[0mGET /api/mock-drives/cmluuzn81000gg3vu0s2a9pj7 \u001b[33m401\u001b[0m 0.955 ms - 85\u001b[0m","service":"preplyte-api","timestamp":"2026-02-21 00:20:50"}
{"level":"info","message":"User logged in","service":"preplyte-api","timestamp":"2026-02-21 00:21:08","userId":"cmluqlns4000gp3qc2r9ju34o"}
{"level":"info","message":"\u001b[0mPOST /api/auth/login \u001b[32m200\u001b[0m 373.959 ms - -\u001b[0m","service":"preplyte-api","timestamp":"2026-02-21 00:21:08"}
{"level":"info","message":"\u001b[0mGET /api/dashboard/student \u001b[32m200\u001b[0m 374.028 ms - 1012\u001b[0m","service":"preplyte-api","timestamp":"2026-02-21 00:21:11"}
{"level":"info","message":"\u001b[0mGET /api/mock-drives?page=1&limit=10&status=PUBLISHED%2CREGISTRATION_OPEN%2CREGISTRATION_CLOSED%2CIN_PROGRESS \u001b[32m200\u001b[0m 111.853 ms - -\u001b[0m","service":"preplyte-api","timestamp":"2026-02-21 00:21:12"}
{"level":"info","message":"\u001b[0mGET /api/mock-drives/cmluuzn81000gg3vu0s2a9pj7/eligibility \u001b[36m304\u001b[0m 154.473 ms - -\u001b[0m","service":"preplyte-api","timestamp":"2026-02-21 00:21:16"}
{"level":"info","message":"\u001b[0mGET /api/mock-drives/cmluuzn81000gg3vu0s2a9pj7 \u001b[36m304\u001b[0m 165.549 ms - -\u001b[0m","service":"preplyte-api","timestamp":"2026-02-21 00:21:16"}
{"level":"info","message":"\u001b[0mGET /api/mock-drives/cmluuzn81000gg3vu0s2a9pj7/attempt \u001b[32m200\u001b[0m 53.836 ms - -\u001b[0m","service":"preplyte-api","timestamp":"2026-02-21 00:21:18"}
{"level":"info","message":"\u001b[0mPOST /api/mock-drives/cmluuzn81000gg3vu0s2a9pj7/modules/cmluuzn8c000jg3vu8b0cbhcw/interview/audio-question \u001b[32m200\u001b[0m 19556.450 ms - -\u001b[0m","service":"preplyte-api","timestamp":"2026-02-21 00:21:37"}
{"level":"info","message":"[STT] Transcribing audio buffer","service":"preplyte-api","size":73728,"timestamp":"2026-02-21 00:22:16"}
{"level":"info","message":"\u001b[0mGET /api/mock-drives/cmluuzn81000gg3vu0s2a9pj7/attempt \u001b[32m200\u001b[0m 21.814 ms - -\u001b[0m","service":"preplyte-api","timestamp":"2026-02-21 00:22:18"}
{"code":"INTERNAL_ERROR","isOperational":false,"level":"error","message":"[STT] Transcription failed No transcription result","name":"InternalError","service":"preplyte-api","stack":"InternalError: No transcription result\n    at SpeechToTextService.transcribeBuffer (C:\\Users\\Raj Bhoite\\Desktop\\WD\\preplytef\\backend\\src\\module\\practice\\interview\\services\\speech-to-text.service.ts:236:15)\n    at process.processTicksAndRejections (node:internal/process/task_queues:95:5)\n    at async InterviewModuleExecutor.transcribeAudio (C:\\Users\\Raj Bhoite\\Desktop\\WD\\preplytef\\backend\\src\\module\\mock-drive\\attempt\\executors\\interview.executor.ts:637:29)\n    at async InterviewModuleExecutor.handleRespond (C:\\Users\\Raj Bhoite\\Desktop\\WD\\preplytef\\backend\\src\\module\\mock-drive\\attempt\\executors\\interview.executor.ts:342:16)\n    at async AttemptService.handleModuleAction (C:\\Users\\Raj Bhoite\\Desktop\\WD\\preplytef\\backend\\src\\module\\mock-drive\\attempt\\attempt.service.ts:248:25)\n    at async submitInterviewResponse (C:\\Users\\Raj Bhoite\\Desktop\\WD\\preplytef\\backend\\src\\module\\mock-drive\\attempt\\attempt.controller.ts:289:22)","statusCode":500,"timestamp":"2026-02-21 00:22:18"}
{"code":"INTERNAL_ERROR","isOperational":false,"level":"error","message":"[MockDrive:Interview] Audio transcription failed Failed to transcribe audio","name":"InternalError","service":"preplyte-api","stack":"InternalError: Failed to transcribe audio\n    at SpeechToTextService.transcribeBuffer (C:\\Users\\Raj Bhoite\\Desktop\\WD\\preplytef\\backend\\src\\module\\practice\\interview\\services\\speech-to-text.service.ts:257:13)\n    at process.processTicksAndRejections (node:internal/process/task_queues:95:5)\n    at async InterviewModuleExecutor.transcribeAudio (C:\\Users\\Raj Bhoite\\Desktop\\WD\\preplytef\\backend\\src\\module\\mock-drive\\attempt\\executors\\interview.executor.ts:637:29)\n    at async InterviewModuleExecutor.handleRespond (C:\\Users\\Raj Bhoite\\Desktop\\WD\\preplytef\\backend\\src\\module\\mock-drive\\attempt\\executors\\interview.executor.ts:342:16)\n    at async AttemptService.handleModuleAction (C:\\Users\\Raj Bhoite\\Desktop\\WD\\preplytef\\backend\\src\\module\\mock-drive\\attempt\\attempt.service.ts:248:25)\n    at async submitInterviewResponse (C:\\Users\\Raj Bhoite\\Desktop\\WD\\preplytef\\backend\\src\\module\\mock-drive\\attempt\\attempt.controller.ts:289:22)","statusCode":500,"timestamp":"2026-02-21 00:22:19"}
{"code":"BAD_REQUEST","ip":"127.0.0.1","level":"warn","message":"Operational error Failed to transcribe audio response","method":"POST","path":"/api/mock-drives/cmluuzn81000gg3vu0s2a9pj7/modules/cmluuzn8c000jg3vu8b0cbhcw/interview/respond","requestId":"d8f12275-7f41-4bbc-80fa-443332580834","service":"preplyte-api","timestamp":"2026-02-21 00:22:19","userAgent":"Mozilla/5.0 (Windows NT 10.0; Win64; x64) AppleWebKit/537.36 (KHTML, like Gecko) Chrome/144.0.0.0 Safari/537.36","userId":"cmluqlns4000gp3qc2r9ju34o"}
{"level":"info","message":"\u001b[0mPOST /api/mock-drives/cmluuzn81000gg3vu0s2a9pj7/modules/cmluuzn8c000jg3vu8b0cbhcw/interview/respond \u001b[33m400\u001b[0m 2766.951 ms - 147\u001b[0m","service":"preplyte-api","timestamp":"2026-02-21 00:22:19"}
{"level":"info","message":"\u001b[0mGET /api/mock-drives/cmluuzn81000gg3vu0s2a9pj7/attempt \u001b[32m200\u001b[0m 28.291 ms - -\u001b[0m","service":"preplyte-api","timestamp":"2026-02-21 00:22:48"}
{"level":"info","message":"\u001b[0mGET /api/mock-drives/cmluuzn81000gg3vu0s2a9pj7/attempt \u001b[32m200\u001b[0m 37.513 ms - -\u001b[0m","service":"preplyte-api","timestamp":"2026-02-21 00:23:18"}
{"level":"info","message":"[MockDrive:Interview] Finalizing interview","responseCount":0,"service":"preplyte-api","targetQuestions":5,"timestamp":"2026-02-21 00:23:22"}
{"isPassed":false,"level":"info","message":"[MockDrive:Interview] Interview finalized","overallScore":0,"service":"preplyte-api","timestamp":"2026-02-21 00:23:22"}
{"level":"info","message":"\u001b[0mPOST /api/mock-drives/cmluuzn81000gg3vu0s2a9pj7/modules/cmluuzn8c000jg3vu8b0cbhcw/submit \u001b[32m200\u001b[0m 444.313 ms - 253\u001b[0m","service":"preplyte-api","timestamp":"2026-02-21 00:23:22"}
{"level":"info","message":"\u001b[0mGET /api/mock-drives/cmluuzn81000gg3vu0s2a9pj7/attempt \u001b[32m200\u001b[0m 149.580 ms - 957\u001b[0m","service":"preplyte-api","timestamp":"2026-02-21 00:23:22"}
{"level":"info","message":"\u001b[0mGET /api/mock-drives/cmluuzn81000gg3vu0s2a9pj7/report \u001b[32m200\u001b[0m 67.160 ms - -\u001b[0m","service":"preplyte-api","timestamp":"2026-02-21 00:23:38"}
{"level":"info","message":"\u001b[0mGET /api/leaderboard/config \u001b[36m304\u001b[0m 11.733 ms - -\u001b[0m","service":"preplyte-api","timestamp":"2026-02-21 00:24:18"}
{"category":"aptitude","level":"info","limit":20,"message":"[LeaderboardService] Fetching leaderboard","page":1,"scope":"global","service":"preplyte-api","timestamp":"2026-02-21 00:24:18","userId":"cmluqlns4000gp3qc2r9ju34o"}
{"level":"info","message":"\u001b[0mGET /api/leaderboard/my-scores \u001b[32m200\u001b[0m 53.976 ms - 156\u001b[0m","service":"preplyte-api","timestamp":"2026-02-21 00:24:18"}
{"level":"info","message":"\u001b[0mGET /api/leaderboard?scope=global&category=aptitude&page=1&limit=20 \u001b[32m200\u001b[0m 140.195 ms - 541\u001b[0m","service":"preplyte-api","timestamp":"2026-02-21 00:24:18"}
{"level":"info","message":"\u001b[0mGET /api/mock-drives/cmluuzn81000gg3vu0s2a9pj7/report \u001b[36m304\u001b[0m 91.995 ms - -\u001b[0m","service":"preplyte-api","timestamp":"2026-02-21 00:24:45"}
{"level":"info","message":"\u001b[0mGET /api/mock-drives/cmluuzn81000gg3vu0s2a9pj7/eligibility \u001b[36m304\u001b[0m 203.787 ms - -\u001b[0m","service":"preplyte-api","timestamp":"2026-02-21 00:26:51"}
{"level":"info","message":"\u001b[0mGET /api/mock-drives/cmluuzn81000gg3vu0s2a9pj7 \u001b[36m304\u001b[0m 210.042 ms - -\u001b[0m","service":"preplyte-api","timestamp":"2026-02-21 00:26:51"}
{"level":"info","message":"\u001b[0mGET /api/mock-drives/cmluuzn81000gg3vu0s2a9pj7/leaderboard?page=1&limit=20 \u001b[32m200\u001b[0m 133.693 ms - -\u001b[0m","service":"preplyte-api","timestamp":"2026-02-21 00:27:04"}
{"level":"info","message":"\u001b[0mGET /api/mock-drives/cmluuzn81000gg3vu0s2a9pj7/leaderboard/my-rank \u001b[32m200\u001b[0m 77.064 ms - 977\u001b[0m","service":"preplyte-api","timestamp":"2026-02-21 00:27:04"}
{"level":"info","message":"\u001b[0mGET /api/mock-drives/cmluuzn81000gg3vu0s2a9pj7/eligibility \u001b[33m401\u001b[0m 0.870 ms - 108\u001b[0m","service":"preplyte-api","timestamp":"2026-02-21 00:28:51"}
{"level":"info","message":"\u001b[0mGET /api/mock-drives/cmluuzn81000gg3vu0s2a9pj7 \u001b[33m401\u001b[0m 0.833 ms - 108\u001b[0m","service":"preplyte-api","timestamp":"2026-02-21 00:28:51"}
{"level":"info","message":"\u001b[0mGET /api/mock-drives/cmluuzn81000gg3vu0s2a9pj7/leaderboard/my-rank \u001b[36m304\u001b[0m 61.189 ms - -\u001b[0m","service":"preplyte-api","timestamp":"2026-02-21 00:28:51"}
{"level":"info","message":"\u001b[0mGET /api/mock-drives/cmluuzn81000gg3vu0s2a9pj7/leaderboard?page=1&limit=20 \u001b[36m304\u001b[0m 87.529 ms - -\u001b[0m","service":"preplyte-api","timestamp":"2026-02-21 00:28:51"}
{"level":"info","message":"\u001b[0mGET /api/mock-drives/cmluuzn81000gg3vu0s2a9pj7 \u001b[36m304\u001b[0m 101.860 ms - -\u001b[0m","service":"preplyte-api","timestamp":"2026-02-21 00:28:51"}
{"level":"info","message":"\u001b[0mGET /api/institute/mock-drive/cmluuzn81000gg3vu0s2a9pj7 \u001b[33m401\u001b[0m 1.002 ms - 108\u001b[0m","service":"preplyte-api","timestamp":"2026-02-21 00:28:51"}
{"level":"info","message":"\u001b[0mGET /api/institute/mock-drive/cmluuzn81000gg3vu0s2a9pj7/stats \u001b[33m401\u001b[0m 0.887 ms - 108\u001b[0m","service":"preplyte-api","timestamp":"2026-02-21 00:28:51"}
{"level":"info","message":"Token refreshed successfully","service":"preplyte-api","timestamp":"2026-02-21 00:28:51","userId":"cmluqfswb0007p3qckrd6vla6"}
{"level":"info","message":"\u001b[0mPOST /api/auth/refresh \u001b[32m200\u001b[0m 45.037 ms - -\u001b[0m","service":"preplyte-api","timestamp":"2026-02-21 00:28:51"}
{"level":"info","message":"Token refreshed successfully","service":"preplyte-api","timestamp":"2026-02-21 00:28:51","userId":"cmluqaidk0003zwnltac2vpan"}
{"level":"info","message":"\u001b[0mPOST /api/auth/refresh \u001b[32m200\u001b[0m 101.052 ms - -\u001b[0m","service":"preplyte-api","timestamp":"2026-02-21 00:28:51"}
{"level":"info","message":"\u001b[0mGET /api/mock-drives/cmluuzn81000gg3vu0s2a9pj7 \u001b[32m200\u001b[0m 161.913 ms - -\u001b[0m","service":"preplyte-api","timestamp":"2026-02-21 00:28:51"}
{"level":"info","message":"\u001b[0mGET /api/mock-drives/cmluuzn81000gg3vu0s2a9pj7/eligibility \u001b[32m200\u001b[0m 168.241 ms - 358\u001b[0m","service":"preplyte-api","timestamp":"2026-02-21 00:28:51"}
{"level":"info","message":"\u001b[0mGET /api/institute/mock-drive/cmluuzn81000gg3vu0s2a9pj7/stats \u001b[32m200\u001b[0m 65.195 ms - 263\u001b[0m","service":"preplyte-api","timestamp":"2026-02-21 00:28:51"}
{"level":"info","message":"\u001b[0mGET /api/institute/mock-drive/cmluuzn81000gg3vu0s2a9pj7 \u001b[32m200\u001b[0m 71.992 ms - -\u001b[0m","service":"preplyte-api","timestamp":"2026-02-21 00:28:51"}
